2026-02-03 22:11:31,198 - __main__ - INFO - Starting Autobahn Continuous CMAB Training
2026-02-03 22:11:32,198 - __main__ - INFO - metrics_dir=/home/ccclr0302/autobahn/metrics-0 parameters_file=/home/ccclr0302/autobahn-test/benchmark/.parameters-0.json
2026-02-03 22:11:33,198 - cmab.trainer - INFO - Initializing CMAB training loop...
2026-02-03 22:11:34,198 - cmab.trainer - INFO - Policy: random
2026-02-03 22:11:35,198 - cmab.trainer - INFO - Iterations: 200
2026-02-03 22:11:36,198 - cmab.trainer - INFO - No existing metrics file, waiting for epoch 0...
2026-02-03 22:11:38,198 - cmab.trainer - INFO - Updated parameters file: /home/ccclr0302/autobahn-test/benchmark/.parameters-0.json
2026-02-03 22:11:39,198 - cmab.trainer - INFO - 🚩 Created RL parameter update signal file (epoch 0): /tmp/autobahn_rl_param_update_0.signal
2026-02-03 22:11:40,198 - cmab.trainer - INFO - Applied params: {'batch_size': 500000, 'header_size': 32, 'cut_condition_type': 3, 'fast_path_timeout': 200, 'k': 1}
2026-02-03 22:11:41,198 - cmab.trainer - INFO - Waiting for next metrics file...
2026-02-03 22:12:01,198 - cmab.trainer - INFO - Iteration 1 : context=[13.619431   1.0643466  1.0643466  0.         0.       ] arm=0.         0.5605232  0.52823365 4.2738214  0.        ]batch_size=500000,header_size=32,cut_condition_type=3,fast_path_timeout=200,k=1 params={'batch_size': 500000, 'header_size': 32, 'cut_condition_type': 3, 'fast_path_timeout': 200, 'k': 1}
2026-02-03 22:12:02,198 - cmab.trainer - INFO - Iteration 1 reward=0.722789 avg_reward(20)=0.722789 last_metrics=epoch_1_slot_36.json top_arm=batch_size=500000,header_size=32,cut_condition_type=3,fast_path_timeout=200,k=1 top_ratio=1.00
2026-02-03 22:12:03,198 - cmab.trainer - INFO - Updated parameters file: /home/ccclr0302/autobahn-test/benchmark/.parameters-0.json
2026-02-03 22:12:04,198 - cmab.trainer - INFO - 🚩 Created RL parameter update signal file (epoch 1): /tmp/autobahn_rl_param_update_1.signal
2026-02-03 22:12:05,198 - cmab.trainer - INFO - Applied params: {'batch_size': 500000, 'header_size': 32, 'cut_condition_type': 3, 'fast_path_timeout': 200, 'k': 1}
2026-02-03 22:12:06,198 - cmab.trainer - INFO - Waiting for next metrics file...
2026-02-03 22:12:26,198 - cmab.trainer - INFO - Iteration 2 : context=[0.5824281  0.53289855 4.3466754  0.         0.        ] arm=0.         0.59359556 0.53098565 4.1310563  0.        ]batch_size=500000,header_size=32,cut_condition_type=3,fast_path_timeout=200,k=1 params={'batch_size': 500000, 'header_size': 32, 'cut_condition_type': 3, 'fast_path_timeout': 200, 'k': 1}
2026-02-03 22:12:27,198 - cmab.trainer - INFO - Iteration 2 reward=0.726610 avg_reward(20)=0.724700 last_metrics=epoch_2_slot_66.json top_arm=batch_size=500000,header_size=32,cut_condition_type=3,fast_path_timeout=200,k=1 top_ratio=1.00
2026-02-03 22:12:28,198 - cmab.trainer - INFO - Updated parameters file: /home/ccclr0302/autobahn-test/benchmark/.parameters-0.json
2026-02-03 22:12:29,198 - cmab.trainer - INFO - 🚩 Created RL parameter update signal file (epoch 2): /tmp/autobahn_rl_param_update_2.signal
2026-02-03 22:12:30,198 - cmab.trainer - INFO - Applied params: {'batch_size': 500000, 'header_size': 32, 'cut_condition_type': 3, 'fast_path_timeout': 200, 'k': 1}
2026-02-03 22:12:31,198 - cmab.trainer - INFO - Waiting for next metrics file...
2026-02-03 22:12:51,198 - cmab.trainer - INFO - Iteration 3 : context=[0.         0.59359556 0.53098565 4.1310563  0.        ] arm=0.         0.5605232  0.52823365 4.2738214  0.        ]batch_size=500000,header_size=32,cut_condition_type=3,fast_path_timeout=200,k=1 params={'batch_size': 500000, 'header_size': 32, 'cut_condition_type': 3, 'fast_path_timeout': 200, 'k': 1}
2026-02-03 22:12:52,198 - cmab.trainer - INFO - Iteration 3 reward=0.722789 avg_reward(20)=0.724063 last_metrics=epoch_3_slot_96.json top_arm=batch_size=500000,header_size=32,cut_condition_type=3,fast_path_timeout=200,k=1 top_ratio=1.00
2026-02-03 22:12:53,198 - cmab.trainer - INFO - Updated parameters file: /home/ccclr0302/autobahn-test/benchmark/.parameters-0.json
2026-02-03 22:12:54,198 - cmab.trainer - INFO - 🚩 Created RL parameter update signal file (epoch 3): /tmp/autobahn_rl_param_update_3.signal
2026-02-03 22:12:55,198 - cmab.trainer - INFO - Applied params: {'batch_size': 500000, 'header_size': 32, 'cut_condition_type': 3, 'fast_path_timeout': 200, 'k': 1}
2026-02-03 22:12:56,198 - cmab.trainer - INFO - Waiting for next metrics file...
2026-02-03 22:13:16,198 - cmab.trainer - INFO - Iteration 4 : context=[0.        4.349718  0.5339914 0.5339914 0.       ] arm=0.        4.349718  0.5339914 0.5339914 0.       ]batch_size=500000,header_size=32,cut_condition_type=3,fast_path_timeout=200,k=1 params={'batch_size': 500000, 'header_size': 32, 'cut_condition_type': 3, 'fast_path_timeout': 200, 'k': 1}
2026-02-03 22:13:17,198 - cmab.trainer - INFO - Iteration 4 reward=0.602325 avg_reward(20)=0.693628 last_metrics=epoch_4_slot_126.json top_arm=batch_size=500000,header_size=32,cut_condition_type=3,fast_path_timeout=200,k=1 top_ratio=1.00
2026-02-03 22:13:18,198 - cmab.trainer - INFO - Updated parameters file: /home/ccclr0302/autobahn-test/benchmark/.parameters-0.json
2026-02-03 22:13:19,198 - cmab.trainer - INFO - 🚩 Created RL parameter update signal file (epoch 4): /tmp/autobahn_rl_param_update_4.signal
2026-02-03 22:13:20,198 - cmab.trainer - INFO - Applied params: {'batch_size': 500000, 'header_size': 32, 'cut_condition_type': 3, 'fast_path_timeout': 200, 'k': 1}
2026-02-03 22:13:21,198 - cmab.trainer - INFO - Waiting for next metrics file...
2026-02-03 22:13:41,198 - cmab.trainer - INFO - Iteration 5 : context=[0.         0.5605232  0.52823365 4.2738214  0.        ] arm=13.619431   1.0643466  1.0643466  0.         0.       ]batch_size=500000,header_size=32,cut_condition_type=3,fast_path_timeout=200,k=1 params={'batch_size': 500000, 'header_size': 32, 'cut_condition_type': 3, 'fast_path_timeout': 200, 'k': 1}
2026-02-03 22:13:42,198 - cmab.trainer - INFO - Iteration 5 reward=0.698329 avg_reward(20)=0.694568 last_metrics=epoch_5_slot_156.json top_arm=batch_size=500000,header_size=32,cut_condition_type=3,fast_path_timeout=200,k=1 top_ratio=1.00
2026-02-03 22:13:43,198 - cmab.trainer - INFO - Updated parameters file: /home/ccclr0302/autobahn-test/benchmark/.parameters-0.json
2026-02-03 22:13:44,198 - cmab.trainer - INFO - 🚩 Created RL parameter update signal file (epoch 5): /tmp/autobahn_rl_param_update_5.signal
2026-02-03 22:13:45,198 - cmab.trainer - INFO - Applied params: {'batch_size': 500000, 'header_size': 32, 'cut_condition_type': 3, 'fast_path_timeout': 200, 'k': 1}
2026-02-03 22:13:46,198 - cmab.trainer - INFO - Waiting for next metrics file...
2026-02-03 22:14:06,198 - cmab.trainer - INFO - Iteration 6 : context=[13.619431   1.0643466  1.0643466  0.         0.       ] arm=0.5824281  0.53289855 4.3466754  0.         0.        ]batch_size=500000,header_size=32,cut_condition_type=3,fast_path_timeout=200,k=1 params={'batch_size': 500000, 'header_size': 32, 'cut_condition_type': 3, 'fast_path_timeout': 200, 'k': 1}
2026-02-03 22:14:07,198 - cmab.trainer - INFO - Iteration 6 reward=0.570719 avg_reward(20)=0.673927 last_metrics=epoch_6_slot_36.json top_arm=batch_size=500000,header_size=32,cut_condition_type=3,fast_path_timeout=200,k=1 top_ratio=1.00
2026-02-03 22:14:08,198 - cmab.trainer - INFO - Updated parameters file: /home/ccclr0302/autobahn-test/benchmark/.parameters-0.json
2026-02-03 22:14:09,198 - cmab.trainer - INFO - 🚩 Created RL parameter update signal file (epoch 6): /tmp/autobahn_rl_param_update_6.signal
2026-02-03 22:14:10,198 - cmab.trainer - INFO - Applied params: {'batch_size': 500000, 'header_size': 32, 'cut_condition_type': 3, 'fast_path_timeout': 200, 'k': 1}
2026-02-03 22:14:11,198 - cmab.trainer - INFO - Waiting for next metrics file...
2026-02-03 22:14:31,198 - cmab.trainer - INFO - Iteration 7 : context=[0.5824281  0.53289855 4.3466754  0.         0.        ] arm=0.         0.59359556 0.53098565 4.1310563  0.        ]batch_size=500000,header_size=32,cut_condition_type=3,fast_path_timeout=200,k=1 params={'batch_size': 500000, 'header_size': 32, 'cut_condition_type': 3, 'fast_path_timeout': 200, 'k': 1}
2026-02-03 22:14:32,198 - cmab.trainer - INFO - Iteration 7 reward=0.726610 avg_reward(20)=0.681453 last_metrics=epoch_7_slot_66.json top_arm=batch_size=500000,header_size=32,cut_condition_type=3,fast_path_timeout=200,k=1 top_ratio=1.00
2026-02-03 22:14:33,198 - cmab.trainer - INFO - Updated parameters file: /home/ccclr0302/autobahn-test/benchmark/.parameters-0.json
2026-02-03 22:14:34,198 - cmab.trainer - INFO - 🚩 Created RL parameter update signal file (epoch 7): /tmp/autobahn_rl_param_update_7.signal
2026-02-03 22:14:35,198 - cmab.trainer - INFO - Applied params: {'batch_size': 500000, 'header_size': 32, 'cut_condition_type': 3, 'fast_path_timeout': 200, 'k': 1}
2026-02-03 22:14:36,198 - cmab.trainer - INFO - Waiting for next metrics file...
2026-02-03 22:14:56,198 - cmab.trainer - INFO - Iteration 8 : context=[0.         0.59359556 0.53098565 4.1310563  0.        ] arm=0.5824281  0.53289855 4.3466754  0.         0.        ]batch_size=500000,header_size=32,cut_condition_type=3,fast_path_timeout=200,k=1 params={'batch_size': 500000, 'header_size': 32, 'cut_condition_type': 3, 'fast_path_timeout': 200, 'k': 1}
2026-02-03 22:14:57,198 - cmab.trainer - INFO - Iteration 8 reward=0.570719 avg_reward(20)=0.667611 last_metrics=epoch_8_slot_96.json top_arm=batch_size=500000,header_size=32,cut_condition_type=3,fast_path_timeout=200,k=1 top_ratio=1.00
2026-02-03 22:14:58,198 - cmab.trainer - INFO - Updated parameters file: /home/ccclr0302/autobahn-test/benchmark/.parameters-0.json
2026-02-03 22:14:59,198 - cmab.trainer - INFO - 🚩 Created RL parameter update signal file (epoch 8): /tmp/autobahn_rl_param_update_8.signal
2026-02-03 22:15:00,198 - cmab.trainer - INFO - Applied params: {'batch_size': 500000, 'header_size': 32, 'cut_condition_type': 3, 'fast_path_timeout': 200, 'k': 1}
2026-02-03 22:15:01,198 - cmab.trainer - INFO - Waiting for next metrics file...
2026-02-03 22:15:21,198 - cmab.trainer - INFO - Iteration 9 : context=[0.        4.349718  0.5339914 0.5339914 0.       ] arm=0.        4.349718  0.5339914 0.5339914 0.       ]batch_size=500000,header_size=32,cut_condition_type=3,fast_path_timeout=200,k=1 params={'batch_size': 500000, 'header_size': 32, 'cut_condition_type': 3, 'fast_path_timeout': 200, 'k': 1}
2026-02-03 22:15:22,198 - cmab.trainer - INFO - Iteration 9 reward=0.602325 avg_reward(20)=0.660357 last_metrics=epoch_9_slot_126.json top_arm=batch_size=500000,header_size=32,cut_condition_type=3,fast_path_timeout=200,k=1 top_ratio=1.00
2026-02-03 22:15:23,198 - cmab.trainer - INFO - Updated parameters file: /home/ccclr0302/autobahn-test/benchmark/.parameters-0.json
2026-02-03 22:15:24,198 - cmab.trainer - INFO - 🚩 Created RL parameter update signal file (epoch 9): /tmp/autobahn_rl_param_update_9.signal
2026-02-03 22:15:25,198 - cmab.trainer - INFO - Applied params: {'batch_size': 500000, 'header_size': 32, 'cut_condition_type': 3, 'fast_path_timeout': 200, 'k': 1}
2026-02-03 22:15:26,198 - cmab.trainer - INFO - Waiting for next metrics file...
2026-02-03 22:15:46,198 - cmab.trainer - INFO - Iteration 10 : context=[0.         0.5605232  0.52823365 4.2738214  0.        ] arm=0.         0.5605232  0.52823365 4.2738214  0.        ]batch_size=500000,header_size=32,cut_condition_type=3,fast_path_timeout=200,k=1 params={'batch_size': 500000, 'header_size': 32, 'cut_condition_type': 3, 'fast_path_timeout': 200, 'k': 1}
2026-02-03 22:15:47,198 - cmab.trainer - INFO - Iteration 10 reward=0.722789 avg_reward(20)=0.666600 last_metrics=epoch_10_slot_156.json top_arm=batch_size=500000,header_size=32,cut_condition_type=3,fast_path_timeout=200,k=1 top_ratio=1.00
2026-02-03 22:15:48,198 - cmab.trainer - INFO - Updated parameters file: /home/ccclr0302/autobahn-test/benchmark/.parameters-0.json
2026-02-03 22:15:49,198 - cmab.trainer - INFO - 🚩 Created RL parameter update signal file (epoch 10): /tmp/autobahn_rl_param_update_10.signal
2026-02-03 22:15:50,198 - cmab.trainer - INFO - Applied params: {'batch_size': 500000, 'header_size': 32, 'cut_condition_type': 3, 'fast_path_timeout': 200, 'k': 1}
2026-02-03 22:15:51,198 - cmab.trainer - INFO - Waiting for next metrics file...
2026-02-03 22:16:11,198 - cmab.trainer - INFO - Iteration 11 : context=[13.619431   1.0643466  1.0643466  0.         0.       ] arm=0.         0.59359556 0.53098565 4.1310563  0.        ]batch_size=500000,header_size=32,cut_condition_type=3,fast_path_timeout=200,k=1 params={'batch_size': 500000, 'header_size': 32, 'cut_condition_type': 3, 'fast_path_timeout': 200, 'k': 1}
2026-02-03 22:16:12,198 - cmab.trainer - INFO - Iteration 11 reward=0.726610 avg_reward(20)=0.672056 last_metrics=epoch_11_slot_36.json top_arm=batch_size=500000,header_size=32,cut_condition_type=3,fast_path_timeout=200,k=1 top_ratio=1.00
2026-02-03 22:16:13,198 - cmab.trainer - INFO - Updated parameters file: /home/ccclr0302/autobahn-test/benchmark/.parameters-0.json
2026-02-03 22:16:14,198 - cmab.trainer - INFO - 🚩 Created RL parameter update signal file (epoch 11): /tmp/autobahn_rl_param_update_11.signal
2026-02-03 22:16:15,198 - cmab.trainer - INFO - Applied params: {'batch_size': 500000, 'header_size': 32, 'cut_condition_type': 3, 'fast_path_timeout': 200, 'k': 1}
2026-02-03 22:16:16,198 - cmab.trainer - INFO - Waiting for next metrics file...
2026-02-03 22:16:36,198 - cmab.trainer - INFO - Iteration 12 : context=[0.5824281  0.53289855 4.3466754  0.         0.        ] arm=0.         0.59359556 0.53098565 4.1310563  0.        ]batch_size=500000,header_size=32,cut_condition_type=3,fast_path_timeout=200,k=1 params={'batch_size': 500000, 'header_size': 32, 'cut_condition_type': 3, 'fast_path_timeout': 200, 'k': 1}
2026-02-03 22:16:37,198 - cmab.trainer - INFO - Iteration 12 reward=0.726610 avg_reward(20)=0.676602 last_metrics=epoch_12_slot_66.json top_arm=batch_size=500000,header_size=32,cut_condition_type=3,fast_path_timeout=200,k=1 top_ratio=1.00
2026-02-03 22:16:38,198 - cmab.trainer - INFO - Updated parameters file: /home/ccclr0302/autobahn-test/benchmark/.parameters-0.json
2026-02-03 22:16:39,198 - cmab.trainer - INFO - 🚩 Created RL parameter update signal file (epoch 12): /tmp/autobahn_rl_param_update_12.signal
2026-02-03 22:16:40,198 - cmab.trainer - INFO - Applied params: {'batch_size': 500000, 'header_size': 32, 'cut_condition_type': 3, 'fast_path_timeout': 200, 'k': 1}
2026-02-03 22:16:41,198 - cmab.trainer - INFO - Waiting for next metrics file...
2026-02-03 22:17:01,198 - cmab.trainer - INFO - Iteration 13 : context=[0.         0.59359556 0.53098565 4.1310563  0.        ] arm=0.         0.5605232  0.52823365 4.2738214  0.        ]batch_size=500000,header_size=32,cut_condition_type=3,fast_path_timeout=200,k=1 params={'batch_size': 500000, 'header_size': 32, 'cut_condition_type': 3, 'fast_path_timeout': 200, 'k': 1}
2026-02-03 22:17:02,198 - cmab.trainer - INFO - Iteration 13 reward=0.722789 avg_reward(20)=0.680155 last_metrics=epoch_13_slot_96.json top_arm=batch_size=500000,header_size=32,cut_condition_type=3,fast_path_timeout=200,k=1 top_ratio=1.00
2026-02-03 22:17:03,198 - cmab.trainer - INFO - Updated parameters file: /home/ccclr0302/autobahn-test/benchmark/.parameters-0.json
2026-02-03 22:17:04,198 - cmab.trainer - INFO - 🚩 Created RL parameter update signal file (epoch 13): /tmp/autobahn_rl_param_update_13.signal
2026-02-03 22:17:05,198 - cmab.trainer - INFO - Applied params: {'batch_size': 500000, 'header_size': 32, 'cut_condition_type': 3, 'fast_path_timeout': 200, 'k': 1}
2026-02-03 22:17:06,198 - cmab.trainer - INFO - Waiting for next metrics file...
2026-02-03 22:17:26,198 - cmab.trainer - INFO - Iteration 14 : context=[0.        4.349718  0.5339914 0.5339914 0.       ] arm=0.         0.59359556 0.53098565 4.1310563  0.        ]batch_size=500000,header_size=32,cut_condition_type=3,fast_path_timeout=200,k=1 params={'batch_size': 500000, 'header_size': 32, 'cut_condition_type': 3, 'fast_path_timeout': 200, 'k': 1}
2026-02-03 22:17:27,198 - cmab.trainer - INFO - Iteration 14 reward=0.726610 avg_reward(20)=0.683473 last_metrics=epoch_14_slot_126.json top_arm=batch_size=500000,header_size=32,cut_condition_type=3,fast_path_timeout=200,k=1 top_ratio=1.00
2026-02-03 22:17:28,198 - cmab.trainer - INFO - Updated parameters file: /home/ccclr0302/autobahn-test/benchmark/.parameters-0.json
2026-02-03 22:17:29,198 - cmab.trainer - INFO - 🚩 Created RL parameter update signal file (epoch 14): /tmp/autobahn_rl_param_update_14.signal
2026-02-03 22:17:30,198 - cmab.trainer - INFO - Applied params: {'batch_size': 500000, 'header_size': 32, 'cut_condition_type': 3, 'fast_path_timeout': 200, 'k': 1}
2026-02-03 22:17:31,198 - cmab.trainer - INFO - Waiting for next metrics file...
2026-02-03 22:17:51,198 - cmab.trainer - INFO - Iteration 15 : context=[0.         0.5605232  0.52823365 4.2738214  0.        ] arm=13.619431   1.0643466  1.0643466  0.         0.       ]batch_size=500000,header_size=32,cut_condition_type=3,fast_path_timeout=200,k=1 params={'batch_size': 500000, 'header_size': 32, 'cut_condition_type': 3, 'fast_path_timeout': 200, 'k': 1}
2026-02-03 22:17:52,198 - cmab.trainer - INFO - Iteration 15 reward=0.698329 avg_reward(20)=0.684463 last_metrics=epoch_15_slot_156.json top_arm=batch_size=500000,header_size=32,cut_condition_type=3,fast_path_timeout=200,k=1 top_ratio=1.00
2026-02-03 22:17:53,198 - cmab.trainer - INFO - Updated parameters file: /home/ccclr0302/autobahn-test/benchmark/.parameters-0.json
2026-02-03 22:17:54,198 - cmab.trainer - INFO - 🚩 Created RL parameter update signal file (epoch 15): /tmp/autobahn_rl_param_update_15.signal
2026-02-03 22:17:55,198 - cmab.trainer - INFO - Applied params: {'batch_size': 500000, 'header_size': 32, 'cut_condition_type': 3, 'fast_path_timeout': 200, 'k': 1}
2026-02-03 22:17:56,198 - cmab.trainer - INFO - Waiting for next metrics file...
2026-02-03 22:18:16,198 - cmab.trainer - INFO - Iteration 16 : context=[13.619431   1.0643466  1.0643466  0.         0.       ] arm=13.619431   1.0643466  1.0643466  0.         0.       ]batch_size=500000,header_size=32,cut_condition_type=3,fast_path_timeout=200,k=1 params={'batch_size': 500000, 'header_size': 32, 'cut_condition_type': 3, 'fast_path_timeout': 200, 'k': 1}
2026-02-03 22:18:17,198 - cmab.trainer - INFO - Iteration 16 reward=0.698329 avg_reward(20)=0.685330 last_metrics=epoch_16_slot_36.json top_arm=batch_size=500000,header_size=32,cut_condition_type=3,fast_path_timeout=200,k=1 top_ratio=1.00
2026-02-03 22:18:18,198 - cmab.trainer - INFO - Updated parameters file: /home/ccclr0302/autobahn-test/benchmark/.parameters-0.json
2026-02-03 22:18:19,198 - cmab.trainer - INFO - 🚩 Created RL parameter update signal file (epoch 16): /tmp/autobahn_rl_param_update_16.signal
2026-02-03 22:18:20,198 - cmab.trainer - INFO - Applied params: {'batch_size': 500000, 'header_size': 32, 'cut_condition_type': 3, 'fast_path_timeout': 200, 'k': 1}
2026-02-03 22:18:21,198 - cmab.trainer - INFO - Waiting for next metrics file...
2026-02-03 22:18:41,198 - cmab.trainer - INFO - Iteration 17 : context=[0.5824281  0.53289855 4.3466754  0.         0.        ] arm=0.         0.59359556 0.53098565 4.1310563  0.        ]batch_size=500000,header_size=32,cut_condition_type=3,fast_path_timeout=200,k=1 params={'batch_size': 500000, 'header_size': 32, 'cut_condition_type': 3, 'fast_path_timeout': 200, 'k': 1}
2026-02-03 22:18:42,198 - cmab.trainer - INFO - Iteration 17 reward=0.726610 avg_reward(20)=0.687758 last_metrics=epoch_17_slot_66.json top_arm=batch_size=500000,header_size=32,cut_condition_type=3,fast_path_timeout=200,k=1 top_ratio=1.00
2026-02-03 22:18:43,198 - cmab.trainer - INFO - Updated parameters file: /home/ccclr0302/autobahn-test/benchmark/.parameters-0.json
2026-02-03 22:18:44,198 - cmab.trainer - INFO - 🚩 Created RL parameter update signal file (epoch 17): /tmp/autobahn_rl_param_update_17.signal
2026-02-03 22:18:45,198 - cmab.trainer - INFO - Applied params: {'batch_size': 500000, 'header_size': 32, 'cut_condition_type': 3, 'fast_path_timeout': 200, 'k': 1}
2026-02-03 22:18:46,198 - cmab.trainer - INFO - Waiting for next metrics file...
2026-02-03 22:19:06,198 - cmab.trainer - INFO - Iteration 18 : context=[0.         0.59359556 0.53098565 4.1310563  0.        ] arm=13.619431   1.0643466  1.0643466  0.         0.       ]batch_size=500000,header_size=32,cut_condition_type=3,fast_path_timeout=200,k=1 params={'batch_size': 500000, 'header_size': 32, 'cut_condition_type': 3, 'fast_path_timeout': 200, 'k': 1}
2026-02-03 22:19:07,198 - cmab.trainer - INFO - Iteration 18 reward=0.698329 avg_reward(20)=0.688346 last_metrics=epoch_18_slot_96.json top_arm=batch_size=500000,header_size=32,cut_condition_type=3,fast_path_timeout=200,k=1 top_ratio=1.00
2026-02-03 22:19:08,198 - cmab.trainer - INFO - Updated parameters file: /home/ccclr0302/autobahn-test/benchmark/.parameters-0.json
2026-02-03 22:19:09,198 - cmab.trainer - INFO - 🚩 Created RL parameter update signal file (epoch 18): /tmp/autobahn_rl_param_update_18.signal
2026-02-03 22:19:10,198 - cmab.trainer - INFO - Applied params: {'batch_size': 500000, 'header_size': 32, 'cut_condition_type': 3, 'fast_path_timeout': 200, 'k': 1}
2026-02-03 22:19:11,198 - cmab.trainer - INFO - Waiting for next metrics file...
2026-02-03 22:19:31,198 - cmab.trainer - INFO - Iteration 19 : context=[0.        4.349718  0.5339914 0.5339914 0.       ] arm=0.         0.5605232  0.52823365 4.2738214  0.        ]batch_size=500000,header_size=32,cut_condition_type=3,fast_path_timeout=200,k=1 params={'batch_size': 500000, 'header_size': 32, 'cut_condition_type': 3, 'fast_path_timeout': 200, 'k': 1}
2026-02-03 22:19:32,198 - cmab.trainer - INFO - Iteration 19 reward=0.722789 avg_reward(20)=0.690158 last_metrics=epoch_19_slot_126.json top_arm=batch_size=500000,header_size=32,cut_condition_type=3,fast_path_timeout=200,k=1 top_ratio=1.00
2026-02-03 22:19:33,198 - cmab.trainer - INFO - Updated parameters file: /home/ccclr0302/autobahn-test/benchmark/.parameters-0.json
2026-02-03 22:19:34,198 - cmab.trainer - INFO - 🚩 Created RL parameter update signal file (epoch 19): /tmp/autobahn_rl_param_update_19.signal
2026-02-03 22:19:35,198 - cmab.trainer - INFO - Applied params: {'batch_size': 500000, 'header_size': 32, 'cut_condition_type': 3, 'fast_path_timeout': 200, 'k': 1}
2026-02-03 22:19:36,198 - cmab.trainer - INFO - Waiting for next metrics file...
2026-02-03 22:19:56,198 - cmab.trainer - INFO - Iteration 20 : context=[0.         0.5605232  0.52823365 4.2738214  0.        ] arm=0.5824281  0.53289855 4.3466754  0.         0.        ]batch_size=500000,header_size=32,cut_condition_type=3,fast_path_timeout=200,k=1 params={'batch_size': 500000, 'header_size': 32, 'cut_condition_type': 3, 'fast_path_timeout': 200, 'k': 1}
2026-02-03 22:19:57,198 - cmab.trainer - INFO - Iteration 20 reward=0.570719 avg_reward(20)=0.684186 last_metrics=epoch_20_slot_156.json top_arm=batch_size=500000,header_size=32,cut_condition_type=3,fast_path_timeout=200,k=1 top_ratio=1.00
2026-02-03 22:19:58,198 - cmab.trainer - INFO - Updated parameters file: /home/ccclr0302/autobahn-test/benchmark/.parameters-0.json
2026-02-03 22:19:59,198 - cmab.trainer - INFO - 🚩 Created RL parameter update signal file (epoch 20): /tmp/autobahn_rl_param_update_20.signal
2026-02-03 22:20:00,198 - cmab.trainer - INFO - Applied params: {'batch_size': 500000, 'header_size': 32, 'cut_condition_type': 3, 'fast_path_timeout': 200, 'k': 1}
2026-02-03 22:20:01,198 - cmab.trainer - INFO - Waiting for next metrics file...
2026-02-03 22:20:21,198 - cmab.trainer - INFO - Iteration 21 : context=[13.619431   1.0643466  1.0643466  0.         0.       ] arm=0.5824281  0.53289855 4.3466754  0.         0.        ]batch_size=500000,header_size=32,cut_condition_type=3,fast_path_timeout=200,k=1 params={'batch_size': 500000, 'header_size': 32, 'cut_condition_type': 3, 'fast_path_timeout': 200, 'k': 1}
2026-02-03 22:20:22,198 - cmab.trainer - INFO - Iteration 21 reward=0.570719 avg_reward(20)=0.676583 last_metrics=epoch_21_slot_36.json top_arm=batch_size=500000,header_size=32,cut_condition_type=3,fast_path_timeout=200,k=1 top_ratio=1.00
2026-02-03 22:20:23,198 - cmab.trainer - INFO - Updated parameters file: /home/ccclr0302/autobahn-test/benchmark/.parameters-0.json
2026-02-03 22:20:24,198 - cmab.trainer - INFO - 🚩 Created RL parameter update signal file (epoch 21): /tmp/autobahn_rl_param_update_21.signal
2026-02-03 22:20:25,198 - cmab.trainer - INFO - Applied params: {'batch_size': 500000, 'header_size': 32, 'cut_condition_type': 3, 'fast_path_timeout': 200, 'k': 1}
2026-02-03 22:20:26,198 - cmab.trainer - INFO - Waiting for next metrics file...
2026-02-03 22:20:46,198 - cmab.trainer - INFO - Iteration 22 : context=[0.5824281  0.53289855 4.3466754  0.         0.        ] arm=0.        4.349718  0.5339914 0.5339914 0.       ]batch_size=500000,header_size=32,cut_condition_type=3,fast_path_timeout=200,k=1 params={'batch_size': 500000, 'header_size': 32, 'cut_condition_type': 3, 'fast_path_timeout': 200, 'k': 1}
2026-02-03 22:20:47,198 - cmab.trainer - INFO - Iteration 22 reward=0.602325 avg_reward(20)=0.670369 last_metrics=epoch_22_slot_66.json top_arm=batch_size=500000,header_size=32,cut_condition_type=3,fast_path_timeout=200,k=1 top_ratio=1.00
2026-02-03 22:20:48,198 - cmab.trainer - INFO - Updated parameters file: /home/ccclr0302/autobahn-test/benchmark/.parameters-0.json
2026-02-03 22:20:49,198 - cmab.trainer - INFO - 🚩 Created RL parameter update signal file (epoch 22): /tmp/autobahn_rl_param_update_22.signal
2026-02-03 22:20:50,198 - cmab.trainer - INFO - Applied params: {'batch_size': 500000, 'header_size': 32, 'cut_condition_type': 3, 'fast_path_timeout': 200, 'k': 1}
2026-02-03 22:20:51,198 - cmab.trainer - INFO - Waiting for next metrics file...
2026-02-03 22:21:11,198 - cmab.trainer - INFO - Iteration 23 : context=[0.         0.59359556 0.53098565 4.1310563  0.        ] arm=13.619431   1.0643466  1.0643466  0.         0.       ]batch_size=500000,header_size=32,cut_condition_type=3,fast_path_timeout=200,k=1 params={'batch_size': 500000, 'header_size': 32, 'cut_condition_type': 3, 'fast_path_timeout': 200, 'k': 1}
2026-02-03 22:21:12,198 - cmab.trainer - INFO - Iteration 23 reward=0.698329 avg_reward(20)=0.669146 last_metrics=epoch_23_slot_96.json top_arm=batch_size=500000,header_size=32,cut_condition_type=3,fast_path_timeout=200,k=1 top_ratio=1.00
2026-02-03 22:21:13,198 - cmab.trainer - INFO - Updated parameters file: /home/ccclr0302/autobahn-test/benchmark/.parameters-0.json
2026-02-03 22:21:14,198 - cmab.trainer - INFO - 🚩 Created RL parameter update signal file (epoch 23): /tmp/autobahn_rl_param_update_23.signal
2026-02-03 22:21:15,198 - cmab.trainer - INFO - Applied params: {'batch_size': 500000, 'header_size': 32, 'cut_condition_type': 3, 'fast_path_timeout': 200, 'k': 1}
2026-02-03 22:21:16,198 - cmab.trainer - INFO - Waiting for next metrics file...
2026-02-03 22:21:36,198 - cmab.trainer - INFO - Iteration 24 : context=[0.        4.349718  0.5339914 0.5339914 0.       ] arm=13.619431   1.0643466  1.0643466  0.         0.       ]batch_size=500000,header_size=32,cut_condition_type=3,fast_path_timeout=200,k=1 params={'batch_size': 500000, 'header_size': 32, 'cut_condition_type': 3, 'fast_path_timeout': 200, 'k': 1}
2026-02-03 22:21:37,198 - cmab.trainer - INFO - Iteration 24 reward=0.698329 avg_reward(20)=0.673946 last_metrics=epoch_24_slot_126.json top_arm=batch_size=500000,header_size=32,cut_condition_type=3,fast_path_timeout=200,k=1 top_ratio=1.00
2026-02-03 22:21:38,198 - cmab.trainer - INFO - Updated parameters file: /home/ccclr0302/autobahn-test/benchmark/.parameters-0.json
2026-02-03 22:21:39,198 - cmab.trainer - INFO - 🚩 Created RL parameter update signal file (epoch 24): /tmp/autobahn_rl_param_update_24.signal
2026-02-03 22:21:40,198 - cmab.trainer - INFO - Applied params: {'batch_size': 500000, 'header_size': 32, 'cut_condition_type': 3, 'fast_path_timeout': 200, 'k': 1}
2026-02-03 22:21:41,198 - cmab.trainer - INFO - Waiting for next metrics file...
2026-02-03 22:22:01,198 - cmab.trainer - INFO - Iteration 25 : context=[0.         0.5605232  0.52823365 4.2738214  0.        ] arm=0.        4.349718  0.5339914 0.5339914 0.       ]batch_size=500000,header_size=32,cut_condition_type=3,fast_path_timeout=200,k=1 params={'batch_size': 500000, 'header_size': 32, 'cut_condition_type': 3, 'fast_path_timeout': 200, 'k': 1}
2026-02-03 22:22:02,198 - cmab.trainer - INFO - Iteration 25 reward=0.602325 avg_reward(20)=0.669146 last_metrics=epoch_25_slot_156.json top_arm=batch_size=500000,header_size=32,cut_condition_type=3,fast_path_timeout=200,k=1 top_ratio=1.00
2026-02-03 22:22:03,198 - cmab.trainer - INFO - Updated parameters file: /home/ccclr0302/autobahn-test/benchmark/.parameters-0.json
2026-02-03 22:22:04,198 - cmab.trainer - INFO - 🚩 Created RL parameter update signal file (epoch 25): /tmp/autobahn_rl_param_update_25.signal
2026-02-03 22:22:05,198 - cmab.trainer - INFO - Applied params: {'batch_size': 500000, 'header_size': 32, 'cut_condition_type': 3, 'fast_path_timeout': 200, 'k': 1}
2026-02-03 22:22:06,198 - cmab.trainer - INFO - Waiting for next metrics file...
2026-02-03 22:22:26,198 - cmab.trainer - INFO - Iteration 26 : context=[13.619431   1.0643466  1.0643466  0.         0.       ] arm=13.619431   1.0643466  1.0643466  0.         0.       ]batch_size=500000,header_size=32,cut_condition_type=3,fast_path_timeout=200,k=1 params={'batch_size': 500000, 'header_size': 32, 'cut_condition_type': 3, 'fast_path_timeout': 200, 'k': 1}
2026-02-03 22:22:27,198 - cmab.trainer - INFO - Iteration 26 reward=0.698329 avg_reward(20)=0.675526 last_metrics=epoch_26_slot_36.json top_arm=batch_size=500000,header_size=32,cut_condition_type=3,fast_path_timeout=200,k=1 top_ratio=1.00
2026-02-03 22:22:28,198 - cmab.trainer - INFO - Updated parameters file: /home/ccclr0302/autobahn-test/benchmark/.parameters-0.json
2026-02-03 22:22:29,198 - cmab.trainer - INFO - 🚩 Created RL parameter update signal file (epoch 26): /tmp/autobahn_rl_param_update_26.signal
2026-02-03 22:22:30,198 - cmab.trainer - INFO - Applied params: {'batch_size': 500000, 'header_size': 32, 'cut_condition_type': 3, 'fast_path_timeout': 200, 'k': 1}
2026-02-03 22:22:31,198 - cmab.trainer - INFO - Waiting for next metrics file...
2026-02-03 22:22:51,198 - cmab.trainer - INFO - Iteration 27 : context=[0.5824281  0.53289855 4.3466754  0.         0.        ] arm=0.         0.59359556 0.53098565 4.1310563  0.        ]batch_size=500000,header_size=32,cut_condition_type=3,fast_path_timeout=200,k=1 params={'batch_size': 500000, 'header_size': 32, 'cut_condition_type': 3, 'fast_path_timeout': 200, 'k': 1}
2026-02-03 22:22:52,198 - cmab.trainer - INFO - Iteration 27 reward=0.726610 avg_reward(20)=0.675526 last_metrics=epoch_27_slot_66.json top_arm=batch_size=500000,header_size=32,cut_condition_type=3,fast_path_timeout=200,k=1 top_ratio=1.00
2026-02-03 22:22:53,198 - cmab.trainer - INFO - Updated parameters file: /home/ccclr0302/autobahn-test/benchmark/.parameters-0.json
2026-02-03 22:22:54,198 - cmab.trainer - INFO - 🚩 Created RL parameter update signal file (epoch 27): /tmp/autobahn_rl_param_update_27.signal
2026-02-03 22:22:55,198 - cmab.trainer - INFO - Applied params: {'batch_size': 500000, 'header_size': 32, 'cut_condition_type': 3, 'fast_path_timeout': 200, 'k': 1}
2026-02-03 22:22:56,198 - cmab.trainer - INFO - Waiting for next metrics file...
2026-02-03 22:23:16,198 - cmab.trainer - INFO - Iteration 28 : context=[0.         0.59359556 0.53098565 4.1310563  0.        ] arm=0.        4.349718  0.5339914 0.5339914 0.       ]batch_size=500000,header_size=32,cut_condition_type=3,fast_path_timeout=200,k=1 params={'batch_size': 500000, 'header_size': 32, 'cut_condition_type': 3, 'fast_path_timeout': 200, 'k': 1}
2026-02-03 22:23:17,198 - cmab.trainer - INFO - Iteration 28 reward=0.602325 avg_reward(20)=0.677106 last_metrics=epoch_28_slot_96.json top_arm=batch_size=500000,header_size=32,cut_condition_type=3,fast_path_timeout=200,k=1 top_ratio=1.00
2026-02-03 22:23:18,198 - cmab.trainer - INFO - Updated parameters file: /home/ccclr0302/autobahn-test/benchmark/.parameters-0.json
2026-02-03 22:23:19,198 - cmab.trainer - INFO - 🚩 Created RL parameter update signal file (epoch 28): /tmp/autobahn_rl_param_update_28.signal
2026-02-03 22:23:20,198 - cmab.trainer - INFO - Applied params: {'batch_size': 500000, 'header_size': 32, 'cut_condition_type': 3, 'fast_path_timeout': 200, 'k': 1}
2026-02-03 22:23:21,198 - cmab.trainer - INFO - Waiting for next metrics file...
2026-02-03 22:23:41,198 - cmab.trainer - INFO - Iteration 29 : context=[0.        4.349718  0.5339914 0.5339914 0.       ] arm=0.         0.59359556 0.53098565 4.1310563  0.        ]batch_size=500000,header_size=32,cut_condition_type=3,fast_path_timeout=200,k=1 params={'batch_size': 500000, 'header_size': 32, 'cut_condition_type': 3, 'fast_path_timeout': 200, 'k': 1}
2026-02-03 22:23:42,198 - cmab.trainer - INFO - Iteration 29 reward=0.726610 avg_reward(20)=0.683321 last_metrics=epoch_29_slot_126.json top_arm=batch_size=500000,header_size=32,cut_condition_type=3,fast_path_timeout=200,k=1 top_ratio=1.00
2026-02-03 22:23:43,198 - cmab.trainer - INFO - Updated parameters file: /home/ccclr0302/autobahn-test/benchmark/.parameters-0.json
2026-02-03 22:23:44,198 - cmab.trainer - INFO - 🚩 Created RL parameter update signal file (epoch 29): /tmp/autobahn_rl_param_update_29.signal
2026-02-03 22:23:45,198 - cmab.trainer - INFO - Applied params: {'batch_size': 500000, 'header_size': 32, 'cut_condition_type': 3, 'fast_path_timeout': 200, 'k': 1}
2026-02-03 22:23:46,198 - cmab.trainer - INFO - Waiting for next metrics file...
2026-02-03 22:24:06,198 - cmab.trainer - INFO - Iteration 30 : context=[0.         0.5605232  0.52823365 4.2738214  0.        ] arm=0.5824281  0.53289855 4.3466754  0.         0.        ]batch_size=500000,header_size=32,cut_condition_type=3,fast_path_timeout=200,k=1 params={'batch_size': 500000, 'header_size': 32, 'cut_condition_type': 3, 'fast_path_timeout': 200, 'k': 1}
2026-02-03 22:24:07,198 - cmab.trainer - INFO - Iteration 30 reward=0.570719 avg_reward(20)=0.675717 last_metrics=epoch_30_slot_156.json top_arm=batch_size=500000,header_size=32,cut_condition_type=3,fast_path_timeout=200,k=1 top_ratio=1.00
2026-02-03 22:24:08,198 - cmab.trainer - INFO - Updated parameters file: /home/ccclr0302/autobahn-test/benchmark/.parameters-0.json
2026-02-03 22:24:09,198 - cmab.trainer - INFO - 🚩 Created RL parameter update signal file (epoch 30): /tmp/autobahn_rl_param_update_30.signal
2026-02-03 22:24:10,198 - cmab.trainer - INFO - Applied params: {'batch_size': 500000, 'header_size': 32, 'cut_condition_type': 3, 'fast_path_timeout': 200, 'k': 1}
2026-02-03 22:24:11,198 - cmab.trainer - INFO - Waiting for next metrics file...
2026-02-03 22:24:31,198 - cmab.trainer - INFO - Iteration 31 : context=[13.619431   1.0643466  1.0643466  0.         0.       ] arm=13.619431   1.0643466  1.0643466  0.         0.       ]batch_size=500000,header_size=32,cut_condition_type=3,fast_path_timeout=200,k=1 params={'batch_size': 500000, 'header_size': 32, 'cut_condition_type': 3, 'fast_path_timeout': 200, 'k': 1}
2026-02-03 22:24:32,198 - cmab.trainer - INFO - Iteration 31 reward=0.698329 avg_reward(20)=0.674303 last_metrics=epoch_31_slot_36.json top_arm=batch_size=500000,header_size=32,cut_condition_type=3,fast_path_timeout=200,k=1 top_ratio=1.00
2026-02-03 22:24:33,198 - cmab.trainer - INFO - Updated parameters file: /home/ccclr0302/autobahn-test/benchmark/.parameters-0.json
2026-02-03 22:24:34,198 - cmab.trainer - INFO - 🚩 Created RL parameter update signal file (epoch 31): /tmp/autobahn_rl_param_update_31.signal
2026-02-03 22:24:35,198 - cmab.trainer - INFO - Applied params: {'batch_size': 500000, 'header_size': 32, 'cut_condition_type': 3, 'fast_path_timeout': 200, 'k': 1}
2026-02-03 22:24:36,198 - cmab.trainer - INFO - Waiting for next metrics file...
2026-02-03 22:24:56,198 - cmab.trainer - INFO - Iteration 32 : context=[0.5824281  0.53289855 4.3466754  0.         0.        ] arm=0.5824281  0.53289855 4.3466754  0.         0.        ]batch_size=500000,header_size=32,cut_condition_type=3,fast_path_timeout=200,k=1 params={'batch_size': 500000, 'header_size': 32, 'cut_condition_type': 3, 'fast_path_timeout': 200, 'k': 1}
2026-02-03 22:24:57,198 - cmab.trainer - INFO - Iteration 32 reward=0.570719 avg_reward(20)=0.666509 last_metrics=epoch_32_slot_66.json top_arm=batch_size=500000,header_size=32,cut_condition_type=3,fast_path_timeout=200,k=1 top_ratio=1.00
2026-02-03 22:24:58,198 - cmab.trainer - INFO - Updated parameters file: /home/ccclr0302/autobahn-test/benchmark/.parameters-0.json
2026-02-03 22:24:59,198 - cmab.trainer - INFO - 🚩 Created RL parameter update signal file (epoch 32): /tmp/autobahn_rl_param_update_32.signal
2026-02-03 22:25:00,198 - cmab.trainer - INFO - Applied params: {'batch_size': 500000, 'header_size': 32, 'cut_condition_type': 3, 'fast_path_timeout': 200, 'k': 1}
2026-02-03 22:25:01,198 - cmab.trainer - INFO - Waiting for next metrics file...
2026-02-03 22:25:21,198 - cmab.trainer - INFO - Iteration 33 : context=[0.         0.59359556 0.53098565 4.1310563  0.        ] arm=0.        4.349718  0.5339914 0.5339914 0.       ]batch_size=500000,header_size=32,cut_condition_type=3,fast_path_timeout=200,k=1 params={'batch_size': 500000, 'header_size': 32, 'cut_condition_type': 3, 'fast_path_timeout': 200, 'k': 1}
2026-02-03 22:25:22,198 - cmab.trainer - INFO - Iteration 33 reward=0.602325 avg_reward(20)=0.660485 last_metrics=epoch_33_slot_96.json top_arm=batch_size=500000,header_size=32,cut_condition_type=3,fast_path_timeout=200,k=1 top_ratio=1.00
2026-02-03 22:25:23,198 - cmab.trainer - INFO - Updated parameters file: /home/ccclr0302/autobahn-test/benchmark/.parameters-0.json
2026-02-03 22:25:24,198 - cmab.trainer - INFO - 🚩 Created RL parameter update signal file (epoch 33): /tmp/autobahn_rl_param_update_33.signal
2026-02-03 22:25:25,198 - cmab.trainer - INFO - Applied params: {'batch_size': 500000, 'header_size': 32, 'cut_condition_type': 3, 'fast_path_timeout': 200, 'k': 1}
2026-02-03 22:25:26,198 - cmab.trainer - INFO - Waiting for next metrics file...
2026-02-03 22:25:46,198 - cmab.trainer - INFO - Iteration 34 : context=[0.        4.349718  0.5339914 0.5339914 0.       ] arm=0.        4.349718  0.5339914 0.5339914 0.       ]batch_size=500000,header_size=32,cut_condition_type=3,fast_path_timeout=200,k=1 params={'batch_size': 500000, 'header_size': 32, 'cut_condition_type': 3, 'fast_path_timeout': 200, 'k': 1}
2026-02-03 22:25:47,198 - cmab.trainer - INFO - Iteration 34 reward=0.602325 avg_reward(20)=0.654271 last_metrics=epoch_34_slot_126.json top_arm=batch_size=500000,header_size=32,cut_condition_type=3,fast_path_timeout=200,k=1 top_ratio=1.00
2026-02-03 22:25:48,198 - cmab.trainer - INFO - Updated parameters file: /home/ccclr0302/autobahn-test/benchmark/.parameters-0.json
2026-02-03 22:25:49,198 - cmab.trainer - INFO - 🚩 Created RL parameter update signal file (epoch 34): /tmp/autobahn_rl_param_update_34.signal
2026-02-03 22:25:50,198 - cmab.trainer - INFO - Applied params: {'batch_size': 500000, 'header_size': 32, 'cut_condition_type': 3, 'fast_path_timeout': 200, 'k': 1}
2026-02-03 22:25:51,198 - cmab.trainer - INFO - Waiting for next metrics file...
2026-02-03 22:26:11,198 - cmab.trainer - INFO - Iteration 35 : context=[0.         0.5605232  0.52823365 4.2738214  0.        ] arm=0.5824281  0.53289855 4.3466754  0.         0.        ]batch_size=500000,header_size=32,cut_condition_type=3,fast_path_timeout=200,k=1 params={'batch_size': 500000, 'header_size': 32, 'cut_condition_type': 3, 'fast_path_timeout': 200, 'k': 1}
2026-02-03 22:26:12,198 - cmab.trainer - INFO - Iteration 35 reward=0.570719 avg_reward(20)=0.647891 last_metrics=epoch_35_slot_156.json top_arm=batch_size=500000,header_size=32,cut_condition_type=3,fast_path_timeout=200,k=1 top_ratio=1.00
2026-02-03 22:26:13,198 - cmab.trainer - INFO - Updated parameters file: /home/ccclr0302/autobahn-test/benchmark/.parameters-0.json
2026-02-03 22:26:14,198 - cmab.trainer - INFO - 🚩 Created RL parameter update signal file (epoch 35): /tmp/autobahn_rl_param_update_35.signal
2026-02-03 22:26:15,198 - cmab.trainer - INFO - Applied params: {'batch_size': 500000, 'header_size': 32, 'cut_condition_type': 3, 'fast_path_timeout': 200, 'k': 1}
2026-02-03 22:26:16,198 - cmab.trainer - INFO - Waiting for next metrics file...
2026-02-03 22:26:36,198 - cmab.trainer - INFO - Iteration 36 : context=[13.619431   1.0643466  1.0643466  0.         0.       ] arm=0.        4.349718  0.5339914 0.5339914 0.       ]batch_size=500000,header_size=32,cut_condition_type=3,fast_path_timeout=200,k=1 params={'batch_size': 500000, 'header_size': 32, 'cut_condition_type': 3, 'fast_path_timeout': 200, 'k': 1}
2026-02-03 22:26:37,198 - cmab.trainer - INFO - Iteration 36 reward=0.602325 avg_reward(20)=0.643090 last_metrics=epoch_36_slot_36.json top_arm=batch_size=500000,header_size=32,cut_condition_type=3,fast_path_timeout=200,k=1 top_ratio=1.00
2026-02-03 22:26:38,198 - cmab.trainer - INFO - Updated parameters file: /home/ccclr0302/autobahn-test/benchmark/.parameters-0.json
2026-02-03 22:26:39,198 - cmab.trainer - INFO - 🚩 Created RL parameter update signal file (epoch 36): /tmp/autobahn_rl_param_update_36.signal
2026-02-03 22:26:40,198 - cmab.trainer - INFO - Applied params: {'batch_size': 500000, 'header_size': 32, 'cut_condition_type': 3, 'fast_path_timeout': 200, 'k': 1}
2026-02-03 22:26:41,198 - cmab.trainer - INFO - Waiting for next metrics file...
2026-02-03 22:27:01,198 - cmab.trainer - INFO - Iteration 37 : context=[0.5824281  0.53289855 4.3466754  0.         0.        ] arm=0.5824281  0.53289855 4.3466754  0.         0.        ]batch_size=500000,header_size=32,cut_condition_type=3,fast_path_timeout=200,k=1 params={'batch_size': 500000, 'header_size': 32, 'cut_condition_type': 3, 'fast_path_timeout': 200, 'k': 1}
2026-02-03 22:27:02,198 - cmab.trainer - INFO - Iteration 37 reward=0.570719 avg_reward(20)=0.635296 last_metrics=epoch_37_slot_66.json top_arm=batch_size=500000,header_size=32,cut_condition_type=3,fast_path_timeout=200,k=1 top_ratio=1.00
2026-02-03 22:27:03,198 - cmab.trainer - INFO - Updated parameters file: /home/ccclr0302/autobahn-test/benchmark/.parameters-0.json
2026-02-03 22:27:04,198 - cmab.trainer - INFO - 🚩 Created RL parameter update signal file (epoch 37): /tmp/autobahn_rl_param_update_37.signal
2026-02-03 22:27:05,198 - cmab.trainer - INFO - Applied params: {'batch_size': 500000, 'header_size': 32, 'cut_condition_type': 3, 'fast_path_timeout': 200, 'k': 1}
2026-02-03 22:27:06,198 - cmab.trainer - INFO - Waiting for next metrics file...
2026-02-03 22:27:26,198 - cmab.trainer - INFO - Iteration 38 : context=[0.         0.59359556 0.53098565 4.1310563  0.        ] arm=0.        4.349718  0.5339914 0.5339914 0.       ]batch_size=500000,header_size=32,cut_condition_type=3,fast_path_timeout=200,k=1 params={'batch_size': 500000, 'header_size': 32, 'cut_condition_type': 3, 'fast_path_timeout': 200, 'k': 1}
2026-02-03 22:27:27,198 - cmab.trainer - INFO - Iteration 38 reward=0.602325 avg_reward(20)=0.630496 last_metrics=epoch_38_slot_96.json top_arm=batch_size=500000,header_size=32,cut_condition_type=3,fast_path_timeout=200,k=1 top_ratio=1.00
2026-02-03 22:27:28,198 - cmab.trainer - INFO - Updated parameters file: /home/ccclr0302/autobahn-test/benchmark/.parameters-0.json
2026-02-03 22:27:29,198 - cmab.trainer - INFO - 🚩 Created RL parameter update signal file (epoch 38): /tmp/autobahn_rl_param_update_38.signal
2026-02-03 22:27:30,198 - cmab.trainer - INFO - Applied params: {'batch_size': 500000, 'header_size': 32, 'cut_condition_type': 3, 'fast_path_timeout': 200, 'k': 1}
2026-02-03 22:27:31,198 - cmab.trainer - INFO - Waiting for next metrics file...
2026-02-03 22:27:51,198 - cmab.trainer - INFO - Iteration 39 : context=[0.        4.349718  0.5339914 0.5339914 0.       ] arm=13.619431   1.0643466  1.0643466  0.         0.       ]batch_size=500000,header_size=32,cut_condition_type=3,fast_path_timeout=200,k=1 params={'batch_size': 500000, 'header_size': 32, 'cut_condition_type': 3, 'fast_path_timeout': 200, 'k': 1}
2026-02-03 22:27:52,198 - cmab.trainer - INFO - Iteration 39 reward=0.698329 avg_reward(20)=0.629273 last_metrics=epoch_39_slot_126.json top_arm=batch_size=500000,header_size=32,cut_condition_type=3,fast_path_timeout=200,k=1 top_ratio=1.00
2026-02-03 22:27:53,198 - cmab.trainer - INFO - Updated parameters file: /home/ccclr0302/autobahn-test/benchmark/.parameters-0.json
2026-02-03 22:27:54,198 - cmab.trainer - INFO - 🚩 Created RL parameter update signal file (epoch 39): /tmp/autobahn_rl_param_update_39.signal
2026-02-03 22:27:55,198 - cmab.trainer - INFO - Applied params: {'batch_size': 500000, 'header_size': 32, 'cut_condition_type': 3, 'fast_path_timeout': 200, 'k': 1}
2026-02-03 22:27:56,198 - cmab.trainer - INFO - Waiting for next metrics file...
2026-02-03 22:28:16,198 - cmab.trainer - INFO - Iteration 40 : context=[0.         0.5605232  0.52823365 4.2738214  0.        ] arm=0.         0.59359556 0.53098565 4.1310563  0.        ]batch_size=500000,header_size=32,cut_condition_type=3,fast_path_timeout=200,k=1 params={'batch_size': 500000, 'header_size': 32, 'cut_condition_type': 3, 'fast_path_timeout': 200, 'k': 1}
2026-02-03 22:28:17,198 - cmab.trainer - INFO - Iteration 40 reward=0.726610 avg_reward(20)=0.637067 last_metrics=epoch_40_slot_156.json top_arm=batch_size=500000,header_size=32,cut_condition_type=3,fast_path_timeout=200,k=1 top_ratio=1.00
2026-02-03 22:28:18,198 - cmab.trainer - INFO - Updated parameters file: /home/ccclr0302/autobahn-test/benchmark/.parameters-0.json
2026-02-03 22:28:19,198 - cmab.trainer - INFO - 🚩 Created RL parameter update signal file (epoch 40): /tmp/autobahn_rl_param_update_40.signal
2026-02-03 22:28:20,198 - cmab.trainer - INFO - Applied params: {'batch_size': 500000, 'header_size': 32, 'cut_condition_type': 3, 'fast_path_timeout': 200, 'k': 1}
2026-02-03 22:28:21,198 - cmab.trainer - INFO - Waiting for next metrics file...
2026-02-03 22:28:41,198 - cmab.trainer - INFO - Iteration 41 : context=[13.619431   1.0643466  1.0643466  0.         0.       ] arm=0.         0.5605232  0.52823365 4.2738214  0.        ]batch_size=500000,header_size=32,cut_condition_type=3,fast_path_timeout=200,k=1 params={'batch_size': 500000, 'header_size': 32, 'cut_condition_type': 3, 'fast_path_timeout': 200, 'k': 1}
2026-02-03 22:28:42,198 - cmab.trainer - INFO - Iteration 41 reward=0.722789 avg_reward(20)=0.644671 last_metrics=epoch_41_slot_36.json top_arm=batch_size=500000,header_size=32,cut_condition_type=3,fast_path_timeout=200,k=1 top_ratio=1.00
2026-02-03 22:28:43,198 - cmab.trainer - INFO - Updated parameters file: /home/ccclr0302/autobahn-test/benchmark/.parameters-0.json
2026-02-03 22:28:44,198 - cmab.trainer - INFO - 🚩 Created RL parameter update signal file (epoch 41): /tmp/autobahn_rl_param_update_41.signal
2026-02-03 22:28:45,198 - cmab.trainer - INFO - Applied params: {'batch_size': 500000, 'header_size': 32, 'cut_condition_type': 3, 'fast_path_timeout': 200, 'k': 1}
2026-02-03 22:28:46,198 - cmab.trainer - INFO - Waiting for next metrics file...
2026-02-03 22:29:06,198 - cmab.trainer - INFO - Iteration 42 : context=[0.5824281  0.53289855 4.3466754  0.         0.        ] arm=0.         0.5605232  0.52823365 4.2738214  0.        ]batch_size=500000,header_size=32,cut_condition_type=3,fast_path_timeout=200,k=1 params={'batch_size': 500000, 'header_size': 32, 'cut_condition_type': 3, 'fast_path_timeout': 200, 'k': 1}
2026-02-03 22:29:07,198 - cmab.trainer - INFO - Iteration 42 reward=0.722789 avg_reward(20)=0.650694 last_metrics=epoch_42_slot_66.json top_arm=batch_size=500000,header_size=32,cut_condition_type=3,fast_path_timeout=200,k=1 top_ratio=1.00
2026-02-03 22:29:08,198 - cmab.trainer - INFO - Updated parameters file: /home/ccclr0302/autobahn-test/benchmark/.parameters-0.json
2026-02-03 22:29:09,198 - cmab.trainer - INFO - 🚩 Created RL parameter update signal file (epoch 42): /tmp/autobahn_rl_param_update_42.signal
2026-02-03 22:29:10,198 - cmab.trainer - INFO - Applied params: {'batch_size': 500000, 'header_size': 32, 'cut_condition_type': 3, 'fast_path_timeout': 200, 'k': 1}
2026-02-03 22:29:11,198 - cmab.trainer - INFO - Waiting for next metrics file...
2026-02-03 22:29:31,198 - cmab.trainer - INFO - Iteration 43 : context=[0.         0.59359556 0.53098565 4.1310563  0.        ] arm=13.619431   1.0643466  1.0643466  0.         0.       ]batch_size=500000,header_size=32,cut_condition_type=3,fast_path_timeout=200,k=1 params={'batch_size': 500000, 'header_size': 32, 'cut_condition_type': 3, 'fast_path_timeout': 200, 'k': 1}
2026-02-03 22:29:32,198 - cmab.trainer - INFO - Iteration 43 reward=0.698329 avg_reward(20)=0.650694 last_metrics=epoch_43_slot_96.json top_arm=batch_size=500000,header_size=32,cut_condition_type=3,fast_path_timeout=200,k=1 top_ratio=1.00
2026-02-03 22:29:33,198 - cmab.trainer - INFO - Updated parameters file: /home/ccclr0302/autobahn-test/benchmark/.parameters-0.json
2026-02-03 22:29:34,198 - cmab.trainer - INFO - 🚩 Created RL parameter update signal file (epoch 43): /tmp/autobahn_rl_param_update_43.signal
2026-02-03 22:29:35,198 - cmab.trainer - INFO - Applied params: {'batch_size': 500000, 'header_size': 32, 'cut_condition_type': 3, 'fast_path_timeout': 200, 'k': 1}
2026-02-03 22:29:36,198 - cmab.trainer - INFO - Waiting for next metrics file...
2026-02-03 22:29:56,198 - cmab.trainer - INFO - Iteration 44 : context=[0.        4.349718  0.5339914 0.5339914 0.       ] arm=0.5824281  0.53289855 4.3466754  0.         0.        ]batch_size=500000,header_size=32,cut_condition_type=3,fast_path_timeout=200,k=1 params={'batch_size': 500000, 'header_size': 32, 'cut_condition_type': 3, 'fast_path_timeout': 200, 'k': 1}
2026-02-03 22:29:57,198 - cmab.trainer - INFO - Iteration 44 reward=0.570719 avg_reward(20)=0.644313 last_metrics=epoch_44_slot_126.json top_arm=batch_size=500000,header_size=32,cut_condition_type=3,fast_path_timeout=200,k=1 top_ratio=1.00
2026-02-03 22:29:58,198 - cmab.trainer - INFO - Updated parameters file: /home/ccclr0302/autobahn-test/benchmark/.parameters-0.json
2026-02-03 22:29:59,198 - cmab.trainer - INFO - 🚩 Created RL parameter update signal file (epoch 44): /tmp/autobahn_rl_param_update_44.signal
2026-02-03 22:30:00,198 - cmab.trainer - INFO - Applied params: {'batch_size': 500000, 'header_size': 32, 'cut_condition_type': 3, 'fast_path_timeout': 200, 'k': 1}
2026-02-03 22:30:01,198 - cmab.trainer - INFO - Waiting for next metrics file...
2026-02-03 22:30:21,198 - cmab.trainer - INFO - Iteration 45 : context=[0.         0.5605232  0.52823365 4.2738214  0.        ] arm=0.         0.59359556 0.53098565 4.1310563  0.        ]batch_size=500000,header_size=32,cut_condition_type=3,fast_path_timeout=200,k=1 params={'batch_size': 500000, 'header_size': 32, 'cut_condition_type': 3, 'fast_path_timeout': 200, 'k': 1}
2026-02-03 22:30:22,198 - cmab.trainer - INFO - Iteration 45 reward=0.726610 avg_reward(20)=0.650528 last_metrics=epoch_45_slot_156.json top_arm=batch_size=500000,header_size=32,cut_condition_type=3,fast_path_timeout=200,k=1 top_ratio=1.00
2026-02-03 22:30:23,198 - cmab.trainer - INFO - Updated parameters file: /home/ccclr0302/autobahn-test/benchmark/.parameters-0.json
2026-02-03 22:30:24,198 - cmab.trainer - INFO - 🚩 Created RL parameter update signal file (epoch 45): /tmp/autobahn_rl_param_update_45.signal
2026-02-03 22:30:25,198 - cmab.trainer - INFO - Applied params: {'batch_size': 500000, 'header_size': 32, 'cut_condition_type': 3, 'fast_path_timeout': 200, 'k': 1}
2026-02-03 22:30:26,198 - cmab.trainer - INFO - Waiting for next metrics file...
2026-02-03 22:30:46,198 - cmab.trainer - INFO - Iteration 46 : context=[13.619431   1.0643466  1.0643466  0.         0.       ] arm=0.         0.5605232  0.52823365 4.2738214  0.        ]batch_size=500000,header_size=32,cut_condition_type=3,fast_path_timeout=200,k=1 params={'batch_size': 500000, 'header_size': 32, 'cut_condition_type': 3, 'fast_path_timeout': 200, 'k': 1}
2026-02-03 22:30:47,198 - cmab.trainer - INFO - Iteration 46 reward=0.722789 avg_reward(20)=0.651751 last_metrics=epoch_46_slot_36.json top_arm=batch_size=500000,header_size=32,cut_condition_type=3,fast_path_timeout=200,k=1 top_ratio=1.00
2026-02-03 22:30:48,198 - cmab.trainer - INFO - Updated parameters file: /home/ccclr0302/autobahn-test/benchmark/.parameters-0.json
2026-02-03 22:30:49,198 - cmab.trainer - INFO - 🚩 Created RL parameter update signal file (epoch 46): /tmp/autobahn_rl_param_update_46.signal
2026-02-03 22:30:50,198 - cmab.trainer - INFO - Applied params: {'batch_size': 500000, 'header_size': 32, 'cut_condition_type': 3, 'fast_path_timeout': 200, 'k': 1}
2026-02-03 22:30:51,198 - cmab.trainer - INFO - Waiting for next metrics file...
2026-02-03 22:31:11,198 - cmab.trainer - INFO - Iteration 47 : context=[0.5824281  0.53289855 4.3466754  0.         0.        ] arm=0.5824281  0.53289855 4.3466754  0.         0.        ]batch_size=500000,header_size=32,cut_condition_type=3,fast_path_timeout=200,k=1 params={'batch_size': 500000, 'header_size': 32, 'cut_condition_type': 3, 'fast_path_timeout': 200, 'k': 1}
2026-02-03 22:31:12,198 - cmab.trainer - INFO - Iteration 47 reward=0.570719 avg_reward(20)=0.643956 last_metrics=epoch_47_slot_66.json top_arm=batch_size=500000,header_size=32,cut_condition_type=3,fast_path_timeout=200,k=1 top_ratio=1.00
2026-02-03 22:31:13,198 - cmab.trainer - INFO - Updated parameters file: /home/ccclr0302/autobahn-test/benchmark/.parameters-0.json
2026-02-03 22:31:14,198 - cmab.trainer - INFO - 🚩 Created RL parameter update signal file (epoch 47): /tmp/autobahn_rl_param_update_47.signal
2026-02-03 22:31:15,198 - cmab.trainer - INFO - Applied params: {'batch_size': 500000, 'header_size': 32, 'cut_condition_type': 3, 'fast_path_timeout': 200, 'k': 1}
2026-02-03 22:31:16,198 - cmab.trainer - INFO - Waiting for next metrics file...
2026-02-03 22:31:36,198 - cmab.trainer - INFO - Iteration 48 : context=[0.         0.59359556 0.53098565 4.1310563  0.        ] arm=0.         0.5605232  0.52823365 4.2738214  0.        ]batch_size=500000,header_size=32,cut_condition_type=3,fast_path_timeout=200,k=1 params={'batch_size': 500000, 'header_size': 32, 'cut_condition_type': 3, 'fast_path_timeout': 200, 'k': 1}
2026-02-03 22:31:37,198 - cmab.trainer - INFO - Iteration 48 reward=0.722789 avg_reward(20)=0.649979 last_metrics=epoch_48_slot_96.json top_arm=batch_size=500000,header_size=32,cut_condition_type=3,fast_path_timeout=200,k=1 top_ratio=1.00
2026-02-03 22:31:38,198 - cmab.trainer - INFO - Updated parameters file: /home/ccclr0302/autobahn-test/benchmark/.parameters-0.json
2026-02-03 22:31:39,198 - cmab.trainer - INFO - 🚩 Created RL parameter update signal file (epoch 48): /tmp/autobahn_rl_param_update_48.signal
2026-02-03 22:31:40,198 - cmab.trainer - INFO - Applied params: {'batch_size': 500000, 'header_size': 32, 'cut_condition_type': 3, 'fast_path_timeout': 200, 'k': 1}
2026-02-03 22:31:41,198 - cmab.trainer - INFO - Waiting for next metrics file...
2026-02-03 22:32:01,198 - cmab.trainer - INFO - Iteration 49 : context=[0.        4.349718  0.5339914 0.5339914 0.       ] arm=0.         0.5605232  0.52823365 4.2738214  0.        ]batch_size=500000,header_size=32,cut_condition_type=3,fast_path_timeout=200,k=1 params={'batch_size': 500000, 'header_size': 32, 'cut_condition_type': 3, 'fast_path_timeout': 200, 'k': 1}
2026-02-03 22:32:02,198 - cmab.trainer - INFO - Iteration 49 reward=0.722789 avg_reward(20)=0.649788 last_metrics=epoch_49_slot_126.json top_arm=batch_size=500000,header_size=32,cut_condition_type=3,fast_path_timeout=200,k=1 top_ratio=1.00
2026-02-03 22:32:03,198 - cmab.trainer - INFO - Updated parameters file: /home/ccclr0302/autobahn-test/benchmark/.parameters-0.json
2026-02-03 22:32:04,198 - cmab.trainer - INFO - 🚩 Created RL parameter update signal file (epoch 49): /tmp/autobahn_rl_param_update_49.signal
2026-02-03 22:32:05,198 - cmab.trainer - INFO - Applied params: {'batch_size': 500000, 'header_size': 32, 'cut_condition_type': 3, 'fast_path_timeout': 200, 'k': 1}
2026-02-03 22:32:06,198 - cmab.trainer - INFO - Waiting for next metrics file...
2026-02-03 22:32:26,198 - cmab.trainer - INFO - Iteration 50 : context=[0.         0.5605232  0.52823365 4.2738214  0.        ] arm=0.        4.349718  0.5339914 0.5339914 0.       ]batch_size=500000,header_size=32,cut_condition_type=3,fast_path_timeout=200,k=1 params={'batch_size': 500000, 'header_size': 32, 'cut_condition_type': 3, 'fast_path_timeout': 200, 'k': 1}
2026-02-03 22:32:27,198 - cmab.trainer - INFO - Iteration 50 reward=0.602325 avg_reward(20)=0.651369 last_metrics=epoch_50_slot_156.json top_arm=batch_size=500000,header_size=32,cut_condition_type=3,fast_path_timeout=200,k=1 top_ratio=1.00
2026-02-03 22:32:28,198 - cmab.trainer - INFO - Updated parameters file: /home/ccclr0302/autobahn-test/benchmark/.parameters-0.json
2026-02-03 22:32:29,198 - cmab.trainer - INFO - 🚩 Created RL parameter update signal file (epoch 50): /tmp/autobahn_rl_param_update_50.signal
2026-02-03 22:32:30,198 - cmab.trainer - INFO - Applied params: {'batch_size': 500000, 'header_size': 32, 'cut_condition_type': 3, 'fast_path_timeout': 200, 'k': 1}
2026-02-03 22:32:31,198 - cmab.trainer - INFO - Waiting for next metrics file...
