2026-02-03 20:34:04,026 - __main__ - INFO - Starting Autobahn Continuous CMAB Training
2026-02-03 20:34:04,026 - __main__ - INFO - metrics_dir=/home/ccclr0302/autobahn/metrics-0 parameters_file=/home/ccclr0302/autobahn-test/benchmark/.parameters-0.json
2026-02-03 20:34:04,027 - cmab.trainer - INFO - Initializing CMAB training loop...
2026-02-03 20:34:04,027 - cmab.trainer - INFO - Policy: random
2026-02-03 20:34:04,027 - cmab.trainer - INFO - Iterations: 200
2026-02-03 20:34:04,027 - cmab.trainer - INFO - No existing metrics file, waiting for epoch 0...
2026-02-03 20:34:29,996 - cmab.trainer - INFO - Updated parameters file: /home/ccclr0302/autobahn-test/benchmark/.parameters-0.json
2026-02-03 20:34:29,997 - cmab.trainer - INFO - 🚩 Created RL parameter update signal file (epoch 0): /tmp/autobahn_rl_param_update_0.signal
2026-02-03 20:34:29,997 - cmab.trainer - INFO - Applied params: {'batch_size': 750000, 'header_size': 128, 'cut_condition_type': 1, 'fast_path_timeout': 400, 'k': 3}
2026-02-03 20:34:29,997 - cmab.trainer - INFO - Waiting for next metrics file...
2026-02-03 20:34:34,609 - cmab.trainer - INFO - Iteration 1 : context=[4.6731687 2.3365843 0.519241  4.4135485 0.       ] arm=batch_size=750000,header_size=128,cut_condition_type=1,fast_path_timeout=400,k=3 params={'batch_size': 750000, 'header_size': 128, 'cut_condition_type': 1, 'fast_path_timeout': 400, 'k': 3}
2026-02-03 20:34:34,609 - cmab.trainer - INFO - Iteration 1 reward=0.352694 avg_reward(20)=0.352694 last_metrics=epoch_1_slot_135.json top_arm=batch_size=750000,header_size=128,cut_condition_type=1,fast_path_timeout=400,k=3 top_ratio=1.00
2026-02-03 20:34:34,612 - cmab.trainer - INFO - Updated parameters file: /home/ccclr0302/autobahn-test/benchmark/.parameters-0.json
2026-02-03 20:34:34,612 - cmab.trainer - INFO - 🚩 Created RL parameter update signal file (epoch 1): /tmp/autobahn_rl_param_update_1.signal
2026-02-03 20:34:34,613 - cmab.trainer - INFO - Applied params: {'batch_size': 750000, 'header_size': 32, 'cut_condition_type': 3, 'fast_path_timeout': 100, 'k': 3}
2026-02-03 20:34:34,613 - cmab.trainer - INFO - Waiting for next metrics file...
2026-02-03 20:34:40,829 - cmab.trainer - INFO - Iteration 2 : context=[7.3788495 3.6894248 3.6894248 0.        1.       ] arm=batch_size=750000,header_size=32,cut_condition_type=3,fast_path_timeout=100,k=3 params={'batch_size': 750000, 'header_size': 32, 'cut_condition_type': 3, 'fast_path_timeout': 100, 'k': 3}
2026-02-03 20:34:40,830 - cmab.trainer - INFO - Iteration 2 reward=0.526404 avg_reward(20)=0.439549 last_metrics=epoch_2_slot_255.json top_arm=batch_size=750000,header_size=128,cut_condition_type=1,fast_path_timeout=400,k=3 top_ratio=0.50
2026-02-03 20:34:40,833 - cmab.trainer - INFO - Updated parameters file: /home/ccclr0302/autobahn-test/benchmark/.parameters-0.json
2026-02-03 20:34:40,833 - cmab.trainer - INFO - 🚩 Created RL parameter update signal file (epoch 2): /tmp/autobahn_rl_param_update_2.signal
2026-02-03 20:34:40,833 - cmab.trainer - INFO - Applied params: {'batch_size': 500000, 'header_size': 64, 'cut_condition_type': 1, 'fast_path_timeout': 400, 'k': 1}
2026-02-03 20:34:40,833 - cmab.trainer - INFO - Waiting for next metrics file...
2026-02-03 20:34:48,854 - cmab.trainer - INFO - Iteration 3 : context=[11.166341 10.368745 10.368745 10.368745  1.      ] arm=batch_size=500000,header_size=64,cut_condition_type=1,fast_path_timeout=400,k=1 params={'batch_size': 500000, 'header_size': 64, 'cut_condition_type': 1, 'fast_path_timeout': 400, 'k': 1}
2026-02-03 20:34:48,855 - cmab.trainer - INFO - Iteration 3 reward=0.462028 avg_reward(20)=0.447042 last_metrics=epoch_3_slot_375.json top_arm=batch_size=750000,header_size=128,cut_condition_type=1,fast_path_timeout=400,k=3 top_ratio=0.33
2026-02-03 20:34:48,858 - cmab.trainer - INFO - Updated parameters file: /home/ccclr0302/autobahn-test/benchmark/.parameters-0.json
2026-02-03 20:34:48,858 - cmab.trainer - INFO - 🚩 Created RL parameter update signal file (epoch 3): /tmp/autobahn_rl_param_update_3.signal
2026-02-03 20:34:48,858 - cmab.trainer - INFO - Applied params: {'batch_size': 750000, 'header_size': 64, 'cut_condition_type': 1, 'fast_path_timeout': 100, 'k': 1}
2026-02-03 20:34:48,858 - cmab.trainer - INFO - Waiting for next metrics file...
2026-02-03 20:34:55,878 - cmab.trainer - INFO - Iteration 4 : context=[8.748066  7.4983425 7.4983425 6.2486186 1.       ] arm=batch_size=750000,header_size=64,cut_condition_type=1,fast_path_timeout=100,k=1 params={'batch_size': 750000, 'header_size': 64, 'cut_condition_type': 1, 'fast_path_timeout': 100, 'k': 1}
2026-02-03 20:34:55,878 - cmab.trainer - INFO - Iteration 4 reward=0.418407 avg_reward(20)=0.439883 last_metrics=epoch_4_slot_495.json top_arm=batch_size=750000,header_size=128,cut_condition_type=1,fast_path_timeout=400,k=3 top_ratio=0.25
2026-02-03 20:34:55,882 - cmab.trainer - INFO - Updated parameters file: /home/ccclr0302/autobahn-test/benchmark/.parameters-0.json
2026-02-03 20:34:55,882 - cmab.trainer - INFO - 🚩 Created RL parameter update signal file (epoch 4): /tmp/autobahn_rl_param_update_4.signal
2026-02-03 20:34:55,882 - cmab.trainer - INFO - Applied params: {'batch_size': 100000, 'header_size': 32, 'cut_condition_type': 3, 'fast_path_timeout': 400, 'k': 1}
2026-02-03 20:34:55,882 - cmab.trainer - INFO - Waiting for next metrics file...
[Parallel(n_jobs=1)]: Done  10 out of  10 | elapsed:    0.0s finished
[Parallel(n_jobs=1)]: Done  10 out of  10 | elapsed:    0.0s finished
2026-02-03 20:35:02,711 - cmab.policy - INFO - RF Updated: samples=5, MSE=0.068155
2026-02-03 20:35:02,711 - cmab.trainer - INFO - Iteration 5 : context=[6.222274 6.222274 4.977819 3.733364 1.      ] arm=batch_size=100000,header_size=32,cut_condition_type=3,fast_path_timeout=400,k=1 params={'batch_size': 100000, 'header_size': 32, 'cut_condition_type': 3, 'fast_path_timeout': 400, 'k': 1}
2026-02-03 20:35:02,711 - cmab.trainer - INFO - Iteration 5 reward=1.134691 avg_reward(20)=0.578845 last_metrics=epoch_5_slot_615.json top_arm=batch_size=750000,header_size=128,cut_condition_type=1,fast_path_timeout=400,k=3 top_ratio=0.20
2026-02-03 20:35:02,714 - cmab.trainer - INFO - Updated parameters file: /home/ccclr0302/autobahn-test/benchmark/.parameters-0.json
2026-02-03 20:35:02,714 - cmab.trainer - INFO - 🚩 Created RL parameter update signal file (epoch 5): /tmp/autobahn_rl_param_update_5.signal
2026-02-03 20:35:02,714 - cmab.trainer - INFO - Applied params: {'batch_size': 750000, 'header_size': 64, 'cut_condition_type': 1, 'fast_path_timeout': 100, 'k': 3}
2026-02-03 20:35:02,714 - cmab.trainer - INFO - Waiting for next metrics file...
2026-02-03 20:35:07,464 - cmab.trainer - INFO - Iteration 6 : context=[56.04746  58.538456 70.99345  59.783955  1.      ] arm=batch_size=750000,header_size=64,cut_condition_type=1,fast_path_timeout=100,k=3 params={'batch_size': 750000, 'header_size': 64, 'cut_condition_type': 1, 'fast_path_timeout': 100, 'k': 3}
2026-02-03 20:35:07,464 - cmab.trainer - INFO - Iteration 6 reward=0.499281 avg_reward(20)=0.565584 last_metrics=epoch_6_slot_736.json top_arm=batch_size=750000,header_size=128,cut_condition_type=1,fast_path_timeout=400,k=3 top_ratio=0.17
2026-02-03 20:35:07,548 - cmab.trainer - INFO - Updated parameters file: /home/ccclr0302/autobahn-test/benchmark/.parameters-0.json
2026-02-03 20:35:07,549 - cmab.trainer - INFO - 🚩 Created RL parameter update signal file (epoch 6): /tmp/autobahn_rl_param_update_6.signal
2026-02-03 20:35:07,549 - cmab.trainer - INFO - Applied params: {'batch_size': 500000, 'header_size': 32, 'cut_condition_type': 1, 'fast_path_timeout': 0, 'k': 1}
2026-02-03 20:35:07,549 - cmab.trainer - INFO - Waiting for next metrics file...
2026-02-03 20:35:12,061 - cmab.trainer - INFO - Iteration 7 : context=[11.235485   3.7451618  3.7451618  3.7451618  1.       ] arm=batch_size=500000,header_size=32,cut_condition_type=1,fast_path_timeout=0,k=1 params={'batch_size': 500000, 'header_size': 32, 'cut_condition_type': 1, 'fast_path_timeout': 0, 'k': 1}
2026-02-03 20:35:12,061 - cmab.trainer - INFO - Iteration 7 reward=0.582805 avg_reward(20)=0.568044 last_metrics=epoch_7_slot_855.json top_arm=batch_size=750000,header_size=128,cut_condition_type=1,fast_path_timeout=400,k=3 top_ratio=0.14
2026-02-03 20:35:12,594 - cmab.trainer - INFO - Updated parameters file: /home/ccclr0302/autobahn-test/benchmark/.parameters-0.json
2026-02-03 20:35:12,594 - cmab.trainer - INFO - 🚩 Created RL parameter update signal file (epoch 7): /tmp/autobahn_rl_param_update_7.signal
2026-02-03 20:35:12,594 - cmab.trainer - INFO - Applied params: {'batch_size': 750000, 'header_size': 128, 'cut_condition_type': 3, 'fast_path_timeout': 400, 'k': 3}
2026-02-03 20:35:12,594 - cmab.trainer - INFO - Waiting for next metrics file...
2026-02-03 20:35:34,855 - cmab.trainer - INFO - Iteration 8 : context=[16.230001 16.230001 16.230001 13.911429  0.      ] arm=batch_size=750000,header_size=128,cut_condition_type=3,fast_path_timeout=400,k=3 params={'batch_size': 750000, 'header_size': 128, 'cut_condition_type': 3, 'fast_path_timeout': 400, 'k': 3}
2026-02-03 20:35:34,855 - cmab.trainer - INFO - Iteration 8 reward=0.157433 avg_reward(20)=0.516718 last_metrics=epoch_8_slot_975.json top_arm=batch_size=750000,header_size=128,cut_condition_type=1,fast_path_timeout=400,k=3 top_ratio=0.12
2026-02-03 20:35:34,859 - cmab.trainer - INFO - Updated parameters file: /home/ccclr0302/autobahn-test/benchmark/.parameters-0.json
2026-02-03 20:35:34,859 - cmab.trainer - INFO - 🚩 Created RL parameter update signal file (epoch 8): /tmp/autobahn_rl_param_update_8.signal
2026-02-03 20:35:34,859 - cmab.trainer - INFO - Applied params: {'batch_size': 500000, 'header_size': 32, 'cut_condition_type': 1, 'fast_path_timeout': 0, 'k': 3}
2026-02-03 20:35:34,859 - cmab.trainer - INFO - Waiting for next metrics file...
2026-02-03 20:35:52,408 - cmab.trainer - INFO - Iteration 9 : context=[2.951832  2.740987  2.740987  2.5301418 1.       ] arm=batch_size=500000,header_size=32,cut_condition_type=1,fast_path_timeout=0,k=3 params={'batch_size': 500000, 'header_size': 32, 'cut_condition_type': 1, 'fast_path_timeout': 0, 'k': 3}
2026-02-03 20:35:52,408 - cmab.trainer - INFO - Iteration 9 reward=0.784406 avg_reward(20)=0.546461 last_metrics=epoch_9_slot_1095.json top_arm=batch_size=750000,header_size=128,cut_condition_type=1,fast_path_timeout=400,k=3 top_ratio=0.11
2026-02-03 20:35:52,412 - cmab.trainer - INFO - Updated parameters file: /home/ccclr0302/autobahn-test/benchmark/.parameters-0.json
2026-02-03 20:35:52,413 - cmab.trainer - INFO - 🚩 Created RL parameter update signal file (epoch 9): /tmp/autobahn_rl_param_update_9.signal
2026-02-03 20:35:52,413 - cmab.trainer - INFO - Applied params: {'batch_size': 500000, 'header_size': 128, 'cut_condition_type': 1, 'fast_path_timeout': 100, 'k': 1}
2026-02-03 20:35:52,413 - cmab.trainer - INFO - Waiting for next metrics file...
[Parallel(n_jobs=1)]: Done  10 out of  10 | elapsed:    0.0s finished
[Parallel(n_jobs=1)]: Done  10 out of  10 | elapsed:    0.0s finished
2026-02-03 20:35:57,236 - cmab.policy - INFO - RF Updated: samples=10, MSE=0.017897
2026-02-03 20:35:57,236 - cmab.trainer - INFO - Iteration 10 : context=[18.516794 15.430662 18.516794 12.34453   0.      ] arm=batch_size=500000,header_size=128,cut_condition_type=1,fast_path_timeout=100,k=1 params={'batch_size': 500000, 'header_size': 128, 'cut_condition_type': 1, 'fast_path_timeout': 100, 'k': 1}
2026-02-03 20:35:57,236 - cmab.trainer - INFO - Iteration 10 reward=0.331559 avg_reward(20)=0.524971 last_metrics=epoch_10_slot_1215.json top_arm=batch_size=750000,header_size=128,cut_condition_type=1,fast_path_timeout=400,k=3 top_ratio=0.10
2026-02-03 20:35:57,240 - cmab.trainer - INFO - Saved checkpoint: /tmp/cmab_continuous_checkpoints/cmab_checkpoint_10.pkl
2026-02-03 20:35:57,244 - cmab.trainer - INFO - Updated parameters file: /home/ccclr0302/autobahn-test/benchmark/.parameters-0.json
2026-02-03 20:35:57,244 - cmab.trainer - INFO - 🚩 Created RL parameter update signal file (epoch 10): /tmp/autobahn_rl_param_update_10.signal
2026-02-03 20:35:57,244 - cmab.trainer - INFO - Applied params: {'batch_size': 100000, 'header_size': 64, 'cut_condition_type': 1, 'fast_path_timeout': 400, 'k': 1}
2026-02-03 20:35:57,244 - cmab.trainer - INFO - Waiting for next metrics file...
2026-02-03 20:36:04,764 - cmab.trainer - INFO - Iteration 11 : context=[4.9802585 3.735194  3.735194  2.4901292 1.       ] arm=batch_size=100000,header_size=64,cut_condition_type=1,fast_path_timeout=400,k=1 params={'batch_size': 100000, 'header_size': 64, 'cut_condition_type': 1, 'fast_path_timeout': 400, 'k': 1}
2026-02-03 20:36:04,765 - cmab.trainer - INFO - Iteration 11 reward=0.905206 avg_reward(20)=0.559538 last_metrics=epoch_11_slot_1335.json top_arm=batch_size=750000,header_size=128,cut_condition_type=1,fast_path_timeout=400,k=3 top_ratio=0.09
2026-02-03 20:36:04,861 - cmab.trainer - INFO - Updated parameters file: /home/ccclr0302/autobahn-test/benchmark/.parameters-0.json
2026-02-03 20:36:04,861 - cmab.trainer - INFO - 🚩 Created RL parameter update signal file (epoch 11): /tmp/autobahn_rl_param_update_11.signal
2026-02-03 20:36:04,861 - cmab.trainer - INFO - Applied params: {'batch_size': 750000, 'header_size': 32, 'cut_condition_type': 3, 'fast_path_timeout': 100, 'k': 3}
2026-02-03 20:36:04,861 - cmab.trainer - INFO - Waiting for next metrics file...
2026-02-03 20:36:13,585 - cmab.trainer - INFO - Iteration 12 : context=[37.232803 37.232803 38.4739   34.750618  1.      ] arm=batch_size=750000,header_size=32,cut_condition_type=3,fast_path_timeout=100,k=3 params={'batch_size': 750000, 'header_size': 32, 'cut_condition_type': 3, 'fast_path_timeout': 100, 'k': 3}
2026-02-03 20:36:13,586 - cmab.trainer - INFO - Iteration 12 reward=0.393362 avg_reward(20)=0.545690 last_metrics=epoch_12_slot_1455.json top_arm=batch_size=750000,header_size=32,cut_condition_type=3,fast_path_timeout=100,k=3 top_ratio=0.17
2026-02-03 20:36:13,589 - cmab.trainer - INFO - Updated parameters file: /home/ccclr0302/autobahn-test/benchmark/.parameters-0.json
2026-02-03 20:36:13,589 - cmab.trainer - INFO - 🚩 Created RL parameter update signal file (epoch 12): /tmp/autobahn_rl_param_update_12.signal
2026-02-03 20:36:13,589 - cmab.trainer - INFO - Applied params: {'batch_size': 750000, 'header_size': 32, 'cut_condition_type': 1, 'fast_path_timeout': 400, 'k': 1}
2026-02-03 20:36:13,589 - cmab.trainer - INFO - Waiting for next metrics file...
2026-02-03 20:36:22,614 - cmab.trainer - INFO - Iteration 13 : context=[9.246206  7.8237133 7.8237133 7.8237133 1.       ] arm=batch_size=750000,header_size=32,cut_condition_type=1,fast_path_timeout=400,k=1 params={'batch_size': 750000, 'header_size': 32, 'cut_condition_type': 1, 'fast_path_timeout': 400, 'k': 1}
2026-02-03 20:36:22,615 - cmab.trainer - INFO - Iteration 13 reward=0.562439 avg_reward(20)=0.546978 last_metrics=epoch_13_slot_1575.json top_arm=batch_size=750000,header_size=32,cut_condition_type=3,fast_path_timeout=100,k=3 top_ratio=0.15
2026-02-03 20:36:22,618 - cmab.trainer - INFO - Updated parameters file: /home/ccclr0302/autobahn-test/benchmark/.parameters-0.json
2026-02-03 20:36:22,618 - cmab.trainer - INFO - 🚩 Created RL parameter update signal file (epoch 13): /tmp/autobahn_rl_param_update_13.signal
2026-02-03 20:36:22,618 - cmab.trainer - INFO - Applied params: {'batch_size': 100000, 'header_size': 32, 'cut_condition_type': 1, 'fast_path_timeout': 400, 'k': 3}
2026-02-03 20:36:22,618 - cmab.trainer - INFO - Waiting for next metrics file...
2026-02-03 20:36:27,833 - cmab.trainer - INFO - Iteration 14 : context=[11.190358  9.946984  9.946984  8.703611  1.      ] arm=batch_size=100000,header_size=32,cut_condition_type=1,fast_path_timeout=400,k=3 params={'batch_size': 100000, 'header_size': 32, 'cut_condition_type': 1, 'fast_path_timeout': 400, 'k': 3}
2026-02-03 20:36:27,833 - cmab.trainer - INFO - Iteration 14 reward=0.772133 avg_reward(20)=0.563061 last_metrics=epoch_14_slot_1695.json top_arm=batch_size=750000,header_size=32,cut_condition_type=3,fast_path_timeout=100,k=3 top_ratio=0.14
2026-02-03 20:36:27,836 - cmab.trainer - INFO - Updated parameters file: /home/ccclr0302/autobahn-test/benchmark/.parameters-0.json
2026-02-03 20:36:27,836 - cmab.trainer - INFO - 🚩 Created RL parameter update signal file (epoch 14): /tmp/autobahn_rl_param_update_14.signal
2026-02-03 20:36:27,836 - cmab.trainer - INFO - Applied params: {'batch_size': 500000, 'header_size': 128, 'cut_condition_type': 3, 'fast_path_timeout': 100, 'k': 3}
2026-02-03 20:36:27,836 - cmab.trainer - INFO - Waiting for next metrics file...
[Parallel(n_jobs=1)]: Done  10 out of  10 | elapsed:    0.0s finished
[Parallel(n_jobs=1)]: Done  10 out of  10 | elapsed:    0.0s finished
2026-02-03 20:36:42,188 - cmab.policy - INFO - RF Updated: samples=15, MSE=0.009404
2026-02-03 20:36:42,188 - cmab.trainer - INFO - Iteration 15 : context=[23.29855  14.561594 26.210869  0.        1.      ] arm=batch_size=500000,header_size=128,cut_condition_type=3,fast_path_timeout=100,k=3 params={'batch_size': 500000, 'header_size': 128, 'cut_condition_type': 3, 'fast_path_timeout': 100, 'k': 3}
2026-02-03 20:36:42,188 - cmab.trainer - INFO - Iteration 15 reward=0.238404 avg_reward(20)=0.541417 last_metrics=epoch_15_slot_1815.json top_arm=batch_size=750000,header_size=32,cut_condition_type=3,fast_path_timeout=100,k=3 top_ratio=0.13
2026-02-03 20:36:42,193 - cmab.trainer - INFO - Updated parameters file: /home/ccclr0302/autobahn-test/benchmark/.parameters-0.json
2026-02-03 20:36:42,194 - cmab.trainer - INFO - 🚩 Created RL parameter update signal file (epoch 15): /tmp/autobahn_rl_param_update_15.signal
2026-02-03 20:36:42,194 - cmab.trainer - INFO - Applied params: {'batch_size': 100000, 'header_size': 128, 'cut_condition_type': 1, 'fast_path_timeout': 100, 'k': 1}
2026-02-03 20:36:42,194 - cmab.trainer - INFO - Waiting for next metrics file...
2026-02-03 20:36:59,642 - cmab.trainer - INFO - Iteration 16 : context=[3.8240445 4.1182017 3.8240445 3.5298872 1.       ] arm=batch_size=100000,header_size=128,cut_condition_type=1,fast_path_timeout=100,k=1 params={'batch_size': 100000, 'header_size': 128, 'cut_condition_type': 1, 'fast_path_timeout': 100, 'k': 1}
2026-02-03 20:36:59,642 - cmab.trainer - INFO - Iteration 16 reward=0.591395 avg_reward(20)=0.544540 last_metrics=epoch_16_slot_1935.json top_arm=batch_size=750000,header_size=32,cut_condition_type=3,fast_path_timeout=100,k=3 top_ratio=0.12
2026-02-03 20:36:59,645 - cmab.trainer - INFO - Updated parameters file: /home/ccclr0302/autobahn-test/benchmark/.parameters-0.json

2026-02-03 20:39:21,141 - __main__ - INFO - Starting Autobahn Continuous CMAB Training
2026-02-03 20:39:21,142 - __main__ - INFO - metrics_dir=/home/ccclr0302/autobahn/metrics-0 parameters_file=/home/ccclr0302/autobahn-test/benchmark/.parameters-0.json
2026-02-03 20:39:21,142 - cmab.trainer - INFO - Initializing CMAB training loop...
2026-02-03 20:39:21,142 - cmab.trainer - INFO - Policy: random
2026-02-03 20:39:21,142 - cmab.trainer - INFO - Iterations: 200
2026-02-03 20:39:21,142 - cmab.trainer - INFO - No existing metrics file, waiting for epoch 0...
2026-02-03 20:39:46,810 - cmab.trainer - INFO - Updated parameters file: /home/ccclr0302/autobahn-test/benchmark/.parameters-0.json
2026-02-03 20:39:46,811 - cmab.trainer - INFO - 🚩 Created RL parameter update signal file (epoch 0): /tmp/autobahn_rl_param_update_0.signal
2026-02-03 20:39:46,811 - cmab.trainer - INFO - Applied params: {'batch_size': 500000, 'header_size': 128, 'cut_condition_type': 1, 'fast_path_timeout': 100, 'k': 3}
2026-02-03 20:39:46,811 - cmab.trainer - INFO - Waiting for next metrics file...
2026-02-03 20:39:51,122 - cmab.trainer - INFO - Iteration 17 : context=[1.6004889  0.16004889 2.2406845  2.4007332  0.        ] arm=batch_size=500000,header_size=128,cut_condition_type=1,fast_path_timeout=100,k=3 params={'batch_size': 500000, 'header_size': 128, 'cut_condition_type': 1, 'fast_path_timeout': 100, 'k': 3}
2026-02-03 20:39:51,123 - cmab.trainer - INFO - Iteration 17 reward=0.482580 avg_reward(20)=0.540896 last_metrics=epoch_1_slot_135.json top_arm=batch_size=500000,header_size=128,cut_condition_type=1,fast_path_timeout=100,k=3 top_ratio=1.00
2026-02-03 20:39:51,126 - cmab.trainer - INFO - Updated parameters file: /home/ccclr0302/autobahn-test/benchmark/.parameters-0.json
2026-02-03 20:39:51,126 - cmab.trainer - INFO - 🚩 Created RL parameter update signal file (epoch 1): /tmp/autobahn_rl_param_update_1.signal
2026-02-03 20:39:51,126 - cmab.trainer - INFO - Applied params: {'batch_size': 100000, 'header_size': 32, 'cut_condition_type': 3, 'fast_path_timeout': 100, 'k': 1}
2026-02-03 20:39:51,126 - cmab.trainer - INFO - Waiting for next metrics file...
2026-02-03 20:39:55,738 - cmab.trainer - INFO - Iteration 18 : context=[7.4026623 0.        3.7013311 3.7013311 1.       ] arm=batch_size=100000,header_size=32,cut_condition_type=3,fast_path_timeout=100,k=1 params={'batch_size': 100000, 'header_size': 32, 'cut_condition_type': 3, 'fast_path_timeout': 100, 'k': 1}
2026-02-03 20:39:55,739 - cmab.trainer - INFO - Iteration 18 reward=1.139918 avg_reward(20)=0.574175 last_metrics=epoch_2_slot_255.json top_arm=batch_size=500000,header_size=128,cut_condition_type=1,fast_path_timeout=100,k=3 top_ratio=0.50
2026-02-03 20:39:55,743 - cmab.trainer - INFO - Updated parameters file: /home/ccclr0302/autobahn-test/benchmark/.parameters-0.json
2026-02-03 20:39:55,743 - cmab.trainer - INFO - 🚩 Created RL parameter update signal file (epoch 2): /tmp/autobahn_rl_param_update_2.signal
2026-02-03 20:39:55,743 - cmab.trainer - INFO - Applied params: {'batch_size': 500000, 'header_size': 64, 'cut_condition_type': 3, 'fast_path_timeout': 400, 'k': 1}
2026-02-03 20:39:55,743 - cmab.trainer - INFO - Waiting for next metrics file...
2026-02-03 20:40:05,168 - cmab.trainer - INFO - Iteration 19 : context=[69.58916  58.40519  60.890514 64.61851   1.      ] arm=batch_size=500000,header_size=64,cut_condition_type=3,fast_path_timeout=400,k=1 params={'batch_size': 500000, 'header_size': 64, 'cut_condition_type': 3, 'fast_path_timeout': 400, 'k': 1}
2026-02-03 20:40:05,168 - cmab.trainer - INFO - Iteration 19 reward=0.481251 avg_reward(20)=0.569284 last_metrics=epoch_3_slot_375.json top_arm=batch_size=500000,header_size=128,cut_condition_type=1,fast_path_timeout=100,k=3 top_ratio=0.33
2026-02-03 20:40:05,171 - cmab.trainer - INFO - Updated parameters file: /home/ccclr0302/autobahn-test/benchmark/.parameters-0.json
2026-02-03 20:40:05,171 - cmab.trainer - INFO - 🚩 Created RL parameter update signal file (epoch 3): /tmp/autobahn_rl_param_update_3.signal
2026-02-03 20:40:05,172 - cmab.trainer - INFO - Applied params: {'batch_size': 500000, 'header_size': 32, 'cut_condition_type': 3, 'fast_path_timeout': 400, 'k': 1}
2026-02-03 20:40:05,172 - cmab.trainer - INFO - Waiting for next metrics file...
2026-02-03 20:40:15,299 - cmab.trainer - INFO - Iteration 20 : context=[7.3385334 7.3385334 7.3385334 8.672812  1.       ] arm=batch_size=500000,header_size=32,cut_condition_type=3,fast_path_timeout=400,k=1 params={'batch_size': 500000, 'header_size': 32, 'cut_condition_type': 3, 'fast_path_timeout': 400, 'k': 1}
2026-02-03 20:40:15,300 - cmab.trainer - INFO - Iteration 20 reward=0.709701 avg_reward(20)=0.576305 last_metrics=epoch_4_slot_495.json top_arm=batch_size=500000,header_size=128,cut_condition_type=1,fast_path_timeout=100,k=3 top_ratio=0.25
2026-02-03 20:40:15,701 - cmab.trainer - INFO - Updated parameters file: /home/ccclr0302/autobahn-test/benchmark/.parameters-0.json
2026-02-03 20:40:15,702 - cmab.trainer - INFO - 🚩 Created RL parameter update signal file (epoch 4): /tmp/autobahn_rl_param_update_4.signal
2026-02-03 20:40:15,702 - cmab.trainer - INFO - Applied params: {'batch_size': 100000, 'header_size': 32, 'cut_condition_type': 1, 'fast_path_timeout': 100, 'k': 3}
2026-02-03 20:40:15,702 - cmab.trainer - INFO - Waiting for next metrics file...
[Parallel(n_jobs=1)]: Done  10 out of  10 | elapsed:    0.0s finished
[Parallel(n_jobs=1)]: Done  10 out of  10 | elapsed:    0.0s finished
2026-02-03 20:40:20,525 - cmab.policy - INFO - RF Updated: samples=5, MSE=0.032523
2026-02-03 20:40:20,526 - cmab.trainer - INFO - Iteration 21 : context=[16.019976 15.018727 15.018727 14.017479  1.      ] arm=batch_size=100000,header_size=32,cut_condition_type=1,fast_path_timeout=100,k=3 params={'batch_size': 100000, 'header_size': 32, 'cut_condition_type': 1, 'fast_path_timeout': 100, 'k': 3}
2026-02-03 20:40:20,526 - cmab.trainer - INFO - Iteration 21 reward=1.055739 avg_reward(20)=0.611457 last_metrics=epoch_5_slot_615.json top_arm=batch_size=500000,header_size=128,cut_condition_type=1,fast_path_timeout=100,k=3 top_ratio=0.20
2026-02-03 20:40:20,529 - cmab.trainer - INFO - Updated parameters file: /home/ccclr0302/autobahn-test/benchmark/.parameters-0.json
2026-02-03 20:40:20,529 - cmab.trainer - INFO - 🚩 Created RL parameter update signal file (epoch 5): /tmp/autobahn_rl_param_update_5.signal
2026-02-03 20:40:20,529 - cmab.trainer - INFO - Applied params: {'batch_size': 750000, 'header_size': 64, 'cut_condition_type': 3, 'fast_path_timeout': 400, 'k': 1}
2026-02-03 20:40:20,529 - cmab.trainer - INFO - Waiting for next metrics file...
2026-02-03 20:40:32,461 - cmab.trainer - INFO - Iteration 22 : context=[70.66039  44.627613 70.66039  48.34658   1.      ] arm=batch_size=750000,header_size=64,cut_condition_type=3,fast_path_timeout=400,k=1 params={'batch_size': 750000, 'header_size': 64, 'cut_condition_type': 3, 'fast_path_timeout': 400, 'k': 1}
2026-02-03 20:40:32,461 - cmab.trainer - INFO - Iteration 22 reward=0.268153 avg_reward(20)=0.598545 last_metrics=epoch_6_slot_735.json top_arm=batch_size=500000,header_size=128,cut_condition_type=1,fast_path_timeout=100,k=3 top_ratio=0.17
2026-02-03 20:40:32,465 - cmab.trainer - INFO - Updated parameters file: /home/ccclr0302/autobahn-test/benchmark/.parameters-0.json
2026-02-03 20:40:32,465 - cmab.trainer - INFO - 🚩 Created RL parameter update signal file (epoch 6): /tmp/autobahn_rl_param_update_6.signal
2026-02-03 20:40:32,465 - cmab.trainer - INFO - Applied params: {'batch_size': 100000, 'header_size': 128, 'cut_condition_type': 1, 'fast_path_timeout': 100, 'k': 1}
2026-02-03 20:40:32,465 - cmab.trainer - INFO - Waiting for next metrics file...
2026-02-03 20:40:45,901 - cmab.trainer - INFO - Iteration 23 : context=[5.0997853 4.7074943 5.4920764 4.7074943 1.       ] arm=batch_size=100000,header_size=128,cut_condition_type=1,fast_path_timeout=100,k=1 params={'batch_size': 100000, 'header_size': 128, 'cut_condition_type': 1, 'fast_path_timeout': 100, 'k': 1}
2026-02-03 20:40:45,902 - cmab.trainer - INFO - Iteration 23 reward=0.748850 avg_reward(20)=0.612886 last_metrics=epoch_7_slot_855.json top_arm=batch_size=500000,header_size=128,cut_condition_type=1,fast_path_timeout=100,k=3 top_ratio=0.14
2026-02-03 20:40:45,905 - cmab.trainer - INFO - Updated parameters file: /home/ccclr0302/autobahn-test/benchmark/.parameters-0.json
2026-02-03 20:40:45,905 - cmab.trainer - INFO - 🚩 Created RL parameter update signal file (epoch 7): /tmp/autobahn_rl_param_update_7.signal
2026-02-03 20:40:45,905 - cmab.trainer - INFO - Applied params: {'batch_size': 500000, 'header_size': 32, 'cut_condition_type': 3, 'fast_path_timeout': 400, 'k': 1}
2026-02-03 20:40:45,905 - cmab.trainer - INFO - Waiting for next metrics file...
2026-02-03 20:40:53,526 - cmab.trainer - INFO - Iteration 24 : context=[19.834213 19.834213 17.354937 18.594576  1.      ] arm=batch_size=500000,header_size=32,cut_condition_type=3,fast_path_timeout=400,k=1 params={'batch_size': 500000, 'header_size': 32, 'cut_condition_type': 3, 'fast_path_timeout': 400, 'k': 1}
2026-02-03 20:40:53,526 - cmab.trainer - INFO - Iteration 24 reward=0.698777 avg_reward(20)=0.626904 last_metrics=epoch_8_slot_975.json top_arm=batch_size=500000,header_size=32,cut_condition_type=3,fast_path_timeout=400,k=1 top_ratio=0.25
2026-02-03 20:40:53,529 - cmab.trainer - INFO - Updated parameters file: /home/ccclr0302/autobahn-test/benchmark/.parameters-0.json
2026-02-03 20:40:53,530 - cmab.trainer - INFO - 🚩 Created RL parameter update signal file (epoch 8): /tmp/autobahn_rl_param_update_8.signal
2026-02-03 20:40:53,530 - cmab.trainer - INFO - Applied params: {'batch_size': 750000, 'header_size': 128, 'cut_condition_type': 1, 'fast_path_timeout': 400, 'k': 3}
2026-02-03 20:40:53,530 - cmab.trainer - INFO - Waiting for next metrics file...
2026-02-03 20:40:58,945 - cmab.trainer - INFO - Iteration 25 : context=[14.084207 16.096237 15.090221 15.090221  1.      ] arm=batch_size=750000,header_size=128,cut_condition_type=1,fast_path_timeout=400,k=3 params={'batch_size': 750000, 'header_size': 128, 'cut_condition_type': 1, 'fast_path_timeout': 400, 'k': 3}
2026-02-03 20:40:58,945 - cmab.trainer - INFO - Iteration 25 reward=0.300321 avg_reward(20)=0.585186 last_metrics=epoch_9_slot_1096.json top_arm=batch_size=500000,header_size=32,cut_condition_type=3,fast_path_timeout=400,k=1 top_ratio=0.22
2026-02-03 20:40:58,950 - cmab.trainer - INFO - Updated parameters file: /home/ccclr0302/autobahn-test/benchmark/.parameters-0.json
2026-02-03 20:40:58,950 - cmab.trainer - INFO - 🚩 Created RL parameter update signal file (epoch 9): /tmp/autobahn_rl_param_update_9.signal
2026-02-03 20:40:58,950 - cmab.trainer - INFO - Applied params: {'batch_size': 500000, 'header_size': 64, 'cut_condition_type': 3, 'fast_path_timeout': 0, 'k': 1}
2026-02-03 20:40:58,950 - cmab.trainer - INFO - Waiting for next metrics file...
2026-02-03 20:41:00,355 - cmab.trainer - WARNING - Detected abandon signal for epoch 10, using action from epoch 9 for update
[Parallel(n_jobs=1)]: Done  10 out of  10 | elapsed:    0.0s finished
[Parallel(n_jobs=1)]: Done  10 out of  10 | elapsed:    0.0s finished
2026-02-03 20:41:00,366 - cmab.policy - INFO - RF Updated: samples=10, MSE=0.011509
2026-02-03 20:41:00,366 - cmab.trainer - INFO - Iteration 26 : context=[6.4584756 2.152825  4.30565   4.30565   1.       ] arm=batch_size=750000,header_size=128,cut_condition_type=1,fast_path_timeout=400,k=3 params={'batch_size': 750000, 'header_size': 128, 'cut_condition_type': 1, 'fast_path_timeout': 400, 'k': 3}
2026-02-03 20:41:00,366 - cmab.trainer - INFO - Iteration 26 reward=0.341822 avg_reward(20)=0.577313 last_metrics=epoch_10_slot_1215.json top_arm=batch_size=500000,header_size=32,cut_condition_type=3,fast_path_timeout=400,k=1 top_ratio=0.20
2026-02-03 20:41:00,370 - cmab.trainer - INFO - Saved checkpoint: /tmp/cmab_continuous_checkpoints/cmab_checkpoint_10.pkl
2026-02-03 20:41:00,374 - cmab.trainer - INFO - Updated parameters file: /home/ccclr0302/autobahn-test/benchmark/.parameters-0.json
2026-02-03 20:41:00,374 - cmab.trainer - INFO - 🚩 Created RL parameter update signal file (epoch 10): /tmp/autobahn_rl_param_update_10.signal
2026-02-03 20:41:00,374 - cmab.trainer - INFO - Applied params: {'batch_size': 500000, 'header_size': 128, 'cut_condition_type': 1, 'fast_path_timeout': 0, 'k': 1}
2026-02-03 20:41:00,374 - cmab.trainer - INFO - Waiting for next metrics file...
2026-02-03 20:41:06,090 - cmab.trainer - INFO - Iteration 27 : context=[3.7453759 0.        3.7453759 3.7453759 1.       ] arm=batch_size=500000,header_size=128,cut_condition_type=1,fast_path_timeout=0,k=1 params={'batch_size': 500000, 'header_size': 128, 'cut_condition_type': 1, 'fast_path_timeout': 0, 'k': 1}
2026-02-03 20:41:06,091 - cmab.trainer - INFO - Iteration 27 reward=0.316106 avg_reward(20)=0.563978 last_metrics=epoch_11_slot_1335.json top_arm=batch_size=500000,header_size=32,cut_condition_type=3,fast_path_timeout=400,k=1 top_ratio=0.18
2026-02-03 20:41:06,096 - cmab.trainer - INFO - Updated parameters file: /home/ccclr0302/autobahn-test/benchmark/.parameters-0.json
2026-02-03 20:41:06,096 - cmab.trainer - INFO - 🚩 Created RL parameter update signal file (epoch 11): /tmp/autobahn_rl_param_update_11.signal
2026-02-03 20:41:06,096 - cmab.trainer - INFO - Applied params: {'batch_size': 500000, 'header_size': 64, 'cut_condition_type': 3, 'fast_path_timeout': 0, 'k': 3}
2026-02-03 20:41:06,096 - cmab.trainer - INFO - Waiting for next metrics file...
2026-02-03 20:41:17,328 - cmab.trainer - INFO - Iteration 28 : context=[4.6546383 2.3273191 3.4909787 4.6546383 0.       ] arm=batch_size=500000,header_size=64,cut_condition_type=3,fast_path_timeout=0,k=3 params={'batch_size': 500000, 'header_size': 64, 'cut_condition_type': 3, 'fast_path_timeout': 0, 'k': 3}
2026-02-03 20:41:17,328 - cmab.trainer - INFO - Iteration 28 reward=0.352915 avg_reward(20)=0.573752 last_metrics=epoch_12_slot_1455.json top_arm=batch_size=500000,header_size=32,cut_condition_type=3,fast_path_timeout=400,k=1 top_ratio=0.17
2026-02-03 20:41:17,331 - cmab.trainer - INFO - Updated parameters file: /home/ccclr0302/autobahn-test/benchmark/.parameters-0.json
2026-02-03 20:41:17,331 - cmab.trainer - INFO - 🚩 Created RL parameter update signal file (epoch 12): /tmp/autobahn_rl_param_update_12.signal
2026-02-03 20:41:17,331 - cmab.trainer - INFO - Applied params: {'batch_size': 500000, 'header_size': 128, 'cut_condition_type': 3, 'fast_path_timeout': 400, 'k': 3}
2026-02-03 20:41:17,331 - cmab.trainer - INFO - Waiting for next metrics file...
2026-02-03 20:41:37,479 - cmab.trainer - INFO - Iteration 29 : context=[7.4672046 6.844938  6.844938  8.089472  0.       ] arm=batch_size=500000,header_size=128,cut_condition_type=3,fast_path_timeout=400,k=3 params={'batch_size': 500000, 'header_size': 128, 'cut_condition_type': 3, 'fast_path_timeout': 400, 'k': 3}
2026-02-03 20:41:37,479 - cmab.trainer - INFO - Iteration 29 reward=0.188725 avg_reward(20)=0.543968 last_metrics=epoch_13_slot_1575.json top_arm=batch_size=500000,header_size=32,cut_condition_type=3,fast_path_timeout=400,k=1 top_ratio=0.15
2026-02-03 20:41:37,483 - cmab.trainer - INFO - Updated parameters file: /home/ccclr0302/autobahn-test/benchmark/.parameters-0.json
2026-02-03 20:41:37,483 - cmab.trainer - INFO - 🚩 Created RL parameter update signal file (epoch 13): /tmp/autobahn_rl_param_update_13.signal
2026-02-03 20:41:37,483 - cmab.trainer - INFO - Applied params: {'batch_size': 100000, 'header_size': 32, 'cut_condition_type': 3, 'fast_path_timeout': 0, 'k': 3}
2026-02-03 20:41:37,483 - cmab.trainer - INFO - Waiting for next metrics file...
2026-02-03 20:41:51,475 - cmab.trainer - INFO - Iteration 30 : context=[3.7870662 3.7870662 3.5165615 4.057571  1.       ] arm=batch_size=100000,header_size=32,cut_condition_type=3,fast_path_timeout=0,k=3 params={'batch_size': 100000, 'header_size': 32, 'cut_condition_type': 3, 'fast_path_timeout': 0, 'k': 3}
2026-02-03 20:41:51,475 - cmab.trainer - INFO - Iteration 30 reward=1.132278 avg_reward(20)=0.584004 last_metrics=epoch_14_slot_1695.json top_arm=batch_size=500000,header_size=32,cut_condition_type=3,fast_path_timeout=400,k=1 top_ratio=0.14
2026-02-03 20:41:51,481 - cmab.trainer - INFO - Updated parameters file: /home/ccclr0302/autobahn-test/benchmark/.parameters-0.json
2026-02-03 20:41:51,481 - cmab.trainer - INFO - 🚩 Created RL parameter update signal file (epoch 14): /tmp/autobahn_rl_param_update_14.signal
2026-02-03 20:41:51,481 - cmab.trainer - INFO - Applied params: {'batch_size': 100000, 'header_size': 128, 'cut_condition_type': 3, 'fast_path_timeout': 400, 'k': 3}
2026-02-03 20:41:51,481 - cmab.trainer - INFO - Waiting for next metrics file...
[Parallel(n_jobs=1)]: Done  10 out of  10 | elapsed:    0.0s finished
[Parallel(n_jobs=1)]: Done  10 out of  10 | elapsed:    0.0s finished
2026-02-03 20:41:56,806 - cmab.policy - INFO - RF Updated: samples=15, MSE=0.007489
2026-02-03 20:41:56,806 - cmab.trainer - INFO - Iteration 31 : context=[43.41983  37.217    41.35222  47.555054  0.      ] arm=batch_size=100000,header_size=128,cut_condition_type=3,fast_path_timeout=400,k=3 params={'batch_size': 100000, 'header_size': 128, 'cut_condition_type': 3, 'fast_path_timeout': 400, 'k': 3}
2026-02-03 20:41:56,806 - cmab.trainer - INFO - Iteration 31 reward=0.713845 avg_reward(20)=0.574436 last_metrics=epoch_15_slot_1815.json top_arm=batch_size=500000,header_size=32,cut_condition_type=3,fast_path_timeout=400,k=1 top_ratio=0.13
2026-02-03 20:41:57,317 - cmab.trainer - INFO - Updated parameters file: /home/ccclr0302/autobahn-test/benchmark/.parameters-0.json
2026-02-03 20:41:57,317 - cmab.trainer - INFO - 🚩 Created RL parameter update signal file (epoch 15): /tmp/autobahn_rl_param_update_15.signal
2026-02-03 20:41:57,317 - cmab.trainer - INFO - Applied params: {'batch_size': 500000, 'header_size': 32, 'cut_condition_type': 1, 'fast_path_timeout': 400, 'k': 3}
2026-02-03 20:41:57,317 - cmab.trainer - INFO - Waiting for next metrics file...
2026-02-03 20:42:00,928 - cmab.trainer - INFO - Iteration 32 : context=[18.7024   17.263754 15.825109 15.825109  1.      ] arm=batch_size=500000,header_size=32,cut_condition_type=1,fast_path_timeout=400,k=3 params={'batch_size': 500000, 'header_size': 32, 'cut_condition_type': 1, 'fast_path_timeout': 400, 'k': 3}
2026-02-03 20:42:00,928 - cmab.trainer - INFO - Iteration 32 reward=0.688345 avg_reward(20)=0.589185 last_metrics=epoch_16_slot_1935.json top_arm=batch_size=500000,header_size=32,cut_condition_type=3,fast_path_timeout=400,k=1 top_ratio=0.12
2026-02-03 20:42:01,326 - cmab.trainer - INFO - Updated parameters file: /home/ccclr0302/autobahn-test/benchmark/.parameters-0.json
2026-02-03 20:42:01,326 - cmab.trainer - INFO - 🚩 Created RL parameter update signal file (epoch 16): /tmp/autobahn_rl_param_update_16.signal
2026-02-03 20:42:01,326 - cmab.trainer - INFO - Applied params: {'batch_size': 750000, 'header_size': 32, 'cut_condition_type': 1, 'fast_path_timeout': 100, 'k': 1}
2026-02-03 20:42:01,326 - cmab.trainer - INFO - Waiting for next metrics file...
2026-02-03 20:42:03,734 - cmab.trainer - WARNING - Detected abandon signal for epoch 17, using action from epoch 16 for update
2026-02-03 20:42:03,734 - cmab.trainer - INFO - Iteration 33 : context=[16.778625 16.778625 13.4229   20.13435   1.      ] arm=batch_size=500000,header_size=32,cut_condition_type=1,fast_path_timeout=400,k=3 params={'batch_size': 500000, 'header_size': 32, 'cut_condition_type': 1, 'fast_path_timeout': 400, 'k': 3}
2026-02-03 20:42:03,735 - cmab.trainer - INFO - Iteration 33 reward=0.800540 avg_reward(20)=0.601090 last_metrics=epoch_17_slot_2055.json top_arm=batch_size=500000,header_size=32,cut_condition_type=3,fast_path_timeout=400,k=1 top_ratio=0.12
2026-02-03 20:42:03,738 - cmab.trainer - INFO - Updated parameters file: /home/ccclr0302/autobahn-test/benchmark/.parameters-0.json
2026-02-03 20:42:03,738 - cmab.trainer - INFO - 🚩 Created RL parameter update signal file (epoch 17): /tmp/autobahn_rl_param_update_17.signal
2026-02-03 20:42:03,738 - cmab.trainer - INFO - Applied params: {'batch_size': 500000, 'header_size': 128, 'cut_condition_type': 1, 'fast_path_timeout': 100, 'k': 1}
2026-02-03 20:42:03,738 - cmab.trainer - INFO - Waiting for next metrics file...
2026-02-03 20:42:05,945 - cmab.trainer - WARNING - Detected abandon signal for epoch 18, using action from epoch 17 for update
2026-02-03 20:42:05,945 - cmab.trainer - INFO - Iteration 34 : context=[14.929603 14.929603 14.929603 11.197203  1.      ] arm=batch_size=500000,header_size=32,cut_condition_type=1,fast_path_timeout=400,k=3 params={'batch_size': 500000, 'header_size': 32, 'cut_condition_type': 1, 'fast_path_timeout': 400, 'k': 3}
2026-02-03 20:42:05,945 - cmab.trainer - INFO - Iteration 34 reward=0.869724 avg_reward(20)=0.605969 last_metrics=epoch_18_slot_2175.json top_arm=batch_size=500000,header_size=32,cut_condition_type=3,fast_path_timeout=400,k=1 top_ratio=0.11
2026-02-03 20:42:06,376 - cmab.trainer - INFO - Updated parameters file: /home/ccclr0302/autobahn-test/benchmark/.parameters-0.json
2026-02-03 20:42:06,377 - cmab.trainer - INFO - 🚩 Created RL parameter update signal file (epoch 18): /tmp/autobahn_rl_param_update_18.signal
2026-02-03 20:42:06,377 - cmab.trainer - INFO - Applied params: {'batch_size': 750000, 'header_size': 32, 'cut_condition_type': 1, 'fast_path_timeout': 400, 'k': 3}
2026-02-03 20:42:06,377 - cmab.trainer - INFO - Waiting for next metrics file...
2026-02-03 20:42:09,987 - cmab.trainer - WARNING - Detected abandon signal for epoch 19, using action from epoch 18 for update
2026-02-03 20:42:09,988 - cmab.trainer - INFO - Iteration 35 : context=[18.72631  11.235786 14.981049 14.981049  1.      ] arm=batch_size=500000,header_size=32,cut_condition_type=1,fast_path_timeout=400,k=3 params={'batch_size': 500000, 'header_size': 32, 'cut_condition_type': 1, 'fast_path_timeout': 400, 'k': 3}
2026-02-03 20:42:09,988 - cmab.trainer - INFO - Iteration 35 reward=0.432886 avg_reward(20)=0.615694 last_metrics=epoch_19_slot_2295.json top_arm=batch_size=500000,header_size=32,cut_condition_type=3,fast_path_timeout=400,k=1 top_ratio=0.11
2026-02-03 20:42:10,052 - cmab.trainer - INFO - Updated parameters file: /home/ccclr0302/autobahn-test/benchmark/.parameters-0.json
2026-02-03 20:42:10,052 - cmab.trainer - INFO - 🚩 Created RL parameter update signal file (epoch 19): /tmp/autobahn_rl_param_update_19.signal
2026-02-03 20:42:10,053 - cmab.trainer - INFO - Applied params: {'batch_size': 100000, 'header_size': 64, 'cut_condition_type': 1, 'fast_path_timeout': 0, 'k': 3}
2026-02-03 20:42:10,053 - cmab.trainer - INFO - Waiting for next metrics file...
2026-02-03 20:42:11,094 - cmab.trainer - WARNING - Detected abandon signal for epoch 20, using action from epoch 19 for update
[Parallel(n_jobs=1)]: Done  10 out of  10 | elapsed:    0.0s finished
[Parallel(n_jobs=1)]: Done  10 out of  10 | elapsed:    0.0s finished
2026-02-03 20:42:11,265 - cmab.policy - INFO - RF Updated: samples=20, MSE=0.013885
2026-02-03 20:42:11,265 - cmab.trainer - INFO - Iteration 36 : context=[ 8.878868 11.098585 11.098585 11.098585  1.      ] arm=batch_size=500000,header_size=32,cut_condition_type=1,fast_path_timeout=400,k=3 params={'batch_size': 500000, 'header_size': 32, 'cut_condition_type': 1, 'fast_path_timeout': 400, 'k': 3}
2026-02-03 20:42:11,265 - cmab.trainer - INFO - Iteration 36 reward=0.924055 avg_reward(20)=0.632327 last_metrics=epoch_20_slot_2415.json top_arm=batch_size=500000,header_size=32,cut_condition_type=3,fast_path_timeout=400,k=1 top_ratio=0.10
2026-02-03 20:42:11,269 - cmab.trainer - INFO - Saved checkpoint: /tmp/cmab_continuous_checkpoints/cmab_checkpoint_20.pkl
2026-02-03 20:43:38,309 - __main__ - INFO - Starting Autobahn Continuous CMAB Training
2026-02-03 20:43:38,310 - __main__ - INFO - metrics_dir=/home/ccclr0302/autobahn/metrics-0 parameters_file=/home/ccclr0302/autobahn-test/benchmark/.parameters-0.json
2026-02-03 20:43:38,310 - cmab.trainer - INFO - Initializing CMAB training loop...
2026-02-03 20:43:38,310 - cmab.trainer - INFO - Policy: random
2026-02-03 20:43:38,310 - cmab.trainer - INFO - Iterations: 200
2026-02-03 20:43:38,310 - cmab.trainer - INFO - No existing metrics file, waiting for epoch 0...
2026-02-03 20:44:04,182 - cmab.trainer - INFO - Updated parameters file: /home/ccclr0302/autobahn-test/benchmark/.parameters-0.json
2026-02-03 20:44:04,182 - cmab.trainer - INFO - 🚩 Created RL parameter update signal file (epoch 0): /tmp/autobahn_rl_param_update_0.signal
2026-02-03 20:44:04,182 - cmab.trainer - INFO - Applied params: {'batch_size': 500000, 'header_size': 128, 'cut_condition_type': 3, 'fast_path_timeout': 400, 'k': 1}
2026-02-03 20:44:04,182 - cmab.trainer - INFO - Waiting for next metrics file...
2026-02-03 20:44:20,224 - cmab.trainer - INFO - Iteration 37 : context=[0.45317665 2.2658832  2.71906    3.1722367  0.        ] arm=batch_size=500000,header_size=128,cut_condition_type=3,fast_path_timeout=400,k=1 params={'batch_size': 500000, 'header_size': 128, 'cut_condition_type': 3, 'fast_path_timeout': 400, 'k': 1}
2026-02-03 20:44:20,224 - cmab.trainer - INFO - Iteration 37 reward=0.231117 avg_reward(20)=0.619753 last_metrics=epoch_1_slot_135.json top_arm=batch_size=500000,header_size=128,cut_condition_type=3,fast_path_timeout=400,k=1 top_ratio=1.00
2026-02-03 20:44:20,228 - cmab.trainer - INFO - Updated parameters file: /home/ccclr0302/autobahn-test/benchmark/.parameters-0.json
2026-02-03 20:44:20,228 - cmab.trainer - INFO - 🚩 Created RL parameter update signal file (epoch 1): /tmp/autobahn_rl_param_update_1.signal
2026-02-03 20:44:20,228 - cmab.trainer - INFO - Applied params: {'batch_size': 500000, 'header_size': 64, 'cut_condition_type': 1, 'fast_path_timeout': 100, 'k': 3}
2026-02-03 20:44:20,228 - cmab.trainer - INFO - Waiting for next metrics file...
2026-02-03 20:44:32,861 - cmab.trainer - INFO - Iteration 38 : context=[3.6966767 3.3886204 3.3886204 4.004733  1.       ] arm=batch_size=500000,header_size=64,cut_condition_type=1,fast_path_timeout=100,k=3 params={'batch_size': 500000, 'header_size': 64, 'cut_condition_type': 1, 'fast_path_timeout': 100, 'k': 3}
2026-02-03 20:44:32,861 - cmab.trainer - INFO - Iteration 38 reward=0.613271 avg_reward(20)=0.593421 last_metrics=epoch_2_slot_255.json top_arm=batch_size=500000,header_size=128,cut_condition_type=3,fast_path_timeout=400,k=1 top_ratio=0.50
2026-02-03 20:44:33,246 - cmab.trainer - INFO - Updated parameters file: /home/ccclr0302/autobahn-test/benchmark/.parameters-0.json
2026-02-03 20:44:33,247 - cmab.trainer - INFO - 🚩 Created RL parameter update signal file (epoch 2): /tmp/autobahn_rl_param_update_2.signal
2026-02-03 20:44:33,247 - cmab.trainer - INFO - Applied params: {'batch_size': 500000, 'header_size': 128, 'cut_condition_type': 3, 'fast_path_timeout': 400, 'k': 1}
2026-02-03 20:44:33,247 - cmab.trainer - INFO - Waiting for next metrics file...
2026-02-03 20:44:47,987 - cmab.trainer - INFO - Iteration 39 : context=[3.7001262 3.7001262 7.4002523 7.4002523 1.       ] arm=batch_size=500000,header_size=128,cut_condition_type=3,fast_path_timeout=400,k=1 params={'batch_size': 500000, 'header_size': 128, 'cut_condition_type': 3, 'fast_path_timeout': 400, 'k': 1}
2026-02-03 20:44:47,987 - cmab.trainer - INFO - Iteration 39 reward=0.225029 avg_reward(20)=0.580610 last_metrics=epoch_3_slot_375.json top_arm=batch_size=500000,header_size=128,cut_condition_type=3,fast_path_timeout=400,k=1 top_ratio=0.67
2026-02-03 20:44:47,991 - cmab.trainer - INFO - Updated parameters file: /home/ccclr0302/autobahn-test/benchmark/.parameters-0.json
2026-02-03 20:44:47,991 - cmab.trainer - INFO - 🚩 Created RL parameter update signal file (epoch 3): /tmp/autobahn_rl_param_update_3.signal
2026-02-03 20:44:47,991 - cmab.trainer - INFO - Applied params: {'batch_size': 500000, 'header_size': 128, 'cut_condition_type': 3, 'fast_path_timeout': 100, 'k': 3}
2026-02-03 20:44:47,991 - cmab.trainer - INFO - Waiting for next metrics file...
2026-02-03 20:45:12,255 - cmab.trainer - INFO - Iteration 40 : context=[3.9187117 4.274958  3.9187117 3.5624652 1.       ] arm=batch_size=500000,header_size=128,cut_condition_type=3,fast_path_timeout=100,k=3 params={'batch_size': 500000, 'header_size': 128, 'cut_condition_type': 3, 'fast_path_timeout': 100, 'k': 3}
2026-02-03 20:45:12,255 - cmab.trainer - INFO - Iteration 40 reward=0.222568 avg_reward(20)=0.556253 last_metrics=epoch_4_slot_495.json top_arm=batch_size=500000,header_size=128,cut_condition_type=3,fast_path_timeout=400,k=1 top_ratio=0.50
2026-02-03 20:45:12,259 - cmab.trainer - INFO - Updated parameters file: /home/ccclr0302/autobahn-test/benchmark/.parameters-0.json
2026-02-03 20:45:12,259 - cmab.trainer - INFO - 🚩 Created RL parameter update signal file (epoch 4): /tmp/autobahn_rl_param_update_4.signal
2026-02-03 20:45:12,259 - cmab.trainer - INFO - Applied params: {'batch_size': 100000, 'header_size': 64, 'cut_condition_type': 3, 'fast_path_timeout': 100, 'k': 1}
2026-02-03 20:45:12,259 - cmab.trainer - INFO - Waiting for next metrics file...
[Parallel(n_jobs=1)]: Done  10 out of  10 | elapsed:    0.0s finished
[Parallel(n_jobs=1)]: Done  10 out of  10 | elapsed:    0.0s finished
2026-02-03 20:45:27,544 - cmab.policy - INFO - RF Updated: samples=5, MSE=0.042135
2026-02-03 20:45:27,544 - cmab.trainer - INFO - Iteration 41 : context=[3.7042985 4.041053  4.041053  3.7042985 1.       ] arm=batch_size=100000,header_size=64,cut_condition_type=3,fast_path_timeout=100,k=1 params={'batch_size': 100000, 'header_size': 64, 'cut_condition_type': 3, 'fast_path_timeout': 100, 'k': 1}
2026-02-03 20:45:27,544 - cmab.trainer - INFO - Iteration 41 reward=0.986292 avg_reward(20)=0.552781 last_metrics=epoch_5_slot_615.json top_arm=batch_size=500000,header_size=128,cut_condition_type=3,fast_path_timeout=400,k=1 top_ratio=0.40
2026-02-03 20:45:27,701 - cmab.trainer - INFO - Updated parameters file: /home/ccclr0302/autobahn-test/benchmark/.parameters-0.json
2026-02-03 20:45:27,701 - cmab.trainer - INFO - 🚩 Created RL parameter update signal file (epoch 5): /tmp/autobahn_rl_param_update_5.signal
2026-02-03 20:45:27,701 - cmab.trainer - INFO - Applied params: {'batch_size': 750000, 'header_size': 32, 'cut_condition_type': 1, 'fast_path_timeout': 400, 'k': 3}
2026-02-03 20:45:27,701 - cmab.trainer - INFO - Waiting for next metrics file...
2026-02-03 20:45:32,313 - cmab.trainer - INFO - Iteration 42 : context=[35.756645 38.222622 38.222622 36.989635  1.      ] arm=batch_size=750000,header_size=32,cut_condition_type=1,fast_path_timeout=400,k=3 params={'batch_size': 750000, 'header_size': 32, 'cut_condition_type': 1, 'fast_path_timeout': 400, 'k': 3}
2026-02-03 20:45:32,314 - cmab.trainer - INFO - Iteration 42 reward=0.606183 avg_reward(20)=0.569682 last_metrics=epoch_6_slot_735.json top_arm=batch_size=500000,header_size=128,cut_condition_type=3,fast_path_timeout=400,k=1 top_ratio=0.33
2026-02-03 20:45:32,555 - cmab.trainer - INFO - Updated parameters file: /home/ccclr0302/autobahn-test/benchmark/.parameters-0.json
2026-02-03 20:45:32,556 - cmab.trainer - INFO - 🚩 Created RL parameter update signal file (epoch 6): /tmp/autobahn_rl_param_update_6.signal
2026-02-03 20:45:32,556 - cmab.trainer - INFO - Applied params: {'batch_size': 750000, 'header_size': 32, 'cut_condition_type': 3, 'fast_path_timeout': 100, 'k': 1}
2026-02-03 20:45:32,556 - cmab.trainer - INFO - Waiting for next metrics file...
2026-02-03 20:45:35,063 - cmab.trainer - WARNING - Detected abandon signal for epoch 7, using action from epoch 6 for update
2026-02-03 20:45:35,063 - cmab.trainer - INFO - Iteration 43 : context=[13.050227   9.787671   6.5251136  9.787671   1.       ] arm=batch_size=750000,header_size=32,cut_condition_type=1,fast_path_timeout=400,k=3 params={'batch_size': 750000, 'header_size': 32, 'cut_condition_type': 1, 'fast_path_timeout': 400, 'k': 3}
2026-02-03 20:45:35,063 - cmab.trainer - INFO - Iteration 43 reward=0.710330 avg_reward(20)=0.567756 last_metrics=epoch_7_slot_855.json top_arm=batch_size=500000,header_size=128,cut_condition_type=3,fast_path_timeout=400,k=1 top_ratio=0.29
2026-02-03 20:45:35,068 - cmab.trainer - INFO - Updated parameters file: /home/ccclr0302/autobahn-test/benchmark/.parameters-0.json
2026-02-03 20:45:35,068 - cmab.trainer - INFO - 🚩 Created RL parameter update signal file (epoch 7): /tmp/autobahn_rl_param_update_7.signal
2026-02-03 20:45:35,068 - cmab.trainer - INFO - Applied params: {'batch_size': 750000, 'header_size': 128, 'cut_condition_type': 3, 'fast_path_timeout': 400, 'k': 3}
2026-02-03 20:45:35,068 - cmab.trainer - INFO - Waiting for next metrics file...
2026-02-03 20:45:37,474 - cmab.trainer - WARNING - Detected abandon signal for epoch 8, using action from epoch 7 for update
2026-02-03 20:45:37,475 - cmab.trainer - INFO - Iteration 44 : context=[ 7.446658 14.893316 11.169987 11.169987  1.      ] arm=batch_size=750000,header_size=32,cut_condition_type=1,fast_path_timeout=400,k=3 params={'batch_size': 750000, 'header_size': 32, 'cut_condition_type': 1, 'fast_path_timeout': 400, 'k': 3}
2026-02-03 20:45:37,475 - cmab.trainer - INFO - Iteration 44 reward=0.830136 avg_reward(20)=0.574324 last_metrics=epoch_8_slot_975.json top_arm=batch_size=500000,header_size=128,cut_condition_type=3,fast_path_timeout=400,k=1 top_ratio=0.25
2026-02-03 20:45:37,478 - cmab.trainer - INFO - Updated parameters file: /home/ccclr0302/autobahn-test/benchmark/.parameters-0.json
2026-02-03 20:45:37,478 - cmab.trainer - INFO - 🚩 Created RL parameter update signal file (epoch 8): /tmp/autobahn_rl_param_update_8.signal
2026-02-03 20:45:37,478 - cmab.trainer - INFO - Applied params: {'batch_size': 750000, 'header_size': 32, 'cut_condition_type': 3, 'fast_path_timeout': 0, 'k': 1}
2026-02-03 20:45:37,478 - cmab.trainer - INFO - Waiting for next metrics file...
2026-02-03 20:45:39,885 - cmab.trainer - WARNING - Detected abandon signal for epoch 9, using action from epoch 8 for update
2026-02-03 20:45:39,885 - cmab.trainer - INFO - Iteration 45 : context=[11.228006  14.9706745  7.4853373  3.7426686  1.       ] arm=batch_size=750000,header_size=32,cut_condition_type=1,fast_path_timeout=400,k=3 params={'batch_size': 750000, 'header_size': 32, 'cut_condition_type': 1, 'fast_path_timeout': 400, 'k': 3}
2026-02-03 20:45:39,885 - cmab.trainer - INFO - Iteration 45 reward=0.790749 avg_reward(20)=0.598846 last_metrics=epoch_9_slot_1095.json top_arm=batch_size=500000,header_size=128,cut_condition_type=3,fast_path_timeout=400,k=1 top_ratio=0.22
2026-02-03 20:45:39,890 - cmab.trainer - INFO - Updated parameters file: /home/ccclr0302/autobahn-test/benchmark/.parameters-0.json
2026-02-03 20:45:39,890 - cmab.trainer - INFO - 🚩 Created RL parameter update signal file (epoch 9): /tmp/autobahn_rl_param_update_9.signal
2026-02-03 20:45:39,890 - cmab.trainer - INFO - Applied params: {'batch_size': 750000, 'header_size': 64, 'cut_condition_type': 1, 'fast_path_timeout': 0, 'k': 3}
2026-02-03 20:45:39,890 - cmab.trainer - INFO - Waiting for next metrics file...
2026-02-03 20:45:41,595 - cmab.trainer - WARNING - Detected abandon signal for epoch 10, using action from epoch 9 for update
[Parallel(n_jobs=1)]: Done  10 out of  10 | elapsed:    0.0s finished
[Parallel(n_jobs=1)]: Done  10 out of  10 | elapsed:    0.0s finished
2026-02-03 20:45:41,605 - cmab.policy - INFO - RF Updated: samples=10, MSE=0.021884
2026-02-03 20:45:41,606 - cmab.trainer - INFO - Iteration 46 : context=[11.157972  3.719324 14.877296  7.438648  1.      ] arm=batch_size=750000,header_size=32,cut_condition_type=1,fast_path_timeout=400,k=3 params={'batch_size': 750000, 'header_size': 32, 'cut_condition_type': 1, 'fast_path_timeout': 400, 'k': 3}
2026-02-03 20:45:41,606 - cmab.trainer - INFO - Iteration 46 reward=0.278771 avg_reward(20)=0.595693 last_metrics=epoch_10_slot_1215.json top_arm=batch_size=500000,header_size=128,cut_condition_type=3,fast_path_timeout=400,k=1 top_ratio=0.20
2026-02-03 20:45:41,610 - cmab.trainer - INFO - Saved checkpoint: /tmp/cmab_continuous_checkpoints/cmab_checkpoint_10.pkl
2026-02-03 20:45:41,613 - cmab.trainer - INFO - Updated parameters file: /home/ccclr0302/autobahn-test/benchmark/.parameters-0.json
2026-02-03 20:45:41,613 - cmab.trainer - INFO - 🚩 Created RL parameter update signal file (epoch 10): /tmp/autobahn_rl_param_update_10.signal
2026-02-03 20:45:41,613 - cmab.trainer - INFO - Applied params: {'batch_size': 100000, 'header_size': 32, 'cut_condition_type': 1, 'fast_path_timeout': 0, 'k': 1}
2026-02-03 20:45:41,613 - cmab.trainer - INFO - Waiting for next metrics file...
2026-02-03 20:45:47,028 - cmab.trainer - INFO - Iteration 47 : context=[6.368625 3.821175 6.368625 6.368625 1.      ] arm=batch_size=100000,header_size=32,cut_condition_type=1,fast_path_timeout=0,k=1 params={'batch_size': 100000, 'header_size': 32, 'cut_condition_type': 1, 'fast_path_timeout': 0, 'k': 1}
2026-02-03 20:45:47,029 - cmab.trainer - INFO - Iteration 47 reward=0.334223 avg_reward(20)=0.596599 last_metrics=epoch_11_slot_1335.json top_arm=batch_size=500000,header_size=128,cut_condition_type=3,fast_path_timeout=400,k=1 top_ratio=0.18
2026-02-03 20:45:47,032 - cmab.trainer - INFO - Updated parameters file: /home/ccclr0302/autobahn-test/benchmark/.parameters-0.json
2026-02-03 20:45:47,032 - cmab.trainer - INFO - 🚩 Created RL parameter update signal file (epoch 11): /tmp/autobahn_rl_param_update_11.signal
2026-02-03 20:45:47,032 - cmab.trainer - INFO - Applied params: {'batch_size': 500000, 'header_size': 64, 'cut_condition_type': 3, 'fast_path_timeout': 0, 'k': 1}
2026-02-03 20:45:47,032 - cmab.trainer - INFO - Waiting for next metrics file...
2026-02-03 20:46:00,592 - cmab.trainer - INFO - Iteration 48 : context=[14.605434 18.500217 22.395    20.447609  0.      ] arm=batch_size=500000,header_size=64,cut_condition_type=3,fast_path_timeout=0,k=1 params={'batch_size': 500000, 'header_size': 64, 'cut_condition_type': 3, 'fast_path_timeout': 0, 'k': 1}
2026-02-03 20:46:00,592 - cmab.trainer - INFO - Iteration 48 reward=0.377050 avg_reward(20)=0.597806 last_metrics=epoch_12_slot_1455.json top_arm=batch_size=500000,header_size=128,cut_condition_type=3,fast_path_timeout=400,k=1 top_ratio=0.17
2026-02-03 20:46:00,798 - cmab.trainer - INFO - Updated parameters file: /home/ccclr0302/autobahn-test/benchmark/.parameters-0.json
2026-02-03 20:46:00,799 - cmab.trainer - INFO - 🚩 Created RL parameter update signal file (epoch 12): /tmp/autobahn_rl_param_update_12.signal
2026-02-03 20:46:00,799 - cmab.trainer - INFO - Applied params: {'batch_size': 500000, 'header_size': 64, 'cut_condition_type': 1, 'fast_path_timeout': 400, 'k': 1}
2026-02-03 20:46:00,799 - cmab.trainer - INFO - Waiting for next metrics file...
2026-02-03 20:46:12,969 - cmab.trainer - INFO - Iteration 49 : context=[7.369289  7.369289  7.8298693 7.369289  0.       ] arm=batch_size=500000,header_size=64,cut_condition_type=1,fast_path_timeout=400,k=1 params={'batch_size': 500000, 'header_size': 64, 'cut_condition_type': 1, 'fast_path_timeout': 400, 'k': 1}
2026-02-03 20:46:13,077 - cmab.trainer - INFO - Iteration 49 reward=0.304439 avg_reward(20)=0.603592 last_metrics=epoch_13_slot_1575.json top_arm=batch_size=500000,header_size=128,cut_condition_type=3,fast_path_timeout=400,k=1 top_ratio=0.15
2026-02-03 20:46:13,530 - cmab.trainer - INFO - Updated parameters file: /home/ccclr0302/autobahn-test/benchmark/.parameters-0.json
2026-02-03 20:46:13,530 - cmab.trainer - INFO - 🚩 Created RL parameter update signal file (epoch 13): /tmp/autobahn_rl_param_update_13.signal
2026-02-03 20:46:13,530 - cmab.trainer - INFO - Applied params: {'batch_size': 750000, 'header_size': 64, 'cut_condition_type': 1, 'fast_path_timeout': 0, 'k': 1}
2026-02-03 20:46:13,530 - cmab.trainer - INFO - Waiting for next metrics file...
2026-02-03 20:46:22,454 - cmab.trainer - INFO - Iteration 50 : context=[6.0540476 5.2972918 6.0540476 6.8108034 1.       ] arm=batch_size=750000,header_size=64,cut_condition_type=1,fast_path_timeout=0,k=1 params={'batch_size': 750000, 'header_size': 64, 'cut_condition_type': 1, 'fast_path_timeout': 0, 'k': 1}
2026-02-03 20:46:22,455 - cmab.trainer - INFO - Iteration 50 reward=0.185038 avg_reward(20)=0.556230 last_metrics=epoch_14_slot_1695.json top_arm=batch_size=500000,header_size=128,cut_condition_type=3,fast_path_timeout=400,k=1 top_ratio=0.14
2026-02-03 20:46:22,794 - cmab.trainer - INFO - Updated parameters file: /home/ccclr0302/autobahn-test/benchmark/.parameters-0.json
2026-02-03 20:46:22,795 - cmab.trainer - INFO - 🚩 Created RL parameter update signal file (epoch 14): /tmp/autobahn_rl_param_update_14.signal
2026-02-03 20:46:22,795 - cmab.trainer - INFO - Applied params: {'batch_size': 500000, 'header_size': 128, 'cut_condition_type': 1, 'fast_path_timeout': 0, 'k': 1}
2026-02-03 20:46:22,795 - cmab.trainer - INFO - Waiting for next metrics file...
[Parallel(n_jobs=1)]: Done  10 out of  10 | elapsed:    0.0s finished
[Parallel(n_jobs=1)]: Done  10 out of  10 | elapsed:    0.0s finished
2026-02-03 20:46:30,728 - cmab.policy - INFO - RF Updated: samples=15, MSE=0.030536
2026-02-03 20:46:30,728 - cmab.trainer - INFO - Iteration 51 : context=[4.2549224 4.7276917 3.7821534 5.200461  0.       ] arm=batch_size=500000,header_size=128,cut_condition_type=1,fast_path_timeout=0,k=1 params={'batch_size': 500000, 'header_size': 128, 'cut_condition_type': 1, 'fast_path_timeout': 0, 'k': 1}
2026-02-03 20:46:30,728 - cmab.trainer - INFO - Iteration 51 reward=0.295014 avg_reward(20)=0.535288 last_metrics=epoch_15_slot_1815.json top_arm=batch_size=500000,header_size=128,cut_condition_type=3,fast_path_timeout=400,k=1 top_ratio=0.13
2026-02-03 20:46:31,059 - cmab.trainer - INFO - Updated parameters file: /home/ccclr0302/autobahn-test/benchmark/.parameters-0.json
2026-02-03 20:46:31,059 - cmab.trainer - INFO - 🚩 Created RL parameter update signal file (epoch 15): /tmp/autobahn_rl_param_update_15.signal
2026-02-03 20:46:31,059 - cmab.trainer - INFO - Applied params: {'batch_size': 100000, 'header_size': 32, 'cut_condition_type': 1, 'fast_path_timeout': 100, 'k': 1}
2026-02-03 20:46:31,059 - cmab.trainer - INFO - Waiting for next metrics file...
2026-02-03 20:46:39,282 - cmab.trainer - INFO - Iteration 52 : context=[3.7596314 3.7596314 2.8197236 4.699539  0.       ] arm=batch_size=100000,header_size=32,cut_condition_type=1,fast_path_timeout=100,k=1 params={'batch_size': 100000, 'header_size': 32, 'cut_condition_type': 1, 'fast_path_timeout': 100, 'k': 1}
2026-02-03 20:46:39,282 - cmab.trainer - INFO - Iteration 52 reward=1.081876 avg_reward(20)=0.554965 last_metrics=epoch_16_slot_1935.json top_arm=batch_size=500000,header_size=128,cut_condition_type=3,fast_path_timeout=400,k=1 top_ratio=0.12
2026-02-03 20:46:39,477 - cmab.trainer - INFO - Updated parameters file: /home/ccclr0302/autobahn-test/benchmark/.parameters-0.json
2
2026-02-03 20:53:41,528 - __main__ - INFO - Starting Autobahn Continuous CMAB Training
2026-02-03 20:53:41,528 - __main__ - INFO - metrics_dir=/home/ccclr0302/autobahn/metrics-0 parameters_file=/home/ccclr0302/autobahn-test/benchmark/.parameters-0.json
2026-02-03 20:53:41,528 - cmab.trainer - INFO - Initializing CMAB training loop...
2026-02-03 20:53:41,528 - cmab.trainer - INFO - Policy: random
2026-02-03 20:53:41,528 - cmab.trainer - INFO - Iterations: 200
2026-02-03 20:53:41,529 - cmab.trainer - INFO - No existing metrics file, waiting for epoch 0...
2026-02-03 20:54:07,401 - cmab.trainer - INFO - Updated parameters file: /home/ccclr0302/autobahn-test/benchmark/.parameters-0.json
2026-02-03 20:54:07,402 - cmab.trainer - INFO - 🚩 Created RL parameter update signal file (epoch 0): /tmp/autobahn_rl_param_update_0.signal
2026-02-03 20:54:07,402 - cmab.trainer - INFO - Applied params: {'batch_size': 100000, 'header_size': 128, 'cut_condition_type': 1, 'fast_path_timeout': 100, 'k': 1}
2026-02-03 20:54:07,402 - cmab.trainer - INFO - Waiting for next metrics file...
2026-02-03 20:54:14,119 - cmab.trainer - INFO - Iteration 53 : context=[0.45398316 2.723899   2.723899   2.2699158  0.        ] arm=batch_size=100000,header_size=128,cut_condition_type=1,fast_path_timeout=100,k=1 params={'batch_size': 100000, 'header_size': 128, 'cut_condition_type': 1, 'fast_path_timeout': 100, 'k': 1}
2026-02-03 20:54:14,120 - cmab.trainer - INFO - Iteration 53 reward=0.800445 avg_reward(20)=0.554960 last_metrics=epoch_1_slot_135.json top_arm=batch_size=100000,header_size=128,cut_condition_type=1,fast_path_timeout=100,k=1 top_ratio=1.00
2026-02-03 20:54:14,123 - cmab.trainer - INFO - Updated parameters file: /home/ccclr0302/autobahn-test/benchmark/.parameters-0.json
2026-02-03 20:54:14,123 - cmab.trainer - INFO - 🚩 Created RL parameter update signal file (epoch 1): /tmp/autobahn_rl_param_update_1.signal
2026-02-03 20:54:14,123 - cmab.trainer - INFO - Applied params: {'batch_size': 100000, 'header_size': 64, 'cut_condition_type': 1, 'fast_path_timeout': 100, 'k': 1}
2026-02-03 20:54:14,123 - cmab.trainer - INFO - Waiting for next metrics file...
2026-02-03 20:54:20,741 - cmab.trainer - INFO - Iteration 54 : context=[18.737705 18.737705 17.488523 19.986885  1.      ] arm=batch_size=100000,header_size=64,cut_condition_type=1,fast_path_timeout=100,k=1 params={'batch_size': 100000, 'header_size': 64, 'cut_condition_type': 1, 'fast_path_timeout': 100, 'k': 1}
2026-02-03 20:54:20,741 - cmab.trainer - INFO - Iteration 54 reward=1.090030 avg_reward(20)=0.565975 last_metrics=epoch_2_slot_255.json top_arm=batch_size=100000,header_size=128,cut_condition_type=1,fast_path_timeout=100,k=1 top_ratio=0.50
2026-02-03 20:54:20,744 - cmab.trainer - INFO - Updated parameters file: /home/ccclr0302/autobahn-test/benchmark/.parameters-0.json
2026-02-03 20:54:20,744 - cmab.trainer - INFO - 🚩 Created RL parameter update signal file (epoch 2): /tmp/autobahn_rl_param_update_2.signal
2026-02-03 20:54:20,744 - cmab.trainer - INFO - Applied params: {'batch_size': 500000, 'header_size': 32, 'cut_condition_type': 3, 'fast_path_timeout': 0, 'k': 1}
2026-02-03 20:54:20,744 - cmab.trainer - INFO - Waiting for next metrics file...
2026-02-03 20:54:29,166 - cmab.trainer - INFO - Iteration 55 : context=[39.996307 37.496536 38.74642  38.74642   1.      ] arm=batch_size=500000,header_size=32,cut_condition_type=3,fast_path_timeout=0,k=1 params={'batch_size': 500000, 'header_size': 32, 'cut_condition_type': 3, 'fast_path_timeout': 0, 'k': 1}
2026-02-03 20:54:29,166 - cmab.trainer - INFO - Iteration 55 reward=0.600086 avg_reward(20)=0.574335 last_metrics=epoch_3_slot_375.json top_arm=batch_size=100000,header_size=128,cut_condition_type=1,fast_path_timeout=100,k=1 top_ratio=0.33
2026-02-03 20:54:29,171 - cmab.trainer - INFO - Updated parameters file: /home/ccclr0302/autobahn-test/benchmark/.parameters-0.json
2026-02-03 20:54:29,171 - cmab.trainer - INFO - 🚩 Created RL parameter update signal file (epoch 3): /tmp/autobahn_rl_param_update_3.signal
2026-02-03 20:54:29,171 - cmab.trainer - INFO - Applied params: {'batch_size': 100000, 'header_size': 128, 'cut_condition_type': 1, 'fast_path_timeout': 0, 'k': 1}
2026-02-03 20:54:29,171 - cmab.trainer - INFO - Waiting for next metrics file...
2026-02-03 20:54:37,995 - cmab.trainer - INFO - Iteration 56 : context=[16.660532 15.073814 15.073814 15.073814  0.      ] arm=batch_size=100000,header_size=128,cut_condition_type=1,fast_path_timeout=0,k=1 params={'batch_size': 100000, 'header_size': 128, 'cut_condition_type': 1, 'fast_path_timeout': 0, 'k': 1}
2026-02-03 20:54:37,995 - cmab.trainer - INFO - Iteration 56 reward=0.742050 avg_reward(20)=0.565235 last_metrics=epoch_4_slot_495.json top_arm=batch_size=100000,header_size=128,cut_condition_type=1,fast_path_timeout=100,k=1 top_ratio=0.25
2026-02-03 20:54:37,998 - cmab.trainer - INFO - Updated parameters file: /home/ccclr0302/autobahn-test/benchmark/.parameters-0.json
2026-02-03 20:54:37,998 - cmab.trainer - INFO - 🚩 Created RL parameter update signal file (epoch 4): /tmp/autobahn_rl_param_update_4.signal
2026-02-03 20:54:37,998 - cmab.trainer - INFO - Applied params: {'batch_size': 100000, 'header_size': 32, 'cut_condition_type': 3, 'fast_path_timeout': 100, 'k': 1}
2026-02-03 20:54:37,998 - cmab.trainer - INFO - Waiting for next metrics file...
[Parallel(n_jobs=1)]: Done  10 out of  10 | elapsed:    0.0s finished
[Parallel(n_jobs=1)]: Done  10 out of  10 | elapsed:    0.0s finished
2026-02-03 20:54:45,328 - cmab.policy - INFO - RF Updated: samples=5, MSE=0.022839
2026-02-03 20:54:45,328 - cmab.trainer - INFO - Iteration 57 : context=[18.67017  18.67017  17.503284 19.837057  0.      ] arm=batch_size=100000,header_size=32,cut_condition_type=3,fast_path_timeout=100,k=1 params={'batch_size': 100000, 'header_size': 32, 'cut_condition_type': 3, 'fast_path_timeout': 100, 'k': 1}
2026-02-03 20:54:45,328 - cmab.trainer - INFO - Iteration 57 reward=1.026436 avg_reward(20)=0.605001 last_metrics=epoch_5_slot_615.json top_arm=batch_size=100000,header_size=128,cut_condition_type=1,fast_path_timeout=100,k=1 top_ratio=0.20
2026-02-03 20:54:45,331 - cmab.trainer - INFO - Updated parameters file: /home/ccclr0302/autobahn-test/benchmark/.parameters-0.json
2026-02-03 20:54:45,332 - cmab.trainer - INFO - 🚩 Created RL parameter update signal file (epoch 5): /tmp/autobahn_rl_param_update_5.signal
2026-02-03 20:54:45,332 - cmab.trainer - INFO - Applied params: {'batch_size': 500000, 'header_size': 64, 'cut_condition_type': 3, 'fast_path_timeout': 100, 'k': 3}
2026-02-03 20:54:45,332 - cmab.trainer - INFO - Waiting for next metrics file...
2026-02-03 20:54:54,957 - cmab.trainer - INFO - Iteration 58 : context=[65.034904 62.830334 66.13719  66.13719   1.      ] arm=batch_size=500000,header_size=64,cut_condition_type=3,fast_path_timeout=100,k=3 params={'batch_size': 500000, 'header_size': 64, 'cut_condition_type': 3, 'fast_path_timeout': 100, 'k': 3}
2026-02-03 20:54:54,957 - cmab.trainer - INFO - Iteration 58 reward=0.457484 avg_reward(20)=0.597211 last_metrics=epoch_6_slot_735.json top_arm=batch_size=100000,header_size=128,cut_condition_type=1,fast_path_timeout=100,k=1 top_ratio=0.17
2026-02-03 20:54:55,204 - cmab.trainer - INFO - Updated parameters file: /home/ccclr0302/autobahn-test/benchmark/.parameters-0.json
2026-02-03 20:54:55,204 - cmab.trainer - INFO - 🚩 Created RL parameter update signal file (epoch 6): /tmp/autobahn_rl_param_update_6.signal
2026-02-03 20:54:55,204 - cmab.trainer - INFO - Applied params: {'batch_size': 100000, 'header_size': 32, 'cut_condition_type': 1, 'fast_path_timeout': 100, 'k': 1}
2026-02-03 20:54:55,204 - cmab.trainer - INFO - Waiting for next metrics file...
2026-02-03 20:55:05,030 - cmab.trainer - INFO - Iteration 59 : context=[8.280283  7.590259  6.9002357 7.590259  1.       ] arm=batch_size=100000,header_size=32,cut_condition_type=1,fast_path_timeout=100,k=1 params={'batch_size': 100000, 'header_size': 32, 'cut_condition_type': 1, 'fast_path_timeout': 100, 'k': 1}
2026-02-03 20:55:05,031 - cmab.trainer - INFO - Iteration 59 reward=1.096581 avg_reward(20)=0.640789 last_metrics=epoch_7_slot_855.json top_arm=batch_size=100000,header_size=128,cut_condition_type=1,fast_path_timeout=100,k=1 top_ratio=0.14
2026-02-03 20:55:05,034 - cmab.trainer - INFO - Updated parameters file: /home/ccclr0302/autobahn-test/benchmark/.parameters-0.json
2026-02-03 20:55:05,034 - cmab.trainer - INFO - 🚩 Created RL parameter update signal file (epoch 7): /tmp/autobahn_rl_param_update_7.signal
2026-02-03 20:55:05,034 - cmab.trainer - INFO - Applied params: {'batch_size': 100000, 'header_size': 64, 'cut_condition_type': 1, 'fast_path_timeout': 400, 'k': 1}
2026-02-03 20:55:05,034 - cmab.trainer - INFO - Waiting for next metrics file...
2026-02-03 20:55:12,453 - cmab.trainer - INFO - Iteration 60 : context=[77.1151  72.13993 75.87131 72.13993  1.     ] arm=batch_size=100000,header_size=64,cut_condition_type=1,fast_path_timeout=400,k=1 params={'batch_size': 100000, 'header_size': 64, 'cut_condition_type': 1, 'fast_path_timeout': 400, 'k': 1}
2026-02-03 20:55:12,454 - cmab.trainer - INFO - Iteration 60 reward=1.049234 avg_reward(20)=0.682122 last_metrics=epoch_8_slot_975.json top_arm=batch_size=100000,header_size=128,cut_condition_type=1,fast_path_timeout=100,k=1 top_ratio=0.12
2026-02-03 20:55:12,970 - cmab.trainer - INFO - Updated parameters file: /home/ccclr0302/autobahn-test/benchmark/.parameters-0.json
2026-02-03 20:55:12,970 - cmab.trainer - INFO - 🚩 Created RL parameter update signal file (epoch 8): /tmp/autobahn_rl_param_update_8.signal
2026-02-03 20:55:12,970 - cmab.trainer - INFO - Applied params: {'batch_size': 500000, 'header_size': 128, 'cut_condition_type': 3, 'fast_path_timeout': 400, 'k': 3}
2026-02-03 20:55:12,970 - cmab.trainer - INFO - Waiting for next metrics file...
2026-02-03 20:55:31,821 - cmab.trainer - INFO - Iteration 61 : context=[36.13352  38.625484 39.871468 37.3795    1.      ] arm=batch_size=500000,header_size=128,cut_condition_type=3,fast_path_timeout=400,k=3 params={'batch_size': 500000, 'header_size': 128, 'cut_condition_type': 3, 'fast_path_timeout': 400, 'k': 3}
2026-02-03 20:55:31,821 - cmab.trainer - INFO - Iteration 61 reward=0.217101 avg_reward(20)=0.643663 last_metrics=epoch_9_slot_1095.json top_arm=batch_size=100000,header_size=128,cut_condition_type=1,fast_path_timeout=100,k=1 top_ratio=0.11
2026-02-03 20:55:32,156 - cmab.trainer - INFO - Updated parameters file: /home/ccclr0302/autobahn-test/benchmark/.parameters-0.json
2026-02-03 20:55:32,157 - cmab.trainer - INFO - 🚩 Created RL parameter update signal file (epoch 9): /tmp/autobahn_rl_param_update_9.signal
2026-02-03 20:55:32,157 - cmab.trainer - INFO - Applied params: {'batch_size': 100000, 'header_size': 64, 'cut_condition_type': 3, 'fast_path_timeout': 400, 'k': 1}
2026-02-03 20:55:32,157 - cmab.trainer - INFO - Waiting for next metrics file...
[Parallel(n_jobs=1)]: Done  10 out of  10 | elapsed:    0.0s finished
[Parallel(n_jobs=1)]: Done  10 out of  10 | elapsed:    0.0s finished
2026-02-03 20:55:45,904 - cmab.policy - INFO - RF Updated: samples=10, MSE=0.010654
2026-02-03 20:55:45,904 - cmab.trainer - INFO - Iteration 62 : context=[3.3903644 3.6985793 3.3903644 4.0067945 1.       ] arm=batch_size=100000,header_size=64,cut_condition_type=3,fast_path_timeout=400,k=1 params={'batch_size': 100000, 'header_size': 64, 'cut_condition_type': 3, 'fast_path_timeout': 400, 'k': 1}
2026-02-03 20:55:45,904 - cmab.trainer - INFO - Iteration 62 reward=0.851826 avg_reward(20)=0.655945 last_metrics=epoch_10_slot_1215.json top_arm=batch_size=100000,header_size=128,cut_condition_type=1,fast_path_timeout=100,k=1 top_ratio=0.10
2026-02-03 20:55:45,908 - cmab.trainer - INFO - Saved checkpoint: /tmp/cmab_continuous_checkpoints/cmab_checkpoint_10.pkl
2026-02-03 20:55:45,912 - cmab.trainer - INFO - Updated parameters file: /home/ccclr0302/autobahn-test/benchmark/.parameters-0.json
2026-02-03 20:55:45,912 - cmab.trainer - INFO - 🚩 Created RL parameter update signal file (epoch 10): /tmp/autobahn_rl_param_update_10.signal
2026-02-03 20:55:45,912 - cmab.trainer - INFO - Applied params: {'batch_size': 500000, 'header_size': 32, 'cut_condition_type': 3, 'fast_path_timeout': 0, 'k': 3}
2026-02-03 20:55:45,912 - cmab.trainer - INFO - Waiting for next metrics file...
2026-02-03 20:55:53,834 - cmab.trainer - INFO - Iteration 63 : context=[31.91745  35.337177 34.19727  33.057358  1.      ] arm=batch_size=500000,header_size=32,cut_condition_type=3,fast_path_timeout=0,k=3 params={'batch_size': 500000, 'header_size': 32, 'cut_condition_type': 3, 'fast_path_timeout': 0, 'k': 3}
2026-02-03 20:55:53,834 - cmab.trainer - INFO - Iteration 63 reward=0.289903 avg_reward(20)=0.634924 last_metrics=epoch_11_slot_1335.json top_arm=batch_size=100000,header_size=128,cut_condition_type=1,fast_path_timeout=100,k=1 top_ratio=0.09
2026-02-03 20:55:54,527 - cmab.trainer - INFO - Updated parameters file: /home/ccclr0302/autobahn-test/benchmark/.parameters-0.json
2026-02-03 20:55:54,528 - cmab.trainer - INFO - 🚩 Created RL parameter update signal file (epoch 11): /tmp/autobahn_rl_param_update_11.signal
2026-02-03 20:55:54,528 - cmab.trainer - INFO - Applied params: {'batch_size': 500000, 'header_size': 64, 'cut_condition_type': 1, 'fast_path_timeout': 100, 'k': 3}
2026-02-03 20:55:54,528 - cmab.trainer - INFO - Waiting for next metrics file...
2026-02-03 20:55:58,968 - cmab.trainer - INFO - Iteration 64 : context=[ 9.39228  9.39228 10.17497 10.17497  0.     ] arm=batch_size=500000,header_size=64,cut_condition_type=1,fast_path_timeout=100,k=3 params={'batch_size': 500000, 'header_size': 64, 'cut_condition_type': 1, 'fast_path_timeout': 100, 'k': 3}
2026-02-03 20:55:58,969 - cmab.trainer - INFO - Iteration 64 reward=0.732166 avg_reward(20)=0.630025 last_metrics=epoch_12_slot_1455.json top_arm=batch_size=100000,header_size=128,cut_condition_type=1,fast_path_timeout=100,k=1 top_ratio=0.08
2026-02-03 20:55:58,972 - cmab.trainer - INFO - Updated parameters file: /home/ccclr0302/autobahn-test/benchmark/.parameters-0.json
2026-02-03 20:55:58,972 - cmab.trainer - INFO - 🚩 Created RL parameter update signal file (epoch 12): /tmp/autobahn_rl_param_update_12.signal
2026-02-03 20:55:58,972 - cmab.trainer - INFO - Applied params: {'batch_size': 750000, 'header_size': 64, 'cut_condition_type': 3, 'fast_path_timeout': 400, 'k': 1}
2026-02-03 20:55:58,972 - cmab.trainer - INFO - Waiting for next metrics file...
2026-02-03 20:56:01,279 - cmab.trainer - WARNING - Detected abandon signal for epoch 13, using action from epoch 12 for update
2026-02-03 20:56:01,279 - cmab.trainer - INFO - Iteration 65 : context=[11.22339   11.22339    3.7411296  7.4822593  1.       ] arm=batch_size=500000,header_size=64,cut_condition_type=1,fast_path_timeout=100,k=3 params={'batch_size': 500000, 'header_size': 64, 'cut_condition_type': 1, 'fast_path_timeout': 100, 'k': 3}
2026-02-03 20:56:01,280 - cmab.trainer - INFO - Iteration 65 reward=0.655353 avg_reward(20)=0.623255 last_metrics=epoch_13_slot_1575.json top_arm=batch_size=100000,header_size=128,cut_condition_type=1,fast_path_timeout=100,k=1 top_ratio=0.08
2026-02-03 20:56:01,311 - cmab.trainer - INFO - Updated parameters file: /home/ccclr0302/autobahn-test/benchmark/.parameters-0.json
2026-02-03 20:56:01,311 - cmab.trainer - INFO - 🚩 Created RL parameter update signal file (epoch 13): /tmp/autobahn_rl_param_update_13.signal
2026-02-03 20:56:01,311 - cmab.trainer - INFO - Applied params: {'batch_size': 500000, 'header_size': 64, 'cut_condition_type': 3, 'fast_path_timeout': 0, 'k': 3}
2026-02-03 20:56:01,311 - cmab.trainer - INFO - Waiting for next metrics file...
2026-02-03 20:56:09,621 - cmab.trainer - INFO - Iteration 66 : context=[ 7.5324135  3.7662067  3.7662067 11.29862    1.       ] arm=batch_size=500000,header_size=64,cut_condition_type=3,fast_path_timeout=0,k=3 params={'batch_size': 500000, 'header_size': 64, 'cut_condition_type': 3, 'fast_path_timeout': 0, 'k': 3}
2026-02-03 20:56:09,621 - cmab.trainer - INFO - Iteration 66 reward=0.435953 avg_reward(20)=0.631114 last_metrics=epoch_14_slot_1695.json top_arm=batch_size=100000,header_size=128,cut_condition_type=1,fast_path_timeout=100,k=1 top_ratio=0.07
2026-02-03 20:56:09,626 - cmab.trainer - INFO - Updated parameters file: /home/ccclr0302/autobahn-test/benchmark/.parameters-0.json
2026-02-03 20:56:09,626 - cmab.trainer - INFO - 🚩 Created RL parameter update signal file (epoch 14): /tmp/autobahn_rl_param_update_14.signal
2026-02-03 20:56:09,627 - cmab.trainer - INFO - Applied params: {'batch_size': 100000, 'header_size': 64, 'cut_condition_type': 3, 'fast_path_timeout': 400, 'k': 3}
2026-02-03 20:56:09,627 - cmab.trainer - INFO - Waiting for next metrics file...
[Parallel(n_jobs=1)]: Done  10 out of  10 | elapsed:    0.0s finished
[Parallel(n_jobs=1)]: Done  10 out of  10 | elapsed:    0.0s finished
2026-02-03 20:56:19,899 - cmab.policy - INFO - RF Updated: samples=15, MSE=0.019151
2026-02-03 20:56:19,899 - cmab.trainer - INFO - Iteration 67 : context=[7.844492 9.151907 7.844492 8.498199 0.      ] arm=batch_size=100000,header_size=64,cut_condition_type=3,fast_path_timeout=400,k=3 params={'batch_size': 100000, 'header_size': 64, 'cut_condition_type': 3, 'fast_path_timeout': 400, 'k': 3}
2026-02-03 20:56:19,900 - cmab.trainer - INFO - Iteration 67 reward=0.000000 avg_reward(20)=0.614403 last_metrics=epoch_15_slot_1815.json top_arm=batch_size=100000,header_size=128,cut_condition_type=1,fast_path_timeout=100,k=1 top_ratio=0.07
2026-02-03 20:56:19,956 - cmab.trainer - INFO - Updated parameters file: /home/ccclr0302/autobahn-test/benchmark/.parameters-0.json
2026-02-03 20:56:19,957 - cmab.trainer - INFO - 🚩 Created RL parameter update signal file (epoch 15): /tmp/autobahn_rl_param_update_15.signal
2026-02-03 20:56:19,957 - cmab.trainer - INFO - Applied params: {'batch_size': 500000, 'header_size': 32, 'cut_condition_type': 3, 'fast_path_timeout': 0, 'k': 3}
2026-02-03 20:56:19,957 - cmab.trainer - INFO - Waiting for next metrics file...
2026-02-03 20:56:30,185 - cmab.trainer - INFO - Iteration 68 : context=[19.940466  15.9523735 15.9523735  0.         1.       ] arm=batch_size=500000,header_size=32,cut_condition_type=3,fast_path_timeout=0,k=3 params={'batch_size': 500000, 'header_size': 32, 'cut_condition_type': 3, 'fast_path_timeout': 0, 'k': 3}
2026-02-03 20:56:30,185 - cmab.trainer - INFO - Iteration 68 reward=0.000000 avg_reward(20)=0.595551 last_metrics=epoch_16_slot_1935.json top_arm=batch_size=500000,header_size=32,cut_condition_type=3,fast_path_timeout=0,k=3 top_ratio=0.12
2026-02-03 20:56:30,189 - cmab.trainer - INFO - Updated parameters file: /home/ccclr0302/autobahn-test/benchmark/.parameters-0.json
2026-02-03 20:56:30,189 - cmab.trainer - INFO - 🚩 Created RL parameter update signal file (epoch 16): /tmp/autobahn_rl_param_update_16.signal
2026-02-03 20:56:30,189 - cmab.trainer - INFO - Applied params: {'batch_size': 500000, 'header_size': 128, 'cut_condition_type': 1, 'fast_path_timeout': 400, 'k': 3}
2026-02-03 20:56:30,189 - cmab.trainer - INFO - Waiting for next metrics file...
2026-02-03 20:56:38,913 - cmab.trainer - INFO - Iteration 69 : context=[15.530326 12.757053 14.421017  0.        0.      ] arm=batch_size=500000,header_size=128,cut_condition_type=1,fast_path_timeout=400,k=3 params={'batch_size': 500000, 'header_size': 128, 'cut_condition_type': 1, 'fast_path_timeout': 400, 'k': 3}
2026-02-03 20:56:38,913 - cmab.trainer - INFO - Iteration 69 reward=0.000000 avg_reward(20)=0.580329 last_metrics=epoch_17_slot_2055.json top_arm=batch_size=500000,header_size=32,cut_condition_type=3,fast_path_timeout=0,k=3 top_ratio=0.12
2026-02-03 20:56:38,918 - cmab.trainer - INFO - Updated parameters file: /home/ccclr0302/autobahn-test/benchmark/.parameters-0.json
2026-02-03 20:56:38,918 - cmab.trainer - INFO - 🚩 Created RL parameter update signal file (epoch 17): /tmp/autobahn_rl_param_update_17.signal
2026-02-03 20:56:38,918 - cmab.trainer - INFO - Applied params: {'batch_size': 100000, 'header_size': 128, 'cut_condition_type': 1, 'fast_path_timeout': 400, 'k': 3}
2026-02-03 20:56:38,918 - cmab.trainer - INFO - Waiting for next metrics file...
