2026-02-03 19:40:54,117 - cmab.trainer - INFO - Applied params: {'batch_size': 500000, 'header_size': 32, 'cut_condition_type': 3, 'fast_path_timeout': 100, 'k': 1}
2026-02-03 19:40:54,118 - cmab.trainer - INFO - Waiting for next metrics file...
[Parallel(n_jobs=1)]: Done  10 out of  10 | elapsed:    0.0s finished
[Parallel(n_jobs=1)]: Done  10 out of  10 | elapsed:    0.0s finished
2026-02-03 19:41:11,779 - cmab.policy - INFO - RF Updated: samples=25, MSE=0.011003
2026-02-03 19:41:11,780 - cmab.trainer - INFO - Iteration 1 : context=[2.7644522 2.7644522 2.6018374 2.6018374 1.       ] arm=batch_size=500000,header_size=32,cut_condition_type=3,fast_path_timeout=100,k=1 params={'batch_size': 500000, 'header_size': 32, 'cut_condition_type': 3, 'fast_path_timeout': 100, 'k': 1}
2026-02-03 19:41:11,780 - cmab.trainer - INFO - Iteration 1 reward=0.703548 avg_reward(20)=0.703548 last_metrics=epoch_25_slot_3020.json top_arm=batch_size=750000,header_size=32,cut_condition_type=3,fast_path_timeout=0,k=1 top_ratio=0.08
2026-02-03 19:41:11,782 - cmab.policy - INFO - ================================================================================
2026-02-03 19:40:54,117 - cmab.trainer - INFO - Applied params: {'batch_size': 500000, 'header_size': 32, 'cut_condition_type': 3, 'fast_path_timeout': 100, 'k': 1}
2026-02-03 19:40:54,118 - cmab.trainer - INFO - Waiting for next metrics file...
[Parallel(n_jobs=1)]: Done  10 out of  10 | elapsed:    0.0s finished
[Parallel(n_jobs=1)]: Done  10 out of  10 | elapsed:    0.0s finished
2026-02-03 19:41:11,779 - cmab.policy - INFO - RF Updated: samples=25, MSE=0.011003
2026-02-03 19:41:11,780 - cmab.trainer - INFO - Iteration 2 : context=[2.7644522 2.7644522 2.6018374 2.6018374 1.       ] arm=batch_size=500000,header_size=32,cut_condition_type=3,fast_path_timeout=100,k=1 params={'batch_size': 500000, 'header_size': 32, 'cut_condition_type': 3, 'fast_path_timeout': 100, 'k': 1}
2026-02-03 19:41:11,780 - cmab.trainer - INFO - Iteration 2 reward=0.703548 avg_reward(20)=0.703548 last_metrics=epoch_25_slot_3020.json top_arm=batch_size=750000,header_size=32,cut_condition_type=3,fast_path_timeout=0,k=1 top_ratio=0.08
2026-02-03 19:41:11,782 - cmab.policy - INFO - ================================================================================
2026-02-03 19:40:54,117 - cmab.trainer - INFO - Applied params: {'batch_size': 500000, 'header_size': 32, 'cut_condition_type': 3, 'fast_path_timeout': 100, 'k': 1}
2026-02-03 19:40:54,118 - cmab.trainer - INFO - Waiting for next metrics file...
[Parallel(n_jobs=1)]: Done  10 out of  10 | elapsed:    0.0s finished
[Parallel(n_jobs=1)]: Done  10 out of  10 | elapsed:    0.0s finished
2026-02-03 19:41:11,779 - cmab.policy - INFO - RF Updated: samples=25, MSE=0.011003
2026-02-03 19:41:11,780 - cmab.trainer - INFO - Iteration 3 : context=[2.7644522 2.7644522 2.6018374 2.6018374 1.       ] arm=batch_size=500000,header_size=32,cut_condition_type=3,fast_path_timeout=100,k=1 params={'batch_size': 500000, 'header_size': 32, 'cut_condition_type': 3, 'fast_path_timeout': 100, 'k': 1}
2026-02-03 19:41:11,780 - cmab.trainer - INFO - Iteration 3 reward=0.703548 avg_reward(20)=0.703548 last_metrics=epoch_25_slot_3020.json top_arm=batch_size=750000,header_size=32,cut_condition_type=3,fast_path_timeout=0,k=1 top_ratio=0.08
2026-02-03 19:41:11,782 - cmab.policy - INFO - ================================================================================
2026-02-03 19:40:54,117 - cmab.trainer - INFO - Applied params: {'batch_size': 500000, 'header_size': 32, 'cut_condition_type': 3, 'fast_path_timeout': 100, 'k': 1}
2026-02-03 19:40:54,118 - cmab.trainer - INFO - Waiting for next metrics file...
[Parallel(n_jobs=1)]: Done  10 out of  10 | elapsed:    0.0s finished
[Parallel(n_jobs=1)]: Done  10 out of  10 | elapsed:    0.0s finished
2026-02-03 19:41:11,779 - cmab.policy - INFO - RF Updated: samples=25, MSE=0.011003
2026-02-03 19:41:11,780 - cmab.trainer - INFO - Iteration 4 : context=[2.7644522 2.7644522 2.6018374 2.6018374 1.       ] arm=batch_size=500000,header_size=32,cut_condition_type=3,fast_path_timeout=100,k=1 params={'batch_size': 500000, 'header_size': 32, 'cut_condition_type': 3, 'fast_path_timeout': 100, 'k': 1}
2026-02-03 19:41:11,780 - cmab.trainer - INFO - Iteration 4 reward=0.703548 avg_reward(20)=0.703548 last_metrics=epoch_25_slot_3020.json top_arm=batch_size=750000,header_size=32,cut_condition_type=3,fast_path_timeout=0,k=1 top_ratio=0.08
2026-02-03 19:41:11,782 - cmab.policy - INFO - ================================================================================
2026-02-03 19:40:54,117 - cmab.trainer - INFO - Applied params: {'batch_size': 500000, 'header_size': 32, 'cut_condition_type': 3, 'fast_path_timeout': 100, 'k': 1}
2026-02-03 19:40:54,118 - cmab.trainer - INFO - Waiting for next metrics file...
[Parallel(n_jobs=1)]: Done  10 out of  10 | elapsed:    0.0s finished
[Parallel(n_jobs=1)]: Done  10 out of  10 | elapsed:    0.0s finished
2026-02-03 19:41:11,779 - cmab.policy - INFO - RF Updated: samples=25, MSE=0.011003
2026-02-03 19:41:11,780 - cmab.trainer - INFO - Iteration 5 : context=[2.7644522 2.7644522 2.6018374 2.6018374 1.       ] arm=batch_size=500000,header_size=32,cut_condition_type=3,fast_path_timeout=100,k=1 params={'batch_size': 500000, 'header_size': 32, 'cut_condition_type': 3, 'fast_path_timeout': 100, 'k': 1}
2026-02-03 19:41:11,780 - cmab.trainer - INFO - Iteration 5 reward=0.703548 avg_reward(20)=0.703548 last_metrics=epoch_25_slot_3020.json top_arm=batch_size=750000,header_size=32,cut_condition_type=3,fast_path_timeout=0,k=1 top_ratio=0.08
2026-02-03 19:41:11,782 - cmab.policy - INFO - ================================================================================
2026-02-03 19:40:54,117 - cmab.trainer - INFO - Applied params: {'batch_size': 500000, 'header_size': 32, 'cut_condition_type': 3, 'fast_path_timeout': 100, 'k': 1}
2026-02-03 19:40:54,118 - cmab.trainer - INFO - Waiting for next metrics file...
[Parallel(n_jobs=1)]: Done  10 out of  10 | elapsed:    0.0s finished
[Parallel(n_jobs=1)]: Done  10 out of  10 | elapsed:    0.0s finished
2026-02-03 19:41:11,779 - cmab.policy - INFO - RF Updated: samples=25, MSE=0.011003
2026-02-03 19:41:11,780 - cmab.trainer - INFO - Iteration 6 : context=[2.7644522 2.7644522 2.6018374 2.6018374 1.       ] arm=batch_size=500000,header_size=32,cut_condition_type=3,fast_path_timeout=100,k=1 params={'batch_size': 500000, 'header_size': 32, 'cut_condition_type': 3, 'fast_path_timeout': 100, 'k': 1}
2026-02-03 19:41:11,780 - cmab.trainer - INFO - Iteration 6 reward=0.703548 avg_reward(20)=0.703548 last_metrics=epoch_25_slot_3020.json top_arm=batch_size=750000,header_size=32,cut_condition_type=3,fast_path_timeout=0,k=1 top_ratio=0.08
2026-02-03 19:41:11,782 - cmab.policy - INFO - ================================================================================
2026-02-03 19:40:54,117 - cmab.trainer - INFO - Applied params: {'batch_size': 500000, 'header_size': 32, 'cut_condition_type': 3, 'fast_path_timeout': 100, 'k': 1}
2026-02-03 19:40:54,118 - cmab.trainer - INFO - Waiting for next metrics file...
[Parallel(n_jobs=1)]: Done  10 out of  10 | elapsed:    0.0s finished
[Parallel(n_jobs=1)]: Done  10 out of  10 | elapsed:    0.0s finished
2026-02-03 19:41:11,779 - cmab.policy - INFO - RF Updated: samples=25, MSE=0.011003
2026-02-03 19:41:11,780 - cmab.trainer - INFO - Iteration 7 : context=[2.7644522 2.7644522 2.6018374 2.6018374 1.       ] arm=batch_size=500000,header_size=32,cut_condition_type=3,fast_path_timeout=100,k=1 params={'batch_size': 500000, 'header_size': 32, 'cut_condition_type': 3, 'fast_path_timeout': 100, 'k': 1}
2026-02-03 19:41:11,780 - cmab.trainer - INFO - Iteration 7 reward=0.703548 avg_reward(20)=0.703548 last_metrics=epoch_25_slot_3020.json top_arm=batch_size=750000,header_size=32,cut_condition_type=3,fast_path_timeout=0,k=1 top_ratio=0.08
2026-02-03 19:41:11,782 - cmab.policy - INFO - ================================================================================
2026-02-03 19:40:54,117 - cmab.trainer - INFO - Applied params: {'batch_size': 500000, 'header_size': 32, 'cut_condition_type': 3, 'fast_path_timeout': 100, 'k': 1}
2026-02-03 19:40:54,118 - cmab.trainer - INFO - Waiting for next metrics file...
[Parallel(n_jobs=1)]: Done  10 out of  10 | elapsed:    0.0s finished
[Parallel(n_jobs=1)]: Done  10 out of  10 | elapsed:    0.0s finished
2026-02-03 19:41:11,779 - cmab.policy - INFO - RF Updated: samples=25, MSE=0.011003
2026-02-03 19:41:11,780 - cmab.trainer - INFO - Iteration 8 : context=[2.7644522 2.7644522 2.6018374 2.6018374 1.       ] arm=batch_size=500000,header_size=32,cut_condition_type=3,fast_path_timeout=100,k=1 params={'batch_size': 500000, 'header_size': 32, 'cut_condition_type': 3, 'fast_path_timeout': 100, 'k': 1}
2026-02-03 19:41:11,780 - cmab.trainer - INFO - Iteration 8 reward=0.703548 avg_reward(20)=0.703548 last_metrics=epoch_25_slot_3020.json top_arm=batch_size=750000,header_size=32,cut_condition_type=3,fast_path_timeout=0,k=1 top_ratio=0.08
2026-02-03 19:41:11,782 - cmab.policy - INFO - ================================================================================
2026-02-03 19:40:54,117 - cmab.trainer - INFO - Applied params: {'batch_size': 500000, 'header_size': 32, 'cut_condition_type': 3, 'fast_path_timeout': 100, 'k': 1}
2026-02-03 19:40:54,118 - cmab.trainer - INFO - Waiting for next metrics file...
[Parallel(n_jobs=1)]: Done  10 out of  10 | elapsed:    0.0s finished
[Parallel(n_jobs=1)]: Done  10 out of  10 | elapsed:    0.0s finished
2026-02-03 19:41:11,779 - cmab.policy - INFO - RF Updated: samples=25, MSE=0.011003
2026-02-03 19:41:11,780 - cmab.trainer - INFO - Iteration 9 : context=[2.7644522 2.7644522 2.6018374 2.6018374 1.       ] arm=batch_size=500000,header_size=32,cut_condition_type=3,fast_path_timeout=100,k=1 params={'batch_size': 500000, 'header_size': 32, 'cut_condition_type': 3, 'fast_path_timeout': 100, 'k': 1}
2026-02-03 19:41:11,780 - cmab.trainer - INFO - Iteration 9 reward=0.703548 avg_reward(20)=0.703548 last_metrics=epoch_25_slot_3020.json top_arm=batch_size=750000,header_size=32,cut_condition_type=3,fast_path_timeout=0,k=1 top_ratio=0.08
2026-02-03 19:41:11,782 - cmab.policy - INFO - ================================================================================
2026-02-03 19:40:54,117 - cmab.trainer - INFO - Applied params: {'batch_size': 500000, 'header_size': 32, 'cut_condition_type': 3, 'fast_path_timeout': 100, 'k': 1}
2026-02-03 19:40:54,118 - cmab.trainer - INFO - Waiting for next metrics file...
[Parallel(n_jobs=1)]: Done  10 out of  10 | elapsed:    0.0s finished
[Parallel(n_jobs=1)]: Done  10 out of  10 | elapsed:    0.0s finished
2026-02-03 19:41:11,779 - cmab.policy - INFO - RF Updated: samples=25, MSE=0.011003
2026-02-03 19:41:11,780 - cmab.trainer - INFO - Iteration 10 : context=[2.7644522 2.7644522 2.6018374 2.6018374 1.       ] arm=batch_size=500000,header_size=32,cut_condition_type=3,fast_path_timeout=100,k=1 params={'batch_size': 500000, 'header_size': 32, 'cut_condition_type': 3, 'fast_path_timeout': 100, 'k': 1}
2026-02-03 19:41:11,780 - cmab.trainer - INFO - Iteration 10 reward=0.703548 avg_reward(20)=0.703548 last_metrics=epoch_25_slot_3020.json top_arm=batch_size=750000,header_size=32,cut_condition_type=3,fast_path_timeout=0,k=1 top_ratio=0.08
2026-02-03 19:41:11,782 - cmab.policy - INFO - ================================================================================
2026-02-03 19:40:54,117 - cmab.trainer - INFO - Applied params: {'batch_size': 500000, 'header_size': 32, 'cut_condition_type': 3, 'fast_path_timeout': 100, 'k': 1}
2026-02-03 19:40:54,118 - cmab.trainer - INFO - Waiting for next metrics file...
[Parallel(n_jobs=1)]: Done  10 out of  10 | elapsed:    0.0s finished
[Parallel(n_jobs=1)]: Done  10 out of  10 | elapsed:    0.0s finished
2026-02-03 19:41:11,779 - cmab.policy - INFO - RF Updated: samples=25, MSE=0.011003
2026-02-03 19:41:11,780 - cmab.trainer - INFO - Iteration 11 : context=[2.7644522 2.7644522 2.6018374 2.6018374 1.       ] arm=batch_size=500000,header_size=32,cut_condition_type=3,fast_path_timeout=100,k=1 params={'batch_size': 500000, 'header_size': 32, 'cut_condition_type': 3, 'fast_path_timeout': 100, 'k': 1}
2026-02-03 19:41:11,780 - cmab.trainer - INFO - Iteration 11 reward=0.703548 avg_reward(20)=0.703548 last_metrics=epoch_25_slot_3020.json top_arm=batch_size=750000,header_size=32,cut_condition_type=3,fast_path_timeout=0,k=1 top_ratio=0.08
2026-02-03 19:41:11,782 - cmab.policy - INFO - ================================================================================
2026-02-03 19:40:54,117 - cmab.trainer - INFO - Applied params: {'batch_size': 500000, 'header_size': 32, 'cut_condition_type': 3, 'fast_path_timeout': 100, 'k': 1}
2026-02-03 19:40:54,118 - cmab.trainer - INFO - Waiting for next metrics file...
[Parallel(n_jobs=1)]: Done  10 out of  10 | elapsed:    0.0s finished
[Parallel(n_jobs=1)]: Done  10 out of  10 | elapsed:    0.0s finished
2026-02-03 19:41:11,779 - cmab.policy - INFO - RF Updated: samples=25, MSE=0.011003
2026-02-03 19:41:11,780 - cmab.trainer - INFO - Iteration 12 : context=[2.7644522 2.7644522 2.6018374 2.6018374 1.       ] arm=batch_size=500000,header_size=32,cut_condition_type=3,fast_path_timeout=100,k=1 params={'batch_size': 500000, 'header_size': 32, 'cut_condition_type': 3, 'fast_path_timeout': 100, 'k': 1}
2026-02-03 19:41:11,780 - cmab.trainer - INFO - Iteration 12 reward=0.703548 avg_reward(20)=0.703548 last_metrics=epoch_25_slot_3020.json top_arm=batch_size=750000,header_size=32,cut_condition_type=3,fast_path_timeout=0,k=1 top_ratio=0.08
2026-02-03 19:41:11,782 - cmab.policy - INFO - ================================================================================
2026-02-03 19:40:54,117 - cmab.trainer - INFO - Applied params: {'batch_size': 500000, 'header_size': 32, 'cut_condition_type': 3, 'fast_path_timeout': 100, 'k': 1}
2026-02-03 19:40:54,118 - cmab.trainer - INFO - Waiting for next metrics file...
[Parallel(n_jobs=1)]: Done  10 out of  10 | elapsed:    0.0s finished
[Parallel(n_jobs=1)]: Done  10 out of  10 | elapsed:    0.0s finished
2026-02-03 19:41:11,779 - cmab.policy - INFO - RF Updated: samples=25, MSE=0.011003
2026-02-03 19:41:11,780 - cmab.trainer - INFO - Iteration 13 : context=[2.7644522 2.7644522 2.6018374 2.6018374 1.       ] arm=batch_size=500000,header_size=32,cut_condition_type=3,fast_path_timeout=100,k=1 params={'batch_size': 500000, 'header_size': 32, 'cut_condition_type': 3, 'fast_path_timeout': 100, 'k': 1}
2026-02-03 19:41:11,780 - cmab.trainer - INFO - Iteration 13 reward=0.703548 avg_reward(20)=0.703548 last_metrics=epoch_25_slot_3020.json top_arm=batch_size=750000,header_size=32,cut_condition_type=3,fast_path_timeout=0,k=1 top_ratio=0.08
2026-02-03 19:41:11,782 - cmab.policy - INFO - ================================================================================
2026-02-03 19:40:54,117 - cmab.trainer - INFO - Applied params: {'batch_size': 500000, 'header_size': 32, 'cut_condition_type': 3, 'fast_path_timeout': 100, 'k': 1}
2026-02-03 19:40:54,118 - cmab.trainer - INFO - Waiting for next metrics file...
[Parallel(n_jobs=1)]: Done  10 out of  10 | elapsed:    0.0s finished
[Parallel(n_jobs=1)]: Done  10 out of  10 | elapsed:    0.0s finished
2026-02-03 19:41:11,779 - cmab.policy - INFO - RF Updated: samples=25, MSE=0.011003
2026-02-03 19:41:11,780 - cmab.trainer - INFO - Iteration 14 : context=[2.7644522 2.7644522 2.6018374 2.6018374 1.       ] arm=batch_size=500000,header_size=32,cut_condition_type=3,fast_path_timeout=100,k=1 params={'batch_size': 500000, 'header_size': 32, 'cut_condition_type': 3, 'fast_path_timeout': 100, 'k': 1}
2026-02-03 19:41:11,780 - cmab.trainer - INFO - Iteration 14 reward=0.703548 avg_reward(20)=0.703548 last_metrics=epoch_25_slot_3020.json top_arm=batch_size=750000,header_size=32,cut_condition_type=3,fast_path_timeout=0,k=1 top_ratio=0.08
2026-02-03 19:41:11,782 - cmab.policy - INFO - ================================================================================
2026-02-03 19:40:54,117 - cmab.trainer - INFO - Applied params: {'batch_size': 500000, 'header_size': 32, 'cut_condition_type': 3, 'fast_path_timeout': 100, 'k': 1}
2026-02-03 19:40:54,118 - cmab.trainer - INFO - Waiting for next metrics file...
[Parallel(n_jobs=1)]: Done  10 out of  10 | elapsed:    0.0s finished
[Parallel(n_jobs=1)]: Done  10 out of  10 | elapsed:    0.0s finished
2026-02-03 19:41:11,779 - cmab.policy - INFO - RF Updated: samples=25, MSE=0.011003
2026-02-03 19:41:11,780 - cmab.trainer - INFO - Iteration 15 : context=[2.7644522 2.7644522 2.6018374 2.6018374 1.       ] arm=batch_size=500000,header_size=32,cut_condition_type=3,fast_path_timeout=100,k=1 params={'batch_size': 500000, 'header_size': 32, 'cut_condition_type': 3, 'fast_path_timeout': 100, 'k': 1}
2026-02-03 19:41:11,780 - cmab.trainer - INFO - Iteration 15 reward=0.703548 avg_reward(20)=0.703548 last_metrics=epoch_25_slot_3020.json top_arm=batch_size=750000,header_size=32,cut_condition_type=3,fast_path_timeout=0,k=1 top_ratio=0.08
2026-02-03 19:41:11,782 - cmab.policy - INFO - ================================================================================
2026-02-03 19:40:54,117 - cmab.trainer - INFO - Applied params: {'batch_size': 500000, 'header_size': 32, 'cut_condition_type': 3, 'fast_path_timeout': 100, 'k': 1}
2026-02-03 19:40:54,118 - cmab.trainer - INFO - Waiting for next metrics file...
[Parallel(n_jobs=1)]: Done  10 out of  10 | elapsed:    0.0s finished
[Parallel(n_jobs=1)]: Done  10 out of  10 | elapsed:    0.0s finished
2026-02-03 19:41:11,779 - cmab.policy - INFO - RF Updated: samples=25, MSE=0.011003
2026-02-03 19:41:11,780 - cmab.trainer - INFO - Iteration 16 : context=[2.7644522 2.7644522 2.6018374 2.6018374 1.       ] arm=batch_size=500000,header_size=32,cut_condition_type=3,fast_path_timeout=100,k=1 params={'batch_size': 500000, 'header_size': 32, 'cut_condition_type': 3, 'fast_path_timeout': 100, 'k': 1}
2026-02-03 19:41:11,780 - cmab.trainer - INFO - Iteration 16 reward=0.703548 avg_reward(20)=0.703548 last_metrics=epoch_25_slot_3020.json top_arm=batch_size=750000,header_size=32,cut_condition_type=3,fast_path_timeout=0,k=1 top_ratio=0.08
2026-02-03 19:41:11,782 - cmab.policy - INFO - ================================================================================
2026-02-03 19:40:54,117 - cmab.trainer - INFO - Applied params: {'batch_size': 500000, 'header_size': 32, 'cut_condition_type': 3, 'fast_path_timeout': 100, 'k': 1}
2026-02-03 19:40:54,118 - cmab.trainer - INFO - Waiting for next metrics file...
[Parallel(n_jobs=1)]: Done  10 out of  10 | elapsed:    0.0s finished
[Parallel(n_jobs=1)]: Done  10 out of  10 | elapsed:    0.0s finished
2026-02-03 19:41:11,779 - cmab.policy - INFO - RF Updated: samples=25, MSE=0.011003
2026-02-03 19:41:11,780 - cmab.trainer - INFO - Iteration 17 : context=[2.7644522 2.7644522 2.6018374 2.6018374 1.       ] arm=batch_size=500000,header_size=32,cut_condition_type=3,fast_path_timeout=100,k=1 params={'batch_size': 500000, 'header_size': 32, 'cut_condition_type': 3, 'fast_path_timeout': 100, 'k': 1}
2026-02-03 19:41:11,780 - cmab.trainer - INFO - Iteration 17 reward=0.703548 avg_reward(20)=0.703548 last_metrics=epoch_25_slot_3020.json top_arm=batch_size=750000,header_size=32,cut_condition_type=3,fast_path_timeout=0,k=1 top_ratio=0.08
2026-02-03 19:41:11,782 - cmab.policy - INFO - ================================================================================
2026-02-03 19:40:54,117 - cmab.trainer - INFO - Applied params: {'batch_size': 500000, 'header_size': 32, 'cut_condition_type': 3, 'fast_path_timeout': 100, 'k': 1}
2026-02-03 19:40:54,118 - cmab.trainer - INFO - Waiting for next metrics file...
[Parallel(n_jobs=1)]: Done  10 out of  10 | elapsed:    0.0s finished
[Parallel(n_jobs=1)]: Done  10 out of  10 | elapsed:    0.0s finished
2026-02-03 19:41:11,779 - cmab.policy - INFO - RF Updated: samples=25, MSE=0.011003
2026-02-03 19:41:11,780 - cmab.trainer - INFO - Iteration 18 : context=[2.7644522 2.7644522 2.6018374 2.6018374 1.       ] arm=batch_size=500000,header_size=32,cut_condition_type=3,fast_path_timeout=100,k=1 params={'batch_size': 500000, 'header_size': 32, 'cut_condition_type': 3, 'fast_path_timeout': 100, 'k': 1}
2026-02-03 19:41:11,780 - cmab.trainer - INFO - Iteration 18 reward=0.703548 avg_reward(20)=0.703548 last_metrics=epoch_25_slot_3020.json top_arm=batch_size=750000,header_size=32,cut_condition_type=3,fast_path_timeout=0,k=1 top_ratio=0.08
2026-02-03 19:41:11,782 - cmab.policy - INFO - ================================================================================
2026-02-03 19:40:54,117 - cmab.trainer - INFO - Applied params: {'batch_size': 500000, 'header_size': 32, 'cut_condition_type': 3, 'fast_path_timeout': 100, 'k': 1}
2026-02-03 19:40:54,118 - cmab.trainer - INFO - Waiting for next metrics file...
[Parallel(n_jobs=1)]: Done  10 out of  10 | elapsed:    0.0s finished
[Parallel(n_jobs=1)]: Done  10 out of  10 | elapsed:    0.0s finished
2026-02-03 19:41:11,779 - cmab.policy - INFO - RF Updated: samples=25, MSE=0.011003
2026-02-03 19:41:11,780 - cmab.trainer - INFO - Iteration 19 : context=[2.7644522 2.7644522 2.6018374 2.6018374 1.       ] arm=batch_size=500000,header_size=32,cut_condition_type=3,fast_path_timeout=100,k=1 params={'batch_size': 500000, 'header_size': 32, 'cut_condition_type': 3, 'fast_path_timeout': 100, 'k': 1}
2026-02-03 19:41:11,780 - cmab.trainer - INFO - Iteration 19 reward=0.703548 avg_reward(20)=0.703548 last_metrics=epoch_25_slot_3020.json top_arm=batch_size=750000,header_size=32,cut_condition_type=3,fast_path_timeout=0,k=1 top_ratio=0.08
2026-02-03 19:41:11,782 - cmab.policy - INFO - ================================================================================
2026-02-03 19:40:54,117 - cmab.trainer - INFO - Applied params: {'batch_size': 500000, 'header_size': 32, 'cut_condition_type': 3, 'fast_path_timeout': 100, 'k': 1}
2026-02-03 19:40:54,118 - cmab.trainer - INFO - Waiting for next metrics file...
[Parallel(n_jobs=1)]: Done  10 out of  10 | elapsed:    0.0s finished
[Parallel(n_jobs=1)]: Done  10 out of  10 | elapsed:    0.0s finished
2026-02-03 19:41:11,779 - cmab.policy - INFO - RF Updated: samples=25, MSE=0.011003
2026-02-03 19:41:11,780 - cmab.trainer - INFO - Iteration 20 : context=[2.7644522 2.7644522 2.6018374 2.6018374 1.       ] arm=batch_size=500000,header_size=32,cut_condition_type=3,fast_path_timeout=100,k=1 params={'batch_size': 500000, 'header_size': 32, 'cut_condition_type': 3, 'fast_path_timeout': 100, 'k': 1}
2026-02-03 19:41:11,780 - cmab.trainer - INFO - Iteration 20 reward=0.703548 avg_reward(20)=0.703548 last_metrics=epoch_25_slot_3020.json top_arm=batch_size=750000,header_size=32,cut_condition_type=3,fast_path_timeout=0,k=1 top_ratio=0.08
2026-02-03 19:41:11,782 - cmab.policy - INFO - ================================================================================
2026-02-03 19:40:54,117 - cmab.trainer - INFO - Applied params: {'batch_size': 500000, 'header_size': 32, 'cut_condition_type': 3, 'fast_path_timeout': 100, 'k': 1}
2026-02-03 19:40:54,118 - cmab.trainer - INFO - Waiting for next metrics file...
[Parallel(n_jobs=1)]: Done  10 out of  10 | elapsed:    0.0s finished
[Parallel(n_jobs=1)]: Done  10 out of  10 | elapsed:    0.0s finished
2026-02-03 19:41:11,779 - cmab.policy - INFO - RF Updated: samples=25, MSE=0.011003
2026-02-03 19:41:11,780 - cmab.trainer - INFO - Iteration 21 : context=[2.7644522 2.7644522 2.6018374 2.6018374 1.       ] arm=batch_size=500000,header_size=32,cut_condition_type=3,fast_path_timeout=100,k=1 params={'batch_size': 500000, 'header_size': 32, 'cut_condition_type': 3, 'fast_path_timeout': 100, 'k': 1}
2026-02-03 19:41:11,780 - cmab.trainer - INFO - Iteration 21 reward=0.703548 avg_reward(20)=0.703548 last_metrics=epoch_25_slot_3020.json top_arm=batch_size=750000,header_size=32,cut_condition_type=3,fast_path_timeout=0,k=1 top_ratio=0.08
2026-02-03 19:41:11,782 - cmab.policy - INFO - ================================================================================
2026-02-03 19:40:54,117 - cmab.trainer - INFO - Applied params: {'batch_size': 500000, 'header_size': 32, 'cut_condition_type': 3, 'fast_path_timeout': 100, 'k': 1}
2026-02-03 19:40:54,118 - cmab.trainer - INFO - Waiting for next metrics file...
[Parallel(n_jobs=1)]: Done  10 out of  10 | elapsed:    0.0s finished
[Parallel(n_jobs=1)]: Done  10 out of  10 | elapsed:    0.0s finished
2026-02-03 19:41:11,779 - cmab.policy - INFO - RF Updated: samples=25, MSE=0.011003
2026-02-03 19:41:11,780 - cmab.trainer - INFO - Iteration 22 : context=[2.7644522 2.7644522 2.6018374 2.6018374 1.       ] arm=batch_size=500000,header_size=32,cut_condition_type=3,fast_path_timeout=100,k=1 params={'batch_size': 500000, 'header_size': 32, 'cut_condition_type': 3, 'fast_path_timeout': 100, 'k': 1}
2026-02-03 19:41:11,780 - cmab.trainer - INFO - Iteration 22 reward=0.703548 avg_reward(20)=0.703548 last_metrics=epoch_25_slot_3020.json top_arm=batch_size=750000,header_size=32,cut_condition_type=3,fast_path_timeout=0,k=1 top_ratio=0.08
2026-02-03 19:41:11,782 - cmab.policy - INFO - ================================================================================
2026-02-03 19:40:54,117 - cmab.trainer - INFO - Applied params: {'batch_size': 500000, 'header_size': 32, 'cut_condition_type': 3, 'fast_path_timeout': 100, 'k': 1}
2026-02-03 19:40:54,118 - cmab.trainer - INFO - Waiting for next metrics file...
[Parallel(n_jobs=1)]: Done  10 out of  10 | elapsed:    0.0s finished
[Parallel(n_jobs=1)]: Done  10 out of  10 | elapsed:    0.0s finished
2026-02-03 19:41:11,779 - cmab.policy - INFO - RF Updated: samples=25, MSE=0.011003
2026-02-03 19:41:11,780 - cmab.trainer - INFO - Iteration 23 : context=[2.7644522 2.7644522 2.6018374 2.6018374 1.       ] arm=batch_size=500000,header_size=32,cut_condition_type=3,fast_path_timeout=100,k=1 params={'batch_size': 500000, 'header_size': 32, 'cut_condition_type': 3, 'fast_path_timeout': 100, 'k': 1}
2026-02-03 19:41:11,780 - cmab.trainer - INFO - Iteration 23 reward=0.703548 avg_reward(20)=0.703548 last_metrics=epoch_25_slot_3020.json top_arm=batch_size=750000,header_size=32,cut_condition_type=3,fast_path_timeout=0,k=1 top_ratio=0.08
2026-02-03 19:41:11,782 - cmab.policy - INFO - ================================================================================
2026-02-03 19:40:54,117 - cmab.trainer - INFO - Applied params: {'batch_size': 500000, 'header_size': 32, 'cut_condition_type': 3, 'fast_path_timeout': 100, 'k': 1}
2026-02-03 19:40:54,118 - cmab.trainer - INFO - Waiting for next metrics file...
[Parallel(n_jobs=1)]: Done  10 out of  10 | elapsed:    0.0s finished
[Parallel(n_jobs=1)]: Done  10 out of  10 | elapsed:    0.0s finished
2026-02-03 19:41:11,779 - cmab.policy - INFO - RF Updated: samples=25, MSE=0.011003
2026-02-03 19:41:11,780 - cmab.trainer - INFO - Iteration 24 : context=[2.7644522 2.7644522 2.6018374 2.6018374 1.       ] arm=batch_size=500000,header_size=32,cut_condition_type=3,fast_path_timeout=100,k=1 params={'batch_size': 500000, 'header_size': 32, 'cut_condition_type': 3, 'fast_path_timeout': 100, 'k': 1}
2026-02-03 19:41:11,780 - cmab.trainer - INFO - Iteration 24 reward=0.703548 avg_reward(20)=0.703548 last_metrics=epoch_25_slot_3020.json top_arm=batch_size=750000,header_size=32,cut_condition_type=3,fast_path_timeout=0,k=1 top_ratio=0.08
2026-02-03 19:41:11,782 - cmab.policy - INFO - ================================================================================
2026-02-03 19:40:54,117 - cmab.trainer - INFO - Applied params: {'batch_size': 500000, 'header_size': 32, 'cut_condition_type': 3, 'fast_path_timeout': 100, 'k': 1}
2026-02-03 19:40:54,118 - cmab.trainer - INFO - Waiting for next metrics file...
[Parallel(n_jobs=1)]: Done  10 out of  10 | elapsed:    0.0s finished
[Parallel(n_jobs=1)]: Done  10 out of  10 | elapsed:    0.0s finished
2026-02-03 19:41:11,779 - cmab.policy - INFO - RF Updated: samples=25, MSE=0.011003
2026-02-03 19:41:11,780 - cmab.trainer - INFO - Iteration 25 : context=[2.7644522 2.7644522 2.6018374 2.6018374 1.       ] arm=batch_size=500000,header_size=32,cut_condition_type=3,fast_path_timeout=100,k=1 params={'batch_size': 500000, 'header_size': 32, 'cut_condition_type': 3, 'fast_path_timeout': 100, 'k': 1}
2026-02-03 19:41:11,780 - cmab.trainer - INFO - Iteration 25 reward=0.703548 avg_reward(20)=0.703548 last_metrics=epoch_25_slot_3020.json top_arm=batch_size=750000,header_size=32,cut_condition_type=3,fast_path_timeout=0,k=1 top_ratio=0.08
2026-02-03 19:41:11,782 - cmab.policy - INFO - ================================================================================
2026-02-03 19:40:54,117 - cmab.trainer - INFO - Applied params: {'batch_size': 500000, 'header_size': 32, 'cut_condition_type': 3, 'fast_path_timeout': 100, 'k': 1}
2026-02-03 19:40:54,118 - cmab.trainer - INFO - Waiting for next metrics file...
[Parallel(n_jobs=1)]: Done  10 out of  10 | elapsed:    0.0s finished
[Parallel(n_jobs=1)]: Done  10 out of  10 | elapsed:    0.0s finished
2026-02-03 19:41:11,779 - cmab.policy - INFO - RF Updated: samples=25, MSE=0.011003
2026-02-03 19:41:11,780 - cmab.trainer - INFO - Iteration 26 : context=[2.7644522 2.7644522 2.6018374 2.6018374 1.       ] arm=batch_size=500000,header_size=32,cut_condition_type=3,fast_path_timeout=100,k=1 params={'batch_size': 500000, 'header_size': 32, 'cut_condition_type': 3, 'fast_path_timeout': 100, 'k': 1}
2026-02-03 19:41:11,780 - cmab.trainer - INFO - Iteration 26 reward=0.703548 avg_reward(20)=0.703548 last_metrics=epoch_25_slot_3020.json top_arm=batch_size=750000,header_size=32,cut_condition_type=3,fast_path_timeout=0,k=1 top_ratio=0.08
2026-02-03 19:41:11,782 - cmab.policy - INFO - ================================================================================
2026-02-03 19:40:54,117 - cmab.trainer - INFO - Applied params: {'batch_size': 500000, 'header_size': 32, 'cut_condition_type': 3, 'fast_path_timeout': 100, 'k': 1}
2026-02-03 19:40:54,118 - cmab.trainer - INFO - Waiting for next metrics file...
[Parallel(n_jobs=1)]: Done  10 out of  10 | elapsed:    0.0s finished
[Parallel(n_jobs=1)]: Done  10 out of  10 | elapsed:    0.0s finished
2026-02-03 19:41:11,779 - cmab.policy - INFO - RF Updated: samples=25, MSE=0.011003
2026-02-03 19:41:11,780 - cmab.trainer - INFO - Iteration 27 : context=[2.7644522 2.7644522 2.6018374 2.6018374 1.       ] arm=batch_size=500000,header_size=32,cut_condition_type=3,fast_path_timeout=100,k=1 params={'batch_size': 500000, 'header_size': 32, 'cut_condition_type': 3, 'fast_path_timeout': 100, 'k': 1}
2026-02-03 19:41:11,780 - cmab.trainer - INFO - Iteration 27 reward=0.703548 avg_reward(20)=0.703548 last_metrics=epoch_25_slot_3020.json top_arm=batch_size=750000,header_size=32,cut_condition_type=3,fast_path_timeout=0,k=1 top_ratio=0.08
2026-02-03 19:41:11,782 - cmab.policy - INFO - ================================================================================
2026-02-03 19:40:54,117 - cmab.trainer - INFO - Applied params: {'batch_size': 500000, 'header_size': 32, 'cut_condition_type': 3, 'fast_path_timeout': 100, 'k': 1}
2026-02-03 19:40:54,118 - cmab.trainer - INFO - Waiting for next metrics file...
[Parallel(n_jobs=1)]: Done  10 out of  10 | elapsed:    0.0s finished
[Parallel(n_jobs=1)]: Done  10 out of  10 | elapsed:    0.0s finished
2026-02-03 19:41:11,779 - cmab.policy - INFO - RF Updated: samples=25, MSE=0.011003
2026-02-03 19:41:11,780 - cmab.trainer - INFO - Iteration 28 : context=[2.7644522 2.7644522 2.6018374 2.6018374 1.       ] arm=batch_size=500000,header_size=32,cut_condition_type=3,fast_path_timeout=100,k=1 params={'batch_size': 500000, 'header_size': 32, 'cut_condition_type': 3, 'fast_path_timeout': 100, 'k': 1}
2026-02-03 19:41:11,780 - cmab.trainer - INFO - Iteration 28 reward=0.703548 avg_reward(20)=0.703548 last_metrics=epoch_25_slot_3020.json top_arm=batch_size=750000,header_size=32,cut_condition_type=3,fast_path_timeout=0,k=1 top_ratio=0.08
2026-02-03 19:41:11,782 - cmab.policy - INFO - ================================================================================
2026-02-03 19:40:54,117 - cmab.trainer - INFO - Applied params: {'batch_size': 500000, 'header_size': 32, 'cut_condition_type': 3, 'fast_path_timeout': 100, 'k': 1}
2026-02-03 19:40:54,118 - cmab.trainer - INFO - Waiting for next metrics file...
[Parallel(n_jobs=1)]: Done  10 out of  10 | elapsed:    0.0s finished
[Parallel(n_jobs=1)]: Done  10 out of  10 | elapsed:    0.0s finished
2026-02-03 19:41:11,779 - cmab.policy - INFO - RF Updated: samples=25, MSE=0.011003
2026-02-03 19:41:11,780 - cmab.trainer - INFO - Iteration 29 : context=[2.7644522 2.7644522 2.6018374 2.6018374 1.       ] arm=batch_size=500000,header_size=32,cut_condition_type=3,fast_path_timeout=100,k=1 params={'batch_size': 500000, 'header_size': 32, 'cut_condition_type': 3, 'fast_path_timeout': 100, 'k': 1}
2026-02-03 19:41:11,780 - cmab.trainer - INFO - Iteration 29 reward=0.703548 avg_reward(20)=0.703548 last_metrics=epoch_25_slot_3020.json top_arm=batch_size=750000,header_size=32,cut_condition_type=3,fast_path_timeout=0,k=1 top_ratio=0.08
2026-02-03 19:41:11,782 - cmab.policy - INFO - ================================================================================
2026-02-03 19:40:54,117 - cmab.trainer - INFO - Applied params: {'batch_size': 500000, 'header_size': 32, 'cut_condition_type': 3, 'fast_path_timeout': 100, 'k': 1}
2026-02-03 19:40:54,118 - cmab.trainer - INFO - Waiting for next metrics file...
[Parallel(n_jobs=1)]: Done  10 out of  10 | elapsed:    0.0s finished
[Parallel(n_jobs=1)]: Done  10 out of  10 | elapsed:    0.0s finished
2026-02-03 19:41:11,779 - cmab.policy - INFO - RF Updated: samples=25, MSE=0.011003
2026-02-03 19:41:11,780 - cmab.trainer - INFO - Iteration 30 : context=[2.7644522 2.7644522 2.6018374 2.6018374 1.       ] arm=batch_size=500000,header_size=32,cut_condition_type=3,fast_path_timeout=100,k=1 params={'batch_size': 500000, 'header_size': 32, 'cut_condition_type': 3, 'fast_path_timeout': 100, 'k': 1}
2026-02-03 19:41:11,780 - cmab.trainer - INFO - Iteration 30 reward=0.703548 avg_reward(20)=0.703548 last_metrics=epoch_25_slot_3020.json top_arm=batch_size=750000,header_size=32,cut_condition_type=3,fast_path_timeout=0,k=1 top_ratio=0.08
2026-02-03 19:41:11,782 - cmab.policy - INFO - ================================================================================
2026-02-03 19:40:54,117 - cmab.trainer - INFO - Applied params: {'batch_size': 500000, 'header_size': 32, 'cut_condition_type': 3, 'fast_path_timeout': 100, 'k': 1}
2026-02-03 19:40:54,118 - cmab.trainer - INFO - Waiting for next metrics file...
[Parallel(n_jobs=1)]: Done  10 out of  10 | elapsed:    0.0s finished
[Parallel(n_jobs=1)]: Done  10 out of  10 | elapsed:    0.0s finished
2026-02-03 19:41:11,779 - cmab.policy - INFO - RF Updated: samples=25, MSE=0.011003
2026-02-03 19:41:11,780 - cmab.trainer - INFO - Iteration 31 : context=[2.7644522 2.7644522 2.6018374 2.6018374 1.       ] arm=batch_size=500000,header_size=32,cut_condition_type=3,fast_path_timeout=100,k=1 params={'batch_size': 500000, 'header_size': 32, 'cut_condition_type': 3, 'fast_path_timeout': 100, 'k': 1}
2026-02-03 19:41:11,780 - cmab.trainer - INFO - Iteration 31 reward=0.703548 avg_reward(20)=0.703548 last_metrics=epoch_25_slot_3020.json top_arm=batch_size=750000,header_size=32,cut_condition_type=3,fast_path_timeout=0,k=1 top_ratio=0.08
2026-02-03 19:41:11,782 - cmab.policy - INFO - ================================================================================
2026-02-03 19:40:54,117 - cmab.trainer - INFO - Applied params: {'batch_size': 500000, 'header_size': 32, 'cut_condition_type': 3, 'fast_path_timeout': 100, 'k': 1}
2026-02-03 19:40:54,118 - cmab.trainer - INFO - Waiting for next metrics file...
[Parallel(n_jobs=1)]: Done  10 out of  10 | elapsed:    0.0s finished
[Parallel(n_jobs=1)]: Done  10 out of  10 | elapsed:    0.0s finished
2026-02-03 19:41:11,779 - cmab.policy - INFO - RF Updated: samples=25, MSE=0.011003
2026-02-03 19:41:11,780 - cmab.trainer - INFO - Iteration 32 : context=[2.7644522 2.7644522 2.6018374 2.6018374 1.       ] arm=batch_size=500000,header_size=32,cut_condition_type=3,fast_path_timeout=100,k=1 params={'batch_size': 500000, 'header_size': 32, 'cut_condition_type': 3, 'fast_path_timeout': 100, 'k': 1}
2026-02-03 19:41:11,780 - cmab.trainer - INFO - Iteration 32 reward=0.703548 avg_reward(20)=0.703548 last_metrics=epoch_25_slot_3020.json top_arm=batch_size=750000,header_size=32,cut_condition_type=3,fast_path_timeout=0,k=1 top_ratio=0.08
2026-02-03 19:41:11,782 - cmab.policy - INFO - ================================================================================
2026-02-03 19:40:54,117 - cmab.trainer - INFO - Applied params: {'batch_size': 500000, 'header_size': 32, 'cut_condition_type': 3, 'fast_path_timeout': 100, 'k': 1}
2026-02-03 19:40:54,118 - cmab.trainer - INFO - Waiting for next metrics file...
[Parallel(n_jobs=1)]: Done  10 out of  10 | elapsed:    0.0s finished
[Parallel(n_jobs=1)]: Done  10 out of  10 | elapsed:    0.0s finished
2026-02-03 19:41:11,779 - cmab.policy - INFO - RF Updated: samples=25, MSE=0.011003
2026-02-03 19:41:11,780 - cmab.trainer - INFO - Iteration 33 : context=[2.7644522 2.7644522 2.6018374 2.6018374 1.       ] arm=batch_size=500000,header_size=32,cut_condition_type=3,fast_path_timeout=100,k=1 params={'batch_size': 500000, 'header_size': 32, 'cut_condition_type': 3, 'fast_path_timeout': 100, 'k': 1}
2026-02-03 19:41:11,780 - cmab.trainer - INFO - Iteration 33 reward=0.703548 avg_reward(20)=0.703548 last_metrics=epoch_25_slot_3020.json top_arm=batch_size=750000,header_size=32,cut_condition_type=3,fast_path_timeout=0,k=1 top_ratio=0.08
2026-02-03 19:41:11,782 - cmab.policy - INFO - ================================================================================
2026-02-03 19:40:54,117 - cmab.trainer - INFO - Applied params: {'batch_size': 500000, 'header_size': 32, 'cut_condition_type': 3, 'fast_path_timeout': 100, 'k': 1}
2026-02-03 19:40:54,118 - cmab.trainer - INFO - Waiting for next metrics file...
[Parallel(n_jobs=1)]: Done  10 out of  10 | elapsed:    0.0s finished
[Parallel(n_jobs=1)]: Done  10 out of  10 | elapsed:    0.0s finished
2026-02-03 19:41:11,779 - cmab.policy - INFO - RF Updated: samples=25, MSE=0.011003
2026-02-03 19:41:11,780 - cmab.trainer - INFO - Iteration 34 : context=[2.7644522 2.7644522 2.6018374 2.6018374 1.       ] arm=batch_size=500000,header_size=32,cut_condition_type=3,fast_path_timeout=100,k=1 params={'batch_size': 500000, 'header_size': 32, 'cut_condition_type': 3, 'fast_path_timeout': 100, 'k': 1}
2026-02-03 19:41:11,780 - cmab.trainer - INFO - Iteration 34 reward=0.703548 avg_reward(20)=0.703548 last_metrics=epoch_25_slot_3020.json top_arm=batch_size=750000,header_size=32,cut_condition_type=3,fast_path_timeout=0,k=1 top_ratio=0.08
2026-02-03 19:41:11,782 - cmab.policy - INFO - ================================================================================
2026-02-03 19:40:54,117 - cmab.trainer - INFO - Applied params: {'batch_size': 500000, 'header_size': 32, 'cut_condition_type': 3, 'fast_path_timeout': 100, 'k': 1}
2026-02-03 19:40:54,118 - cmab.trainer - INFO - Waiting for next metrics file...
[Parallel(n_jobs=1)]: Done  10 out of  10 | elapsed:    0.0s finished
[Parallel(n_jobs=1)]: Done  10 out of  10 | elapsed:    0.0s finished
2026-02-03 19:41:11,779 - cmab.policy - INFO - RF Updated: samples=25, MSE=0.011003
2026-02-03 19:41:11,780 - cmab.trainer - INFO - Iteration 35 : context=[2.7644522 2.7644522 2.6018374 2.6018374 1.       ] arm=batch_size=500000,header_size=32,cut_condition_type=3,fast_path_timeout=100,k=1 params={'batch_size': 500000, 'header_size': 32, 'cut_condition_type': 3, 'fast_path_timeout': 100, 'k': 1}
2026-02-03 19:41:11,780 - cmab.trainer - INFO - Iteration 35 reward=0.703548 avg_reward(20)=0.703548 last_metrics=epoch_25_slot_3020.json top_arm=batch_size=750000,header_size=32,cut_condition_type=3,fast_path_timeout=0,k=1 top_ratio=0.08
2026-02-03 19:41:11,782 - cmab.policy - INFO - ================================================================================
2026-02-03 19:40:54,117 - cmab.trainer - INFO - Applied params: {'batch_size': 500000, 'header_size': 32, 'cut_condition_type': 3, 'fast_path_timeout': 100, 'k': 1}
2026-02-03 19:40:54,118 - cmab.trainer - INFO - Waiting for next metrics file...
[Parallel(n_jobs=1)]: Done  10 out of  10 | elapsed:    0.0s finished
[Parallel(n_jobs=1)]: Done  10 out of  10 | elapsed:    0.0s finished
2026-02-03 19:41:11,779 - cmab.policy - INFO - RF Updated: samples=25, MSE=0.011003
2026-02-03 19:41:11,780 - cmab.trainer - INFO - Iteration 36 : context=[2.7644522 2.7644522 2.6018374 2.6018374 1.       ] arm=batch_size=500000,header_size=32,cut_condition_type=3,fast_path_timeout=100,k=1 params={'batch_size': 500000, 'header_size': 32, 'cut_condition_type': 3, 'fast_path_timeout': 100, 'k': 1}
2026-02-03 19:41:11,780 - cmab.trainer - INFO - Iteration 36 reward=0.703548 avg_reward(20)=0.703548 last_metrics=epoch_25_slot_3020.json top_arm=batch_size=750000,header_size=32,cut_condition_type=3,fast_path_timeout=0,k=1 top_ratio=0.08
2026-02-03 19:41:11,782 - cmab.policy - INFO - ================================================================================
2026-02-03 19:40:54,117 - cmab.trainer - INFO - Applied params: {'batch_size': 500000, 'header_size': 32, 'cut_condition_type': 3, 'fast_path_timeout': 100, 'k': 1}
2026-02-03 19:40:54,118 - cmab.trainer - INFO - Waiting for next metrics file...
[Parallel(n_jobs=1)]: Done  10 out of  10 | elapsed:    0.0s finished
[Parallel(n_jobs=1)]: Done  10 out of  10 | elapsed:    0.0s finished
2026-02-03 19:41:11,779 - cmab.policy - INFO - RF Updated: samples=25, MSE=0.011003
2026-02-03 19:41:11,780 - cmab.trainer - INFO - Iteration 37 : context=[2.7644522 2.7644522 2.6018374 2.6018374 1.       ] arm=batch_size=500000,header_size=32,cut_condition_type=3,fast_path_timeout=100,k=1 params={'batch_size': 500000, 'header_size': 32, 'cut_condition_type': 3, 'fast_path_timeout': 100, 'k': 1}
2026-02-03 19:41:11,780 - cmab.trainer - INFO - Iteration 37 reward=0.703548 avg_reward(20)=0.703548 last_metrics=epoch_25_slot_3020.json top_arm=batch_size=750000,header_size=32,cut_condition_type=3,fast_path_timeout=0,k=1 top_ratio=0.08
2026-02-03 19:41:11,782 - cmab.policy - INFO - ================================================================================
2026-02-03 19:40:54,117 - cmab.trainer - INFO - Applied params: {'batch_size': 500000, 'header_size': 32, 'cut_condition_type': 3, 'fast_path_timeout': 100, 'k': 1}
2026-02-03 19:40:54,118 - cmab.trainer - INFO - Waiting for next metrics file...
[Parallel(n_jobs=1)]: Done  10 out of  10 | elapsed:    0.0s finished
[Parallel(n_jobs=1)]: Done  10 out of  10 | elapsed:    0.0s finished
2026-02-03 19:41:11,779 - cmab.policy - INFO - RF Updated: samples=25, MSE=0.011003
2026-02-03 19:41:11,780 - cmab.trainer - INFO - Iteration 38 : context=[2.7644522 2.7644522 2.6018374 2.6018374 1.       ] arm=batch_size=500000,header_size=32,cut_condition_type=3,fast_path_timeout=100,k=1 params={'batch_size': 500000, 'header_size': 32, 'cut_condition_type': 3, 'fast_path_timeout': 100, 'k': 1}
2026-02-03 19:41:11,780 - cmab.trainer - INFO - Iteration 38 reward=0.703548 avg_reward(20)=0.703548 last_metrics=epoch_25_slot_3020.json top_arm=batch_size=750000,header_size=32,cut_condition_type=3,fast_path_timeout=0,k=1 top_ratio=0.08
2026-02-03 19:41:11,782 - cmab.policy - INFO - ================================================================================
2026-02-03 19:40:54,117 - cmab.trainer - INFO - Applied params: {'batch_size': 500000, 'header_size': 32, 'cut_condition_type': 3, 'fast_path_timeout': 100, 'k': 1}
2026-02-03 19:40:54,118 - cmab.trainer - INFO - Waiting for next metrics file...
[Parallel(n_jobs=1)]: Done  10 out of  10 | elapsed:    0.0s finished
[Parallel(n_jobs=1)]: Done  10 out of  10 | elapsed:    0.0s finished
2026-02-03 19:41:11,779 - cmab.policy - INFO - RF Updated: samples=25, MSE=0.011003
2026-02-03 19:41:11,780 - cmab.trainer - INFO - Iteration 39 : context=[2.7644522 2.7644522 2.6018374 2.6018374 1.       ] arm=batch_size=500000,header_size=32,cut_condition_type=3,fast_path_timeout=100,k=1 params={'batch_size': 500000, 'header_size': 32, 'cut_condition_type': 3, 'fast_path_timeout': 100, 'k': 1}
2026-02-03 19:41:11,780 - cmab.trainer - INFO - Iteration 39 reward=0.703548 avg_reward(20)=0.703548 last_metrics=epoch_25_slot_3020.json top_arm=batch_size=750000,header_size=32,cut_condition_type=3,fast_path_timeout=0,k=1 top_ratio=0.08
2026-02-03 19:41:11,782 - cmab.policy - INFO - ================================================================================
2026-02-03 19:40:54,117 - cmab.trainer - INFO - Applied params: {'batch_size': 500000, 'header_size': 32, 'cut_condition_type': 3, 'fast_path_timeout': 100, 'k': 1}
2026-02-03 19:40:54,118 - cmab.trainer - INFO - Waiting for next metrics file...
[Parallel(n_jobs=1)]: Done  10 out of  10 | elapsed:    0.0s finished
[Parallel(n_jobs=1)]: Done  10 out of  10 | elapsed:    0.0s finished
2026-02-03 19:41:11,779 - cmab.policy - INFO - RF Updated: samples=25, MSE=0.011003
2026-02-03 19:41:11,780 - cmab.trainer - INFO - Iteration 40 : context=[2.7644522 2.7644522 2.6018374 2.6018374 1.       ] arm=batch_size=500000,header_size=32,cut_condition_type=3,fast_path_timeout=100,k=1 params={'batch_size': 500000, 'header_size': 32, 'cut_condition_type': 3, 'fast_path_timeout': 100, 'k': 1}
2026-02-03 19:41:11,780 - cmab.trainer - INFO - Iteration 40 reward=0.703548 avg_reward(20)=0.703548 last_metrics=epoch_25_slot_3020.json top_arm=batch_size=750000,header_size=32,cut_condition_type=3,fast_path_timeout=0,k=1 top_ratio=0.08
2026-02-03 19:41:11,782 - cmab.policy - INFO - ================================================================================
2026-02-03 19:40:54,117 - cmab.trainer - INFO - Applied params: {'batch_size': 500000, 'header_size': 32, 'cut_condition_type': 3, 'fast_path_timeout': 100, 'k': 1}
2026-02-03 19:40:54,118 - cmab.trainer - INFO - Waiting for next metrics file...
[Parallel(n_jobs=1)]: Done  10 out of  10 | elapsed:    0.0s finished
[Parallel(n_jobs=1)]: Done  10 out of  10 | elapsed:    0.0s finished
2026-02-03 19:41:11,779 - cmab.policy - INFO - RF Updated: samples=25, MSE=0.011003
2026-02-03 19:41:11,780 - cmab.trainer - INFO - Iteration 41 : context=[2.7644522 2.7644522 2.6018374 2.6018374 1.       ] arm=batch_size=500000,header_size=32,cut_condition_type=3,fast_path_timeout=100,k=1 params={'batch_size': 500000, 'header_size': 32, 'cut_condition_type': 3, 'fast_path_timeout': 100, 'k': 1}
2026-02-03 19:41:11,780 - cmab.trainer - INFO - Iteration 41 reward=0.703548 avg_reward(20)=0.703548 last_metrics=epoch_25_slot_3020.json top_arm=batch_size=750000,header_size=32,cut_condition_type=3,fast_path_timeout=0,k=1 top_ratio=0.08
2026-02-03 19:41:11,782 - cmab.policy - INFO - ================================================================================
2026-02-03 19:40:54,117 - cmab.trainer - INFO - Applied params: {'batch_size': 500000, 'header_size': 32, 'cut_condition_type': 3, 'fast_path_timeout': 100, 'k': 1}
2026-02-03 19:40:54,118 - cmab.trainer - INFO - Waiting for next metrics file...
[Parallel(n_jobs=1)]: Done  10 out of  10 | elapsed:    0.0s finished
[Parallel(n_jobs=1)]: Done  10 out of  10 | elapsed:    0.0s finished
2026-02-03 19:41:11,779 - cmab.policy - INFO - RF Updated: samples=25, MSE=0.011003
2026-02-03 19:41:11,780 - cmab.trainer - INFO - Iteration 42 : context=[2.7644522 2.7644522 2.6018374 2.6018374 1.       ] arm=batch_size=500000,header_size=32,cut_condition_type=3,fast_path_timeout=100,k=1 params={'batch_size': 500000, 'header_size': 32, 'cut_condition_type': 3, 'fast_path_timeout': 100, 'k': 1}
2026-02-03 19:41:11,780 - cmab.trainer - INFO - Iteration 42 reward=0.703548 avg_reward(20)=0.703548 last_metrics=epoch_25_slot_3020.json top_arm=batch_size=750000,header_size=32,cut_condition_type=3,fast_path_timeout=0,k=1 top_ratio=0.08
2026-02-03 19:41:11,782 - cmab.policy - INFO - ================================================================================
2026-02-03 19:40:54,117 - cmab.trainer - INFO - Applied params: {'batch_size': 500000, 'header_size': 32, 'cut_condition_type': 3, 'fast_path_timeout': 100, 'k': 1}
2026-02-03 19:40:54,118 - cmab.trainer - INFO - Waiting for next metrics file...
[Parallel(n_jobs=1)]: Done  10 out of  10 | elapsed:    0.0s finished
[Parallel(n_jobs=1)]: Done  10 out of  10 | elapsed:    0.0s finished
2026-02-03 19:41:11,779 - cmab.policy - INFO - RF Updated: samples=25, MSE=0.011003
2026-02-03 19:41:11,780 - cmab.trainer - INFO - Iteration 43 : context=[2.7644522 2.7644522 2.6018374 2.6018374 1.       ] arm=batch_size=500000,header_size=32,cut_condition_type=3,fast_path_timeout=100,k=1 params={'batch_size': 500000, 'header_size': 32, 'cut_condition_type': 3, 'fast_path_timeout': 100, 'k': 1}
2026-02-03 19:41:11,780 - cmab.trainer - INFO - Iteration 43 reward=0.703548 avg_reward(20)=0.703548 last_metrics=epoch_25_slot_3020.json top_arm=batch_size=750000,header_size=32,cut_condition_type=3,fast_path_timeout=0,k=1 top_ratio=0.08
2026-02-03 19:41:11,782 - cmab.policy - INFO - ================================================================================
2026-02-03 19:40:54,117 - cmab.trainer - INFO - Applied params: {'batch_size': 500000, 'header_size': 32, 'cut_condition_type': 3, 'fast_path_timeout': 100, 'k': 1}
2026-02-03 19:40:54,118 - cmab.trainer - INFO - Waiting for next metrics file...
[Parallel(n_jobs=1)]: Done  10 out of  10 | elapsed:    0.0s finished
[Parallel(n_jobs=1)]: Done  10 out of  10 | elapsed:    0.0s finished
2026-02-03 19:41:11,779 - cmab.policy - INFO - RF Updated: samples=25, MSE=0.011003
2026-02-03 19:41:11,780 - cmab.trainer - INFO - Iteration 44 : context=[2.7644522 2.7644522 2.6018374 2.6018374 1.       ] arm=batch_size=500000,header_size=32,cut_condition_type=3,fast_path_timeout=100,k=1 params={'batch_size': 500000, 'header_size': 32, 'cut_condition_type': 3, 'fast_path_timeout': 100, 'k': 1}
2026-02-03 19:41:11,780 - cmab.trainer - INFO - Iteration 44 reward=0.703548 avg_reward(20)=0.703548 last_metrics=epoch_25_slot_3020.json top_arm=batch_size=750000,header_size=32,cut_condition_type=3,fast_path_timeout=0,k=1 top_ratio=0.08
2026-02-03 19:41:11,782 - cmab.policy - INFO - ================================================================================
2026-02-03 19:40:54,117 - cmab.trainer - INFO - Applied params: {'batch_size': 500000, 'header_size': 32, 'cut_condition_type': 3, 'fast_path_timeout': 100, 'k': 1}
2026-02-03 19:40:54,118 - cmab.trainer - INFO - Waiting for next metrics file...
[Parallel(n_jobs=1)]: Done  10 out of  10 | elapsed:    0.0s finished
[Parallel(n_jobs=1)]: Done  10 out of  10 | elapsed:    0.0s finished
2026-02-03 19:41:11,779 - cmab.policy - INFO - RF Updated: samples=25, MSE=0.011003
2026-02-03 19:41:11,780 - cmab.trainer - INFO - Iteration 45 : context=[2.7644522 2.7644522 2.6018374 2.6018374 1.       ] arm=batch_size=500000,header_size=32,cut_condition_type=3,fast_path_timeout=100,k=1 params={'batch_size': 500000, 'header_size': 32, 'cut_condition_type': 3, 'fast_path_timeout': 100, 'k': 1}
2026-02-03 19:41:11,780 - cmab.trainer - INFO - Iteration 45 reward=0.703548 avg_reward(20)=0.703548 last_metrics=epoch_25_slot_3020.json top_arm=batch_size=750000,header_size=32,cut_condition_type=3,fast_path_timeout=0,k=1 top_ratio=0.08
2026-02-03 19:41:11,782 - cmab.policy - INFO - ================================================================================
2026-02-03 19:40:54,117 - cmab.trainer - INFO - Applied params: {'batch_size': 500000, 'header_size': 32, 'cut_condition_type': 3, 'fast_path_timeout': 100, 'k': 1}
2026-02-03 19:40:54,118 - cmab.trainer - INFO - Waiting for next metrics file...
[Parallel(n_jobs=1)]: Done  10 out of  10 | elapsed:    0.0s finished
[Parallel(n_jobs=1)]: Done  10 out of  10 | elapsed:    0.0s finished
2026-02-03 19:41:11,779 - cmab.policy - INFO - RF Updated: samples=25, MSE=0.011003
2026-02-03 19:41:11,780 - cmab.trainer - INFO - Iteration 46 : context=[2.7644522 2.7644522 2.6018374 2.6018374 1.       ] arm=batch_size=500000,header_size=32,cut_condition_type=3,fast_path_timeout=100,k=1 params={'batch_size': 500000, 'header_size': 32, 'cut_condition_type': 3, 'fast_path_timeout': 100, 'k': 1}
2026-02-03 19:41:11,780 - cmab.trainer - INFO - Iteration 46 reward=0.703548 avg_reward(20)=0.703548 last_metrics=epoch_25_slot_3020.json top_arm=batch_size=750000,header_size=32,cut_condition_type=3,fast_path_timeout=0,k=1 top_ratio=0.08
2026-02-03 19:41:11,782 - cmab.policy - INFO - ================================================================================
2026-02-03 19:40:54,117 - cmab.trainer - INFO - Applied params: {'batch_size': 500000, 'header_size': 32, 'cut_condition_type': 3, 'fast_path_timeout': 100, 'k': 1}
2026-02-03 19:40:54,118 - cmab.trainer - INFO - Waiting for next metrics file...
[Parallel(n_jobs=1)]: Done  10 out of  10 | elapsed:    0.0s finished
[Parallel(n_jobs=1)]: Done  10 out of  10 | elapsed:    0.0s finished
2026-02-03 19:41:11,779 - cmab.policy - INFO - RF Updated: samples=25, MSE=0.011003
2026-02-03 19:41:11,780 - cmab.trainer - INFO - Iteration 47 : context=[2.7644522 2.7644522 2.6018374 2.6018374 1.       ] arm=batch_size=500000,header_size=32,cut_condition_type=3,fast_path_timeout=100,k=1 params={'batch_size': 500000, 'header_size': 32, 'cut_condition_type': 3, 'fast_path_timeout': 100, 'k': 1}
2026-02-03 19:41:11,780 - cmab.trainer - INFO - Iteration 47 reward=0.703548 avg_reward(20)=0.703548 last_metrics=epoch_25_slot_3020.json top_arm=batch_size=750000,header_size=32,cut_condition_type=3,fast_path_timeout=0,k=1 top_ratio=0.08
2026-02-03 19:41:11,782 - cmab.policy - INFO - ================================================================================
2026-02-03 19:40:54,117 - cmab.trainer - INFO - Applied params: {'batch_size': 500000, 'header_size': 32, 'cut_condition_type': 3, 'fast_path_timeout': 100, 'k': 1}
2026-02-03 19:40:54,118 - cmab.trainer - INFO - Waiting for next metrics file...
[Parallel(n_jobs=1)]: Done  10 out of  10 | elapsed:    0.0s finished
[Parallel(n_jobs=1)]: Done  10 out of  10 | elapsed:    0.0s finished
2026-02-03 19:41:11,779 - cmab.policy - INFO - RF Updated: samples=25, MSE=0.011003
2026-02-03 19:41:11,780 - cmab.trainer - INFO - Iteration 48 : context=[2.7644522 2.7644522 2.6018374 2.6018374 1.       ] arm=batch_size=500000,header_size=32,cut_condition_type=3,fast_path_timeout=100,k=1 params={'batch_size': 500000, 'header_size': 32, 'cut_condition_type': 3, 'fast_path_timeout': 100, 'k': 1}
2026-02-03 19:41:11,780 - cmab.trainer - INFO - Iteration 48 reward=0.703548 avg_reward(20)=0.703548 last_metrics=epoch_25_slot_3020.json top_arm=batch_size=750000,header_size=32,cut_condition_type=3,fast_path_timeout=0,k=1 top_ratio=0.08
2026-02-03 19:41:11,782 - cmab.policy - INFO - ================================================================================
2026-02-03 19:40:54,117 - cmab.trainer - INFO - Applied params: {'batch_size': 500000, 'header_size': 32, 'cut_condition_type': 3, 'fast_path_timeout': 100, 'k': 1}
2026-02-03 19:40:54,118 - cmab.trainer - INFO - Waiting for next metrics file...
[Parallel(n_jobs=1)]: Done  10 out of  10 | elapsed:    0.0s finished
[Parallel(n_jobs=1)]: Done  10 out of  10 | elapsed:    0.0s finished
2026-02-03 19:41:11,779 - cmab.policy - INFO - RF Updated: samples=25, MSE=0.011003
2026-02-03 19:41:11,780 - cmab.trainer - INFO - Iteration 49 : context=[2.7644522 2.7644522 2.6018374 2.6018374 1.       ] arm=batch_size=500000,header_size=32,cut_condition_type=3,fast_path_timeout=100,k=1 params={'batch_size': 500000, 'header_size': 32, 'cut_condition_type': 3, 'fast_path_timeout': 100, 'k': 1}
2026-02-03 19:41:11,780 - cmab.trainer - INFO - Iteration 49 reward=0.703548 avg_reward(20)=0.703548 last_metrics=epoch_25_slot_3020.json top_arm=batch_size=750000,header_size=32,cut_condition_type=3,fast_path_timeout=0,k=1 top_ratio=0.08
2026-02-03 19:41:11,782 - cmab.policy - INFO - ================================================================================
2026-02-03 19:40:54,117 - cmab.trainer - INFO - Applied params: {'batch_size': 500000, 'header_size': 32, 'cut_condition_type': 3, 'fast_path_timeout': 100, 'k': 1}
2026-02-03 19:40:54,118 - cmab.trainer - INFO - Waiting for next metrics file...
[Parallel(n_jobs=1)]: Done  10 out of  10 | elapsed:    0.0s finished
[Parallel(n_jobs=1)]: Done  10 out of  10 | elapsed:    0.0s finished
2026-02-03 19:41:11,779 - cmab.policy - INFO - RF Updated: samples=25, MSE=0.011003
2026-02-03 19:41:11,780 - cmab.trainer - INFO - Iteration 50 : context=[2.7644522 2.7644522 2.6018374 2.6018374 1.       ] arm=batch_size=500000,header_size=32,cut_condition_type=3,fast_path_timeout=100,k=1 params={'batch_size': 500000, 'header_size': 32, 'cut_condition_type': 3, 'fast_path_timeout': 100, 'k': 1}
2026-02-03 19:41:11,780 - cmab.trainer - INFO - Iteration 50 reward=0.703548 avg_reward(20)=0.703548 last_metrics=epoch_25_slot_3020.json top_arm=batch_size=750000,header_size=32,cut_condition_type=3,fast_path_timeout=0,k=1 top_ratio=0.08
2026-02-03 19:41:11,782 - cmab.policy - INFO - ================================================================================
2026-02-03 19:40:54,117 - cmab.trainer - INFO - Applied params: {'batch_size': 500000, 'header_size': 32, 'cut_condition_type': 3, 'fast_path_timeout': 100, 'k': 1}
2026-02-03 19:40:54,118 - cmab.trainer - INFO - Waiting for next metrics file...
[Parallel(n_jobs=1)]: Done  10 out of  10 | elapsed:    0.0s finished
[Parallel(n_jobs=1)]: Done  10 out of  10 | elapsed:    0.0s finished
2026-02-03 19:41:11,779 - cmab.policy - INFO - RF Updated: samples=25, MSE=0.011003
2026-02-03 19:41:11,780 - cmab.trainer - INFO - Iteration 51 : context=[2.7644522 2.7644522 2.6018374 2.6018374 1.       ] arm=batch_size=500000,header_size=32,cut_condition_type=3,fast_path_timeout=100,k=1 params={'batch_size': 500000, 'header_size': 32, 'cut_condition_type': 3, 'fast_path_timeout': 100, 'k': 1}
2026-02-03 19:41:11,780 - cmab.trainer - INFO - Iteration 51 reward=0.703548 avg_reward(20)=0.703548 last_metrics=epoch_25_slot_3020.json top_arm=batch_size=750000,header_size=32,cut_condition_type=3,fast_path_timeout=0,k=1 top_ratio=0.08
2026-02-03 19:41:11,782 - cmab.policy - INFO - ================================================================================
2026-02-03 19:40:54,117 - cmab.trainer - INFO - Applied params: {'batch_size': 500000, 'header_size': 32, 'cut_condition_type': 3, 'fast_path_timeout': 100, 'k': 1}
2026-02-03 19:40:54,118 - cmab.trainer - INFO - Waiting for next metrics file...
[Parallel(n_jobs=1)]: Done  10 out of  10 | elapsed:    0.0s finished
[Parallel(n_jobs=1)]: Done  10 out of  10 | elapsed:    0.0s finished
2026-02-03 19:41:11,779 - cmab.policy - INFO - RF Updated: samples=25, MSE=0.011003
2026-02-03 19:41:11,780 - cmab.trainer - INFO - Iteration 52 : context=[2.7644522 2.7644522 2.6018374 2.6018374 1.       ] arm=batch_size=500000,header_size=32,cut_condition_type=3,fast_path_timeout=100,k=1 params={'batch_size': 500000, 'header_size': 32, 'cut_condition_type': 3, 'fast_path_timeout': 100, 'k': 1}
2026-02-03 19:41:11,780 - cmab.trainer - INFO - Iteration 52 reward=0.703548 avg_reward(20)=0.703548 last_metrics=epoch_25_slot_3020.json top_arm=batch_size=750000,header_size=32,cut_condition_type=3,fast_path_timeout=0,k=1 top_ratio=0.08
2026-02-03 19:41:11,782 - cmab.policy - INFO - ================================================================================
2026-02-03 19:40:54,117 - cmab.trainer - INFO - Applied params: {'batch_size': 500000, 'header_size': 32, 'cut_condition_type': 3, 'fast_path_timeout': 100, 'k': 1}
2026-02-03 19:40:54,118 - cmab.trainer - INFO - Waiting for next metrics file...
[Parallel(n_jobs=1)]: Done  10 out of  10 | elapsed:    0.0s finished
[Parallel(n_jobs=1)]: Done  10 out of  10 | elapsed:    0.0s finished
2026-02-03 19:41:11,779 - cmab.policy - INFO - RF Updated: samples=25, MSE=0.011003
2026-02-03 19:41:11,780 - cmab.trainer - INFO - Iteration 53 : context=[2.7644522 2.7644522 2.6018374 2.6018374 1.       ] arm=batch_size=500000,header_size=32,cut_condition_type=3,fast_path_timeout=100,k=1 params={'batch_size': 500000, 'header_size': 32, 'cut_condition_type': 3, 'fast_path_timeout': 100, 'k': 1}
2026-02-03 19:41:11,780 - cmab.trainer - INFO - Iteration 53 reward=0.703548 avg_reward(20)=0.703548 last_metrics=epoch_25_slot_3020.json top_arm=batch_size=750000,header_size=32,cut_condition_type=3,fast_path_timeout=0,k=1 top_ratio=0.08
2026-02-03 19:41:11,782 - cmab.policy - INFO - ================================================================================
2026-02-03 19:40:54,117 - cmab.trainer - INFO - Applied params: {'batch_size': 500000, 'header_size': 32, 'cut_condition_type': 3, 'fast_path_timeout': 100, 'k': 1}
2026-02-03 19:40:54,118 - cmab.trainer - INFO - Waiting for next metrics file...
[Parallel(n_jobs=1)]: Done  10 out of  10 | elapsed:    0.0s finished
[Parallel(n_jobs=1)]: Done  10 out of  10 | elapsed:    0.0s finished
2026-02-03 19:41:11,779 - cmab.policy - INFO - RF Updated: samples=25, MSE=0.011003
2026-02-03 19:41:11,780 - cmab.trainer - INFO - Iteration 54 : context=[2.7644522 2.7644522 2.6018374 2.6018374 1.       ] arm=batch_size=500000,header_size=32,cut_condition_type=3,fast_path_timeout=100,k=1 params={'batch_size': 500000, 'header_size': 32, 'cut_condition_type': 3, 'fast_path_timeout': 100, 'k': 1}
2026-02-03 19:41:11,780 - cmab.trainer - INFO - Iteration 54 reward=0.703548 avg_reward(20)=0.703548 last_metrics=epoch_25_slot_3020.json top_arm=batch_size=750000,header_size=32,cut_condition_type=3,fast_path_timeout=0,k=1 top_ratio=0.08
2026-02-03 19:41:11,782 - cmab.policy - INFO - ================================================================================
2026-02-03 19:40:54,117 - cmab.trainer - INFO - Applied params: {'batch_size': 500000, 'header_size': 32, 'cut_condition_type': 3, 'fast_path_timeout': 100, 'k': 1}
2026-02-03 19:40:54,118 - cmab.trainer - INFO - Waiting for next metrics file...
[Parallel(n_jobs=1)]: Done  10 out of  10 | elapsed:    0.0s finished
[Parallel(n_jobs=1)]: Done  10 out of  10 | elapsed:    0.0s finished
2026-02-03 19:41:11,779 - cmab.policy - INFO - RF Updated: samples=25, MSE=0.011003
2026-02-03 19:41:11,780 - cmab.trainer - INFO - Iteration 55 : context=[2.7644522 2.7644522 2.6018374 2.6018374 1.       ] arm=batch_size=500000,header_size=32,cut_condition_type=3,fast_path_timeout=100,k=1 params={'batch_size': 500000, 'header_size': 32, 'cut_condition_type': 3, 'fast_path_timeout': 100, 'k': 1}
2026-02-03 19:41:11,780 - cmab.trainer - INFO - Iteration 55 reward=0.703548 avg_reward(20)=0.703548 last_metrics=epoch_25_slot_3020.json top_arm=batch_size=750000,header_size=32,cut_condition_type=3,fast_path_timeout=0,k=1 top_ratio=0.08
2026-02-03 19:41:11,782 - cmab.policy - INFO - ================================================================================
2026-02-03 19:40:54,117 - cmab.trainer - INFO - Applied params: {'batch_size': 500000, 'header_size': 32, 'cut_condition_type': 3, 'fast_path_timeout': 100, 'k': 1}
2026-02-03 19:40:54,118 - cmab.trainer - INFO - Waiting for next metrics file...
[Parallel(n_jobs=1)]: Done  10 out of  10 | elapsed:    0.0s finished
[Parallel(n_jobs=1)]: Done  10 out of  10 | elapsed:    0.0s finished
2026-02-03 19:41:11,779 - cmab.policy - INFO - RF Updated: samples=25, MSE=0.011003
2026-02-03 19:41:11,780 - cmab.trainer - INFO - Iteration 56 : context=[2.7644522 2.7644522 2.6018374 2.6018374 1.       ] arm=batch_size=500000,header_size=32,cut_condition_type=3,fast_path_timeout=100,k=1 params={'batch_size': 500000, 'header_size': 32, 'cut_condition_type': 3, 'fast_path_timeout': 100, 'k': 1}
2026-02-03 19:41:11,780 - cmab.trainer - INFO - Iteration 56 reward=0.703548 avg_reward(20)=0.703548 last_metrics=epoch_25_slot_3020.json top_arm=batch_size=750000,header_size=32,cut_condition_type=3,fast_path_timeout=0,k=1 top_ratio=0.08
2026-02-03 19:41:11,782 - cmab.policy - INFO - ================================================================================
2026-02-03 19:40:54,117 - cmab.trainer - INFO - Applied params: {'batch_size': 500000, 'header_size': 32, 'cut_condition_type': 3, 'fast_path_timeout': 100, 'k': 1}
2026-02-03 19:40:54,118 - cmab.trainer - INFO - Waiting for next metrics file...
[Parallel(n_jobs=1)]: Done  10 out of  10 | elapsed:    0.0s finished
[Parallel(n_jobs=1)]: Done  10 out of  10 | elapsed:    0.0s finished
2026-02-03 19:41:11,779 - cmab.policy - INFO - RF Updated: samples=25, MSE=0.011003
2026-02-03 19:41:11,780 - cmab.trainer - INFO - Iteration 57 : context=[2.7644522 2.7644522 2.6018374 2.6018374 1.       ] arm=batch_size=500000,header_size=32,cut_condition_type=3,fast_path_timeout=100,k=1 params={'batch_size': 500000, 'header_size': 32, 'cut_condition_type': 3, 'fast_path_timeout': 100, 'k': 1}
2026-02-03 19:41:11,780 - cmab.trainer - INFO - Iteration 57 reward=0.703548 avg_reward(20)=0.703548 last_metrics=epoch_25_slot_3020.json top_arm=batch_size=750000,header_size=32,cut_condition_type=3,fast_path_timeout=0,k=1 top_ratio=0.08
2026-02-03 19:41:11,782 - cmab.policy - INFO - ================================================================================
2026-02-03 19:40:54,117 - cmab.trainer - INFO - Applied params: {'batch_size': 500000, 'header_size': 32, 'cut_condition_type': 3, 'fast_path_timeout': 100, 'k': 1}
2026-02-03 19:40:54,118 - cmab.trainer - INFO - Waiting for next metrics file...
[Parallel(n_jobs=1)]: Done  10 out of  10 | elapsed:    0.0s finished
[Parallel(n_jobs=1)]: Done  10 out of  10 | elapsed:    0.0s finished
2026-02-03 19:41:11,779 - cmab.policy - INFO - RF Updated: samples=25, MSE=0.011003
2026-02-03 19:41:11,780 - cmab.trainer - INFO - Iteration 58 : context=[2.7644522 2.7644522 2.6018374 2.6018374 1.       ] arm=batch_size=500000,header_size=32,cut_condition_type=3,fast_path_timeout=100,k=1 params={'batch_size': 500000, 'header_size': 32, 'cut_condition_type': 3, 'fast_path_timeout': 100, 'k': 1}
2026-02-03 19:41:11,780 - cmab.trainer - INFO - Iteration 58 reward=0.703548 avg_reward(20)=0.703548 last_metrics=epoch_25_slot_3020.json top_arm=batch_size=750000,header_size=32,cut_condition_type=3,fast_path_timeout=0,k=1 top_ratio=0.08
2026-02-03 19:41:11,782 - cmab.policy - INFO - ================================================================================
2026-02-03 19:40:54,117 - cmab.trainer - INFO - Applied params: {'batch_size': 500000, 'header_size': 32, 'cut_condition_type': 3, 'fast_path_timeout': 100, 'k': 1}
2026-02-03 19:40:54,118 - cmab.trainer - INFO - Waiting for next metrics file...
[Parallel(n_jobs=1)]: Done  10 out of  10 | elapsed:    0.0s finished
[Parallel(n_jobs=1)]: Done  10 out of  10 | elapsed:    0.0s finished
2026-02-03 19:41:11,779 - cmab.policy - INFO - RF Updated: samples=25, MSE=0.011003
2026-02-03 19:41:11,780 - cmab.trainer - INFO - Iteration 59 : context=[2.7644522 2.7644522 2.6018374 2.6018374 1.       ] arm=batch_size=500000,header_size=32,cut_condition_type=3,fast_path_timeout=100,k=1 params={'batch_size': 500000, 'header_size': 32, 'cut_condition_type': 3, 'fast_path_timeout': 100, 'k': 1}
2026-02-03 19:41:11,780 - cmab.trainer - INFO - Iteration 59 reward=0.703548 avg_reward(20)=0.703548 last_metrics=epoch_25_slot_3020.json top_arm=batch_size=750000,header_size=32,cut_condition_type=3,fast_path_timeout=0,k=1 top_ratio=0.08
2026-02-03 19:41:11,782 - cmab.policy - INFO - ================================================================================
2026-02-03 19:40:54,117 - cmab.trainer - INFO - Applied params: {'batch_size': 500000, 'header_size': 32, 'cut_condition_type': 3, 'fast_path_timeout': 100, 'k': 1}
2026-02-03 19:40:54,118 - cmab.trainer - INFO - Waiting for next metrics file...
[Parallel(n_jobs=1)]: Done  10 out of  10 | elapsed:    0.0s finished
[Parallel(n_jobs=1)]: Done  10 out of  10 | elapsed:    0.0s finished
2026-02-03 19:41:11,779 - cmab.policy - INFO - RF Updated: samples=25, MSE=0.011003
2026-02-03 19:41:11,780 - cmab.trainer - INFO - Iteration 60 : context=[2.7644522 2.7644522 2.6018374 2.6018374 1.       ] arm=batch_size=500000,header_size=32,cut_condition_type=3,fast_path_timeout=100,k=1 params={'batch_size': 500000, 'header_size': 32, 'cut_condition_type': 3, 'fast_path_timeout': 100, 'k': 1}
2026-02-03 19:41:11,780 - cmab.trainer - INFO - Iteration 60 reward=0.703548 avg_reward(20)=0.703548 last_metrics=epoch_25_slot_3020.json top_arm=batch_size=750000,header_size=32,cut_condition_type=3,fast_path_timeout=0,k=1 top_ratio=0.08
2026-02-03 19:41:11,782 - cmab.policy - INFO - ================================================================================
2026-02-03 19:40:54,117 - cmab.trainer - INFO - Applied params: {'batch_size': 500000, 'header_size': 32, 'cut_condition_type': 3, 'fast_path_timeout': 100, 'k': 1}
2026-02-03 19:40:54,118 - cmab.trainer - INFO - Waiting for next metrics file...
[Parallel(n_jobs=1)]: Done  10 out of  10 | elapsed:    0.0s finished
[Parallel(n_jobs=1)]: Done  10 out of  10 | elapsed:    0.0s finished
2026-02-03 19:41:11,779 - cmab.policy - INFO - RF Updated: samples=25, MSE=0.011003
2026-02-03 19:41:11,780 - cmab.trainer - INFO - Iteration 61 : context=[2.7644522 2.7644522 2.6018374 2.6018374 1.       ] arm=batch_size=500000,header_size=32,cut_condition_type=3,fast_path_timeout=100,k=1 params={'batch_size': 500000, 'header_size': 32, 'cut_condition_type': 3, 'fast_path_timeout': 100, 'k': 1}
2026-02-03 19:41:11,780 - cmab.trainer - INFO - Iteration 61 reward=0.703548 avg_reward(20)=0.703548 last_metrics=epoch_25_slot_3020.json top_arm=batch_size=750000,header_size=32,cut_condition_type=3,fast_path_timeout=0,k=1 top_ratio=0.08
2026-02-03 19:41:11,782 - cmab.policy - INFO - ================================================================================
2026-02-03 19:40:54,117 - cmab.trainer - INFO - Applied params: {'batch_size': 500000, 'header_size': 32, 'cut_condition_type': 3, 'fast_path_timeout': 100, 'k': 1}
2026-02-03 19:40:54,118 - cmab.trainer - INFO - Waiting for next metrics file...
[Parallel(n_jobs=1)]: Done  10 out of  10 | elapsed:    0.0s finished
[Parallel(n_jobs=1)]: Done  10 out of  10 | elapsed:    0.0s finished
2026-02-03 19:41:11,779 - cmab.policy - INFO - RF Updated: samples=25, MSE=0.011003
2026-02-03 19:41:11,780 - cmab.trainer - INFO - Iteration 62 : context=[2.7644522 2.7644522 2.6018374 2.6018374 1.       ] arm=batch_size=500000,header_size=32,cut_condition_type=3,fast_path_timeout=100,k=1 params={'batch_size': 500000, 'header_size': 32, 'cut_condition_type': 3, 'fast_path_timeout': 100, 'k': 1}
2026-02-03 19:41:11,780 - cmab.trainer - INFO - Iteration 62 reward=0.703548 avg_reward(20)=0.703548 last_metrics=epoch_25_slot_3020.json top_arm=batch_size=750000,header_size=32,cut_condition_type=3,fast_path_timeout=0,k=1 top_ratio=0.08
2026-02-03 19:41:11,782 - cmab.policy - INFO - ================================================================================
2026-02-03 19:40:54,117 - cmab.trainer - INFO - Applied params: {'batch_size': 500000, 'header_size': 32, 'cut_condition_type': 3, 'fast_path_timeout': 100, 'k': 1}
2026-02-03 19:40:54,118 - cmab.trainer - INFO - Waiting for next metrics file...
[Parallel(n_jobs=1)]: Done  10 out of  10 | elapsed:    0.0s finished
[Parallel(n_jobs=1)]: Done  10 out of  10 | elapsed:    0.0s finished
2026-02-03 19:41:11,779 - cmab.policy - INFO - RF Updated: samples=25, MSE=0.011003
2026-02-03 19:41:11,780 - cmab.trainer - INFO - Iteration 63 : context=[2.7644522 2.7644522 2.6018374 2.6018374 1.       ] arm=batch_size=500000,header_size=32,cut_condition_type=3,fast_path_timeout=100,k=1 params={'batch_size': 500000, 'header_size': 32, 'cut_condition_type': 3, 'fast_path_timeout': 100, 'k': 1}
2026-02-03 19:41:11,780 - cmab.trainer - INFO - Iteration 63 reward=0.703548 avg_reward(20)=0.703548 last_metrics=epoch_25_slot_3020.json top_arm=batch_size=750000,header_size=32,cut_condition_type=3,fast_path_timeout=0,k=1 top_ratio=0.08
2026-02-03 19:41:11,782 - cmab.policy - INFO - ================================================================================
2026-02-03 19:40:54,117 - cmab.trainer - INFO - Applied params: {'batch_size': 500000, 'header_size': 32, 'cut_condition_type': 3, 'fast_path_timeout': 100, 'k': 1}
2026-02-03 19:40:54,118 - cmab.trainer - INFO - Waiting for next metrics file...
[Parallel(n_jobs=1)]: Done  10 out of  10 | elapsed:    0.0s finished
[Parallel(n_jobs=1)]: Done  10 out of  10 | elapsed:    0.0s finished
2026-02-03 19:41:11,779 - cmab.policy - INFO - RF Updated: samples=25, MSE=0.011003
2026-02-03 19:41:11,780 - cmab.trainer - INFO - Iteration 64 : context=[2.7644522 2.7644522 2.6018374 2.6018374 1.       ] arm=batch_size=500000,header_size=32,cut_condition_type=3,fast_path_timeout=100,k=1 params={'batch_size': 500000, 'header_size': 32, 'cut_condition_type': 3, 'fast_path_timeout': 100, 'k': 1}
2026-02-03 19:41:11,780 - cmab.trainer - INFO - Iteration 64 reward=0.703548 avg_reward(20)=0.703548 last_metrics=epoch_25_slot_3020.json top_arm=batch_size=750000,header_size=32,cut_condition_type=3,fast_path_timeout=0,k=1 top_ratio=0.08
2026-02-03 19:41:11,782 - cmab.policy - INFO - ================================================================================
2026-02-03 19:40:54,117 - cmab.trainer - INFO - Applied params: {'batch_size': 500000, 'header_size': 32, 'cut_condition_type': 3, 'fast_path_timeout': 100, 'k': 1}
2026-02-03 19:40:54,118 - cmab.trainer - INFO - Waiting for next metrics file...
[Parallel(n_jobs=1)]: Done  10 out of  10 | elapsed:    0.0s finished
[Parallel(n_jobs=1)]: Done  10 out of  10 | elapsed:    0.0s finished
2026-02-03 19:41:11,779 - cmab.policy - INFO - RF Updated: samples=25, MSE=0.011003
2026-02-03 19:41:11,780 - cmab.trainer - INFO - Iteration 65 : context=[2.7644522 2.7644522 2.6018374 2.6018374 1.       ] arm=batch_size=500000,header_size=32,cut_condition_type=3,fast_path_timeout=100,k=1 params={'batch_size': 500000, 'header_size': 32, 'cut_condition_type': 3, 'fast_path_timeout': 100, 'k': 1}
2026-02-03 19:41:11,780 - cmab.trainer - INFO - Iteration 65 reward=0.703548 avg_reward(20)=0.703548 last_metrics=epoch_25_slot_3020.json top_arm=batch_size=750000,header_size=32,cut_condition_type=3,fast_path_timeout=0,k=1 top_ratio=0.08
2026-02-03 19:41:11,782 - cmab.policy - INFO - ================================================================================
2026-02-03 19:40:54,117 - cmab.trainer - INFO - Applied params: {'batch_size': 500000, 'header_size': 32, 'cut_condition_type': 3, 'fast_path_timeout': 100, 'k': 1}
2026-02-03 19:40:54,118 - cmab.trainer - INFO - Waiting for next metrics file...
[Parallel(n_jobs=1)]: Done  10 out of  10 | elapsed:    0.0s finished
[Parallel(n_jobs=1)]: Done  10 out of  10 | elapsed:    0.0s finished
2026-02-03 19:41:11,779 - cmab.policy - INFO - RF Updated: samples=25, MSE=0.011003
2026-02-03 19:41:11,780 - cmab.trainer - INFO - Iteration 66 : context=[2.7644522 2.7644522 2.6018374 2.6018374 1.       ] arm=batch_size=500000,header_size=32,cut_condition_type=3,fast_path_timeout=100,k=1 params={'batch_size': 500000, 'header_size': 32, 'cut_condition_type': 3, 'fast_path_timeout': 100, 'k': 1}
2026-02-03 19:41:11,780 - cmab.trainer - INFO - Iteration 66 reward=0.703548 avg_reward(20)=0.703548 last_metrics=epoch_25_slot_3020.json top_arm=batch_size=750000,header_size=32,cut_condition_type=3,fast_path_timeout=0,k=1 top_ratio=0.08
2026-02-03 19:41:11,782 - cmab.policy - INFO - ================================================================================
2026-02-03 19:40:54,117 - cmab.trainer - INFO - Applied params: {'batch_size': 500000, 'header_size': 32, 'cut_condition_type': 3, 'fast_path_timeout': 100, 'k': 1}
2026-02-03 19:40:54,118 - cmab.trainer - INFO - Waiting for next metrics file...
[Parallel(n_jobs=1)]: Done  10 out of  10 | elapsed:    0.0s finished
[Parallel(n_jobs=1)]: Done  10 out of  10 | elapsed:    0.0s finished
2026-02-03 19:41:11,779 - cmab.policy - INFO - RF Updated: samples=25, MSE=0.011003
2026-02-03 19:41:11,780 - cmab.trainer - INFO - Iteration 67 : context=[2.7644522 2.7644522 2.6018374 2.6018374 1.       ] arm=batch_size=500000,header_size=32,cut_condition_type=3,fast_path_timeout=100,k=1 params={'batch_size': 500000, 'header_size': 32, 'cut_condition_type': 3, 'fast_path_timeout': 100, 'k': 1}
2026-02-03 19:41:11,780 - cmab.trainer - INFO - Iteration 67 reward=0.703548 avg_reward(20)=0.703548 last_metrics=epoch_25_slot_3020.json top_arm=batch_size=750000,header_size=32,cut_condition_type=3,fast_path_timeout=0,k=1 top_ratio=0.08
2026-02-03 19:41:11,782 - cmab.policy - INFO - ================================================================================
2026-02-03 19:40:54,117 - cmab.trainer - INFO - Applied params: {'batch_size': 500000, 'header_size': 32, 'cut_condition_type': 3, 'fast_path_timeout': 100, 'k': 1}
2026-02-03 19:40:54,118 - cmab.trainer - INFO - Waiting for next metrics file...
[Parallel(n_jobs=1)]: Done  10 out of  10 | elapsed:    0.0s finished
[Parallel(n_jobs=1)]: Done  10 out of  10 | elapsed:    0.0s finished
2026-02-03 19:41:11,779 - cmab.policy - INFO - RF Updated: samples=25, MSE=0.011003
2026-02-03 19:41:11,780 - cmab.trainer - INFO - Iteration 68 : context=[2.7644522 2.7644522 2.6018374 2.6018374 1.       ] arm=batch_size=500000,header_size=32,cut_condition_type=3,fast_path_timeout=100,k=1 params={'batch_size': 500000, 'header_size': 32, 'cut_condition_type': 3, 'fast_path_timeout': 100, 'k': 1}
2026-02-03 19:41:11,780 - cmab.trainer - INFO - Iteration 68 reward=0.703548 avg_reward(20)=0.703548 last_metrics=epoch_25_slot_3020.json top_arm=batch_size=750000,header_size=32,cut_condition_type=3,fast_path_timeout=0,k=1 top_ratio=0.08
2026-02-03 19:41:11,782 - cmab.policy - INFO - ================================================================================
2026-02-03 19:40:54,117 - cmab.trainer - INFO - Applied params: {'batch_size': 500000, 'header_size': 32, 'cut_condition_type': 3, 'fast_path_timeout': 100, 'k': 1}
2026-02-03 19:40:54,118 - cmab.trainer - INFO - Waiting for next metrics file...
[Parallel(n_jobs=1)]: Done  10 out of  10 | elapsed:    0.0s finished
[Parallel(n_jobs=1)]: Done  10 out of  10 | elapsed:    0.0s finished
2026-02-03 19:41:11,779 - cmab.policy - INFO - RF Updated: samples=25, MSE=0.011003
2026-02-03 19:41:11,780 - cmab.trainer - INFO - Iteration 69 : context=[2.7644522 2.7644522 2.6018374 2.6018374 1.       ] arm=batch_size=500000,header_size=32,cut_condition_type=3,fast_path_timeout=100,k=1 params={'batch_size': 500000, 'header_size': 32, 'cut_condition_type': 3, 'fast_path_timeout': 100, 'k': 1}
2026-02-03 19:41:11,780 - cmab.trainer - INFO - Iteration 69 reward=0.703548 avg_reward(20)=0.703548 last_metrics=epoch_25_slot_3020.json top_arm=batch_size=750000,header_size=32,cut_condition_type=3,fast_path_timeout=0,k=1 top_ratio=0.08
2026-02-03 19:41:11,782 - cmab.policy - INFO - ================================================================================
2026-02-03 19:40:54,117 - cmab.trainer - INFO - Applied params: {'batch_size': 500000, 'header_size': 32, 'cut_condition_type': 3, 'fast_path_timeout': 100, 'k': 1}
2026-02-03 19:40:54,118 - cmab.trainer - INFO - Waiting for next metrics file...
[Parallel(n_jobs=1)]: Done  10 out of  10 | elapsed:    0.0s finished
[Parallel(n_jobs=1)]: Done  10 out of  10 | elapsed:    0.0s finished
2026-02-03 19:41:11,779 - cmab.policy - INFO - RF Updated: samples=25, MSE=0.011003
2026-02-03 19:41:11,780 - cmab.trainer - INFO - Iteration 70 : context=[2.7644522 2.7644522 2.6018374 2.6018374 1.       ] arm=batch_size=500000,header_size=32,cut_condition_type=3,fast_path_timeout=100,k=1 params={'batch_size': 500000, 'header_size': 32, 'cut_condition_type': 3, 'fast_path_timeout': 100, 'k': 1}
2026-02-03 19:41:11,780 - cmab.trainer - INFO - Iteration 70 reward=0.703548 avg_reward(20)=0.703548 last_metrics=epoch_25_slot_3020.json top_arm=batch_size=750000,header_size=32,cut_condition_type=3,fast_path_timeout=0,k=1 top_ratio=0.08
2026-02-03 19:41:11,782 - cmab.policy - INFO - ================================================================================
2026-02-03 19:40:54,117 - cmab.trainer - INFO - Applied params: {'batch_size': 500000, 'header_size': 32, 'cut_condition_type': 3, 'fast_path_timeout': 100, 'k': 1}
2026-02-03 19:40:54,118 - cmab.trainer - INFO - Waiting for next metrics file...
[Parallel(n_jobs=1)]: Done  10 out of  10 | elapsed:    0.0s finished
[Parallel(n_jobs=1)]: Done  10 out of  10 | elapsed:    0.0s finished
2026-02-03 19:41:11,779 - cmab.policy - INFO - RF Updated: samples=25, MSE=0.011003
2026-02-03 19:41:11,780 - cmab.trainer - INFO - Iteration 71 : context=[2.7644522 2.7644522 2.6018374 2.6018374 1.       ] arm=batch_size=500000,header_size=32,cut_condition_type=3,fast_path_timeout=100,k=1 params={'batch_size': 500000, 'header_size': 32, 'cut_condition_type': 3, 'fast_path_timeout': 100, 'k': 1}
2026-02-03 19:41:11,780 - cmab.trainer - INFO - Iteration 71 reward=0.703548 avg_reward(20)=0.703548 last_metrics=epoch_25_slot_3020.json top_arm=batch_size=750000,header_size=32,cut_condition_type=3,fast_path_timeout=0,k=1 top_ratio=0.08
2026-02-03 19:41:11,782 - cmab.policy - INFO - ================================================================================
2026-02-03 19:40:54,117 - cmab.trainer - INFO - Applied params: {'batch_size': 500000, 'header_size': 32, 'cut_condition_type': 3, 'fast_path_timeout': 100, 'k': 1}
2026-02-03 19:40:54,118 - cmab.trainer - INFO - Waiting for next metrics file...
[Parallel(n_jobs=1)]: Done  10 out of  10 | elapsed:    0.0s finished
[Parallel(n_jobs=1)]: Done  10 out of  10 | elapsed:    0.0s finished
2026-02-03 19:41:11,779 - cmab.policy - INFO - RF Updated: samples=25, MSE=0.011003
2026-02-03 19:41:11,780 - cmab.trainer - INFO - Iteration 72 : context=[2.7644522 2.7644522 2.6018374 2.6018374 1.       ] arm=batch_size=500000,header_size=32,cut_condition_type=3,fast_path_timeout=100,k=1 params={'batch_size': 500000, 'header_size': 32, 'cut_condition_type': 3, 'fast_path_timeout': 100, 'k': 1}
2026-02-03 19:41:11,780 - cmab.trainer - INFO - Iteration 72 reward=0.703548 avg_reward(20)=0.703548 last_metrics=epoch_25_slot_3020.json top_arm=batch_size=750000,header_size=32,cut_condition_type=3,fast_path_timeout=0,k=1 top_ratio=0.08
2026-02-03 19:41:11,782 - cmab.policy - INFO - ================================================================================
2026-02-03 19:40:54,117 - cmab.trainer - INFO - Applied params: {'batch_size': 500000, 'header_size': 32, 'cut_condition_type': 3, 'fast_path_timeout': 100, 'k': 1}
2026-02-03 19:40:54,118 - cmab.trainer - INFO - Waiting for next metrics file...
[Parallel(n_jobs=1)]: Done  10 out of  10 | elapsed:    0.0s finished
[Parallel(n_jobs=1)]: Done  10 out of  10 | elapsed:    0.0s finished
2026-02-03 19:41:11,779 - cmab.policy - INFO - RF Updated: samples=25, MSE=0.011003
2026-02-03 19:41:11,780 - cmab.trainer - INFO - Iteration 73 : context=[2.7644522 2.7644522 2.6018374 2.6018374 1.       ] arm=batch_size=500000,header_size=32,cut_condition_type=3,fast_path_timeout=100,k=1 params={'batch_size': 500000, 'header_size': 32, 'cut_condition_type': 3, 'fast_path_timeout': 100, 'k': 1}
2026-02-03 19:41:11,780 - cmab.trainer - INFO - Iteration 73 reward=0.703548 avg_reward(20)=0.703548 last_metrics=epoch_25_slot_3020.json top_arm=batch_size=750000,header_size=32,cut_condition_type=3,fast_path_timeout=0,k=1 top_ratio=0.08
2026-02-03 19:41:11,782 - cmab.policy - INFO - ================================================================================
2026-02-03 19:40:54,117 - cmab.trainer - INFO - Applied params: {'batch_size': 500000, 'header_size': 32, 'cut_condition_type': 3, 'fast_path_timeout': 100, 'k': 1}
2026-02-03 19:40:54,118 - cmab.trainer - INFO - Waiting for next metrics file...
[Parallel(n_jobs=1)]: Done  10 out of  10 | elapsed:    0.0s finished
[Parallel(n_jobs=1)]: Done  10 out of  10 | elapsed:    0.0s finished
2026-02-03 19:41:11,779 - cmab.policy - INFO - RF Updated: samples=25, MSE=0.011003
2026-02-03 19:41:11,780 - cmab.trainer - INFO - Iteration 74 : context=[2.7644522 2.7644522 2.6018374 2.6018374 1.       ] arm=batch_size=500000,header_size=32,cut_condition_type=3,fast_path_timeout=100,k=1 params={'batch_size': 500000, 'header_size': 32, 'cut_condition_type': 3, 'fast_path_timeout': 100, 'k': 1}
2026-02-03 19:41:11,780 - cmab.trainer - INFO - Iteration 74 reward=0.703548 avg_reward(20)=0.703548 last_metrics=epoch_25_slot_3020.json top_arm=batch_size=750000,header_size=32,cut_condition_type=3,fast_path_timeout=0,k=1 top_ratio=0.08
2026-02-03 19:41:11,782 - cmab.policy - INFO - ================================================================================
2026-02-03 19:40:54,117 - cmab.trainer - INFO - Applied params: {'batch_size': 500000, 'header_size': 32, 'cut_condition_type': 3, 'fast_path_timeout': 100, 'k': 1}
2026-02-03 19:40:54,118 - cmab.trainer - INFO - Waiting for next metrics file...
[Parallel(n_jobs=1)]: Done  10 out of  10 | elapsed:    0.0s finished
[Parallel(n_jobs=1)]: Done  10 out of  10 | elapsed:    0.0s finished
2026-02-03 19:41:11,779 - cmab.policy - INFO - RF Updated: samples=25, MSE=0.011003
2026-02-03 19:41:11,780 - cmab.trainer - INFO - Iteration 75 : context=[2.7644522 2.7644522 2.6018374 2.6018374 1.       ] arm=batch_size=500000,header_size=32,cut_condition_type=3,fast_path_timeout=100,k=1 params={'batch_size': 500000, 'header_size': 32, 'cut_condition_type': 3, 'fast_path_timeout': 100, 'k': 1}
2026-02-03 19:41:11,780 - cmab.trainer - INFO - Iteration 75 reward=0.703548 avg_reward(20)=0.703548 last_metrics=epoch_25_slot_3020.json top_arm=batch_size=750000,header_size=32,cut_condition_type=3,fast_path_timeout=0,k=1 top_ratio=0.08
2026-02-03 19:41:11,782 - cmab.policy - INFO - ================================================================================
2026-02-03 19:40:54,117 - cmab.trainer - INFO - Applied params: {'batch_size': 500000, 'header_size': 32, 'cut_condition_type': 3, 'fast_path_timeout': 100, 'k': 1}
2026-02-03 19:40:54,118 - cmab.trainer - INFO - Waiting for next metrics file...
[Parallel(n_jobs=1)]: Done  10 out of  10 | elapsed:    0.0s finished
[Parallel(n_jobs=1)]: Done  10 out of  10 | elapsed:    0.0s finished
2026-02-03 19:41:11,779 - cmab.policy - INFO - RF Updated: samples=25, MSE=0.011003
2026-02-03 19:41:11,780 - cmab.trainer - INFO - Iteration 76 : context=[2.7644522 2.7644522 2.6018374 2.6018374 1.       ] arm=batch_size=500000,header_size=32,cut_condition_type=3,fast_path_timeout=100,k=1 params={'batch_size': 500000, 'header_size': 32, 'cut_condition_type': 3, 'fast_path_timeout': 100, 'k': 1}
2026-02-03 19:41:11,780 - cmab.trainer - INFO - Iteration 76 reward=0.703548 avg_reward(20)=0.703548 last_metrics=epoch_25_slot_3020.json top_arm=batch_size=750000,header_size=32,cut_condition_type=3,fast_path_timeout=0,k=1 top_ratio=0.08
2026-02-03 19:41:11,782 - cmab.policy - INFO - ================================================================================
2026-02-03 19:40:54,117 - cmab.trainer - INFO - Applied params: {'batch_size': 500000, 'header_size': 32, 'cut_condition_type': 3, 'fast_path_timeout': 100, 'k': 1}
2026-02-03 19:40:54,118 - cmab.trainer - INFO - Waiting for next metrics file...
[Parallel(n_jobs=1)]: Done  10 out of  10 | elapsed:    0.0s finished
[Parallel(n_jobs=1)]: Done  10 out of  10 | elapsed:    0.0s finished
2026-02-03 19:41:11,779 - cmab.policy - INFO - RF Updated: samples=25, MSE=0.011003
2026-02-03 19:41:11,780 - cmab.trainer - INFO - Iteration 77 : context=[2.7644522 2.7644522 2.6018374 2.6018374 1.       ] arm=batch_size=500000,header_size=32,cut_condition_type=3,fast_path_timeout=100,k=1 params={'batch_size': 500000, 'header_size': 32, 'cut_condition_type': 3, 'fast_path_timeout': 100, 'k': 1}
2026-02-03 19:41:11,780 - cmab.trainer - INFO - Iteration 77 reward=0.703548 avg_reward(20)=0.703548 last_metrics=epoch_25_slot_3020.json top_arm=batch_size=750000,header_size=32,cut_condition_type=3,fast_path_timeout=0,k=1 top_ratio=0.08
2026-02-03 19:41:11,782 - cmab.policy - INFO - ================================================================================
2026-02-03 19:40:54,117 - cmab.trainer - INFO - Applied params: {'batch_size': 500000, 'header_size': 32, 'cut_condition_type': 3, 'fast_path_timeout': 100, 'k': 1}
2026-02-03 19:40:54,118 - cmab.trainer - INFO - Waiting for next metrics file...
[Parallel(n_jobs=1)]: Done  10 out of  10 | elapsed:    0.0s finished
[Parallel(n_jobs=1)]: Done  10 out of  10 | elapsed:    0.0s finished
2026-02-03 19:41:11,779 - cmab.policy - INFO - RF Updated: samples=25, MSE=0.011003
2026-02-03 19:41:11,780 - cmab.trainer - INFO - Iteration 78 : context=[2.7644522 2.7644522 2.6018374 2.6018374 1.       ] arm=batch_size=500000,header_size=32,cut_condition_type=3,fast_path_timeout=100,k=1 params={'batch_size': 500000, 'header_size': 32, 'cut_condition_type': 3, 'fast_path_timeout': 100, 'k': 1}
2026-02-03 19:41:11,780 - cmab.trainer - INFO - Iteration 78 reward=0.703548 avg_reward(20)=0.703548 last_metrics=epoch_25_slot_3020.json top_arm=batch_size=750000,header_size=32,cut_condition_type=3,fast_path_timeout=0,k=1 top_ratio=0.08
2026-02-03 19:41:11,782 - cmab.policy - INFO - ================================================================================
2026-02-03 19:40:54,117 - cmab.trainer - INFO - Applied params: {'batch_size': 500000, 'header_size': 32, 'cut_condition_type': 3, 'fast_path_timeout': 100, 'k': 1}
2026-02-03 19:40:54,118 - cmab.trainer - INFO - Waiting for next metrics file...
[Parallel(n_jobs=1)]: Done  10 out of  10 | elapsed:    0.0s finished
[Parallel(n_jobs=1)]: Done  10 out of  10 | elapsed:    0.0s finished
2026-02-03 19:41:11,779 - cmab.policy - INFO - RF Updated: samples=25, MSE=0.011003
2026-02-03 19:41:11,780 - cmab.trainer - INFO - Iteration 79 : context=[2.7644522 2.7644522 2.6018374 2.6018374 1.       ] arm=batch_size=500000,header_size=32,cut_condition_type=3,fast_path_timeout=100,k=1 params={'batch_size': 500000, 'header_size': 32, 'cut_condition_type': 3, 'fast_path_timeout': 100, 'k': 1}
2026-02-03 19:41:11,780 - cmab.trainer - INFO - Iteration 79 reward=0.703548 avg_reward(20)=0.703548 last_metrics=epoch_25_slot_3020.json top_arm=batch_size=750000,header_size=32,cut_condition_type=3,fast_path_timeout=0,k=1 top_ratio=0.08
2026-02-03 19:41:11,782 - cmab.policy - INFO - ================================================================================
2026-02-03 19:40:54,117 - cmab.trainer - INFO - Applied params: {'batch_size': 500000, 'header_size': 32, 'cut_condition_type': 3, 'fast_path_timeout': 100, 'k': 1}
2026-02-03 19:40:54,118 - cmab.trainer - INFO - Waiting for next metrics file...
[Parallel(n_jobs=1)]: Done  10 out of  10 | elapsed:    0.0s finished
[Parallel(n_jobs=1)]: Done  10 out of  10 | elapsed:    0.0s finished
2026-02-03 19:41:11,779 - cmab.policy - INFO - RF Updated: samples=25, MSE=0.011003
2026-02-03 19:41:11,780 - cmab.trainer - INFO - Iteration 80 : context=[2.7644522 2.7644522 2.6018374 2.6018374 1.       ] arm=batch_size=500000,header_size=32,cut_condition_type=3,fast_path_timeout=100,k=1 params={'batch_size': 500000, 'header_size': 32, 'cut_condition_type': 3, 'fast_path_timeout': 100, 'k': 1}
2026-02-03 19:41:11,780 - cmab.trainer - INFO - Iteration 80 reward=0.703548 avg_reward(20)=0.703548 last_metrics=epoch_25_slot_3020.json top_arm=batch_size=750000,header_size=32,cut_condition_type=3,fast_path_timeout=0,k=1 top_ratio=0.08
2026-02-03 19:41:11,782 - cmab.policy - INFO - ================================================================================
